Archive member included because of file (symbol)

../..//binary/armv7a/gcc/am335x/drivers/Debug/libdrivers.a(gpio_v2.o)
                              Debug_MMCSD/bl_platform.o (GPIOModuleReset)
../..//binary/armv7a/gcc/am335x/drivers/Debug/libdrivers.a(hs_mmcsd.o)
                              Debug_MMCSD/bl_hsmmcsd.o (HSMMCSDIntrStatusEnable)
../..//binary/armv7a/gcc/am335x/drivers/Debug/libdrivers.a(hsi2c.o)
                              Debug_MMCSD/bl_platform.o (I2CMasterInitExpClk)
../..//binary/armv7a/gcc/utils/Debug/libutils.a(board.o)
                              Debug_MMCSD/bl_platform.o (boardName)
../..//binary/armv7a/gcc/utils/Debug/libutils.a(uartStdio.o)
                              Debug_MMCSD/bl_platform.o (UARTStdioInit)
../..//binary/armv7a/gcc/utils/Debug/libutils.a(ascii.o)
                              ../..//binary/armv7a/gcc/utils/Debug/libutils.a(uartStdio.o) (ASCIIToDigit)
../..//binary/armv7a/gcc/am335x/beaglebone/platform/Debug/libplatform.a(board.o)
                              ../..//binary/armv7a/gcc/utils/Debug/libutils.a(board.o) (BoardInfoCheck)
../..//binary/armv7a/gcc/am335x/beaglebone/platform/Debug/libplatform.a(eeprom.o)
                              ../..//binary/armv7a/gcc/utils/Debug/libutils.a(board.o) (BoardInfoRead)
../..//binary/armv7a/gcc/am335x/beaglebone/platform/Debug/libplatform.a(gpio.o)
                              Debug_MMCSD/bl_platform.o (GPIO0ModuleClkConfig)
../..//binary/armv7a/gcc/am335x/beaglebone/platform/Debug/libplatform.a(hs_mmcsd.o)
                              Debug_MMCSD/bl_platform.o (HSMMCSDPinMuxSetup)
../..//binary/armv7a/gcc/am335x/beaglebone/platform/Debug/libplatform.a(hsi2c.o)
                              Debug_MMCSD/bl_platform.o (I2CPinMuxSetup)
../..//binary/armv7a/gcc/am335x/beaglebone/platform/Debug/libplatform.a(uartConsole.o)
                              ../..//binary/armv7a/gcc/utils/Debug/libutils.a(uartStdio.o) (UARTConsoleInit)
../..//binary/armv7a/gcc/am335x/beaglebone/platform/Debug/libplatform.a(uart.o)
                              ../..//binary/armv7a/gcc/am335x/beaglebone/platform/Debug/libplatform.a(uartConsole.o) (UARTPinMuxSetup)
../..//binary/armv7a/gcc/mmcsdlib/Debug/libmmcsd.a(hs_mmcsdlib.o)
                              Debug_MMCSD/bl_hsmmcsd.o (HSMMCSDCardPresent)
../..//binary/armv7a/gcc/mmcsdlib/Debug/libmmcsd.a(mmcsd_proto.o)
                              Debug_MMCSD/fat_mmcsd.o (MMCSDBusWidthSet)
/opt/linaro/gcc-arm-none-eabi-4_7-2012q4/arm-none-eabi/lib//libc.a(lib_a-memcmp.o)
                              Debug_MMCSD/ff.o (memcmp)
/opt/linaro/gcc-arm-none-eabi-4_7-2012q4/arm-none-eabi/lib//libc.a(lib_a-memcpy.o)
                              Debug_MMCSD/bl_hsmmcsd.o (memcpy)
/opt/linaro/gcc-arm-none-eabi-4_7-2012q4/arm-none-eabi/lib//libc.a(lib_a-memset.o)
                              Debug_MMCSD/ff.o (memset)
/opt/linaro/gcc-arm-none-eabi-4_7-2012q4/arm-none-eabi/lib//libc.a(lib_a-strcmp.o)
                              Debug_MMCSD/bl_platform.o (strcmp)
/opt/linaro/gcc-arm-none-eabi-4_7-2012q4/lib/gcc/arm-none-eabi/4.7.3//libgcc.a(_udivsi3.o)
                              (__aeabi_uidiv)
/opt/linaro/gcc-arm-none-eabi-4_7-2012q4/lib/gcc/arm-none-eabi/4.7.3//libgcc.a(_divsi3.o)
                              (__aeabi_idiv)
/opt/linaro/gcc-arm-none-eabi-4_7-2012q4/lib/gcc/arm-none-eabi/4.7.3//libgcc.a(_dvmd_tls.o)
                              /opt/linaro/gcc-arm-none-eabi-4_7-2012q4/lib/gcc/arm-none-eabi/4.7.3//libgcc.a(_udivsi3.o) (__aeabi_idiv0)
../..//binary/armv7a/gcc/am335x/drivers/Debug/libdrivers.a(uart_irda_cir.o)
                              ../..//binary/armv7a/gcc/am335x/beaglebone/platform/Debug/libplatform.a(uartConsole.o) (UARTOperatingModeSelect)

Allocating common symbols
Common symbol       size              file

dataToSlave         0x3               Debug_MMCSD/bl_platform.o
sdCard              0x48              Debug_MMCSD/bl_hsmmcsd.o
rCount              0x4               Debug_MMCSD/bl_platform.o
boardName           0x8               ../..//binary/armv7a/gcc/utils/Debug/libutils.a(board.o)
numOfBytes          0x4               Debug_MMCSD/bl_platform.o
ctrlInfo            0x50              Debug_MMCSD/bl_hsmmcsd.o
boardData           0x4               ../..//binary/armv7a/gcc/utils/Debug/libutils.a(board.o)
tCount              0x4               Debug_MMCSD/bl_platform.o
oppMaxIdx           0x4               Debug_MMCSD/bl_platform.o
deviceVersion       0x4               Debug_MMCSD/bl_platform.o
dataFromSlave       0x2               Debug_MMCSD/bl_platform.o
boardVersion        0x5               ../..//binary/armv7a/gcc/utils/Debug/libutils.a(board.o)
freqMultDDR         0x4               Debug_MMCSD/bl_platform.o
fat_devices         0x18              Debug_MMCSD/fat_mmcsd.o

Discarded input sections

 .text          0x00000000        0x0 Debug_MMCSD/bl_copy.o
 .data          0x00000000        0x0 Debug_MMCSD/bl_copy.o
[...]
Memory Configuration

Name             Origin             Length             Attributes
IRAM_MEM         0x402f0400         0x0001fbff
*default*        0x00000000         0xffffffff

Linker script and memory map

LOAD Debug_MMCSD/bl_copy.o
LOAD Debug_MMCSD/bl_hsmmcsd.o
LOAD Debug_MMCSD/bl_init.o
LOAD Debug_MMCSD/bl_main.o
LOAD Debug_MMCSD/bl_platform.o
LOAD Debug_MMCSD/cache.o
LOAD Debug_MMCSD/cp15.o
LOAD Debug_MMCSD/device.o
LOAD Debug_MMCSD/fat_mmcsd.o
LOAD Debug_MMCSD/ff.o
LOAD Debug_MMCSD/mmu.o
                0x402f0400                BOOT_START_ADDR = 0x402f0400

.rsthand        0x402f0400       0x80
                0x402f0400                . = ALIGN (0x4)
 *bl_init.o(.text)
 .text          0x402f0400       0x80 Debug_MMCSD/bl_init.o
                0x402f0400                Entry

.text           0x402f0480     0xb088
                0x402f0480                . = ALIGN (0x4)
 *(.text*)
 .text.ImageCopy
                0x402f0480       0x18 Debug_MMCSD/bl_copy.o
                0x402f0480                ImageCopy
 .text.MMCSDBootCopy
                0x402f0498       0x38 Debug_MMCSD/bl_copy.o
 .text.HSMMCSDCmdStatusGet
                0x402f04d0       0xfc Debug_MMCSD/bl_hsmmcsd.o
 .text.HSMMCSDXferStatusGet
                0x402f05cc      0x324 Debug_MMCSD/bl_hsmmcsd.o
 .text.HSMMCSDXferSetup
                0x402f08f0      0x150 Debug_MMCSD/bl_hsmmcsd.o
 .text.HSMMCSDStatusGet
                0x402f0a40       0xb4 Debug_MMCSD/bl_hsmmcsd.o
 .text.HSMMCSDControllerSetup
                0x402f0af4      0x190 Debug_MMCSD/bl_hsmmcsd.o
 .text.HSMMCSDFsMount
                0x402f0c84       0x60 Debug_MMCSD/bl_hsmmcsd.o
                0x402f0c84                HSMMCSDFsMount
 .text.HSMMCSDImageCopy
                0x402f0ce4      0x1fc Debug_MMCSD/bl_hsmmcsd.o
                0x402f0ce4                HSMMCSDImageCopy
 .text.HSMMCSDInit
                0x402f0ee0       0x98 Debug_MMCSD/bl_hsmmcsd.o
                0x402f0ee0                HSMMCSDInit
 .text.main     0x402f0f78       0xcc Debug_MMCSD/bl_main.o
                0x402f0f78                main
 .text.BootMaxOppGet
                0x402f1044      0x12c Debug_MMCSD/bl_platform.o
                0x402f1044                BootMaxOppGet
 .text.CorePLLInit
                0x402f1170      0x174 Debug_MMCSD/bl_platform.o
                0x402f1170                CorePLLInit
 .text.DisplayPLLInit
                0x402f12e4      0x134 Debug_MMCSD/bl_platform.o
                0x402f12e4                DisplayPLLInit
 .text.PerPLLInit
                0x402f1418      0x130 Debug_MMCSD/bl_platform.o
                0x402f1418                PerPLLInit
 .text.DDRPLLInit
                0x402f1548      0x140 Debug_MMCSD/bl_platform.o
                0x402f1548                DDRPLLInit
 .text.MPUPLLInit
                0x402f1688      0x140 Debug_MMCSD/bl_platform.o
                0x402f1688                MPUPLLInit
 .text.InterfaceClkInit
                0x402f17c8      0x164 Debug_MMCSD/bl_platform.o
                0x402f17c8                InterfaceClkInit
 .text.PowerDomainTransitionInit
                0x402f192c       0xa0 Debug_MMCSD/bl_platform.o
                0x402f192c                PowerDomainTransitionInit
 .text.PLLInit  0x402f19cc       0x8c Debug_MMCSD/bl_platform.o
                0x402f19cc                PLLInit
 .text.SetupI2C
                0x402f1a58       0xc8 Debug_MMCSD/bl_platform.o
                0x402f1a58                SetupI2C
 .text.CleanupInterrupts
                0x402f1b20       0x24 Debug_MMCSD/bl_platform.o
                0x402f1b20                CleanupInterrupts
 .text.SetupI2CTransmit
                0x402f1b44      0x188 Debug_MMCSD/bl_platform.o
                0x402f1b44                SetupI2CTransmit
 .text.SetupReception
                0x402f1ccc      0x278 Debug_MMCSD/bl_platform.o
                0x402f1ccc                SetupReception
 .text.TPS65217RegRead
                0x402f1f44       0x68 Debug_MMCSD/bl_platform.o
                0x402f1f44                TPS65217RegRead
 .text.TPS65217RegWrite
                0x402f1fac      0x1f4 Debug_MMCSD/bl_platform.o
                0x402f1fac                TPS65217RegWrite
 .text.TPS65217VoltageUpdate
                0x402f21a0       0x64 Debug_MMCSD/bl_platform.o
                0x402f21a0                TPS65217VoltageUpdate
 .text.SetVdd1OpVoltage
                0x402f2204       0x34 Debug_MMCSD/bl_platform.o
                0x402f2204                SetVdd1OpVoltage
 .text.ConfigVddOpVoltage
                0x402f2238      0x11c Debug_MMCSD/bl_platform.o
                0x402f2238                ConfigVddOpVoltage
 .text.DDR2PhyInit
                0x402f2354      0x1f4 Debug_MMCSD/bl_platform.o
 .text.DDR3PhyInit
                0x402f2548      0x164 Debug_MMCSD/bl_platform.o
 .text.DDR3Init
                0x402f26ac      0x22c Debug_MMCSD/bl_platform.o
                0x402f26ac                DDR3Init
 .text.DDR2Init
                0x402f28d8      0x27c Debug_MMCSD/bl_platform.o
                0x402f28d8                DDR2Init
 .text.EMIFInit
                0x402f2b54       0x94 Debug_MMCSD/bl_platform.o
                0x402f2b54                EMIFInit
 .text.BlPlatformMMCSDSetup
                0x402f2be8       0x24 Debug_MMCSD/bl_platform.o
                0x402f2be8                BlPlatformMMCSDSetup
 .text.UARTSetup
                0x402f2c0c       0x50 Debug_MMCSD/bl_platform.o
                0x402f2c0c                UARTSetup
 .text.BlPlatformConfig
                0x402f2c5c      0x1c4 Debug_MMCSD/bl_platform.o
                0x402f2c5c                BlPlatformConfig
 .text.DDRVTTEnable
                0x402f2e20       0x8c Debug_MMCSD/bl_platform.o
 .text.BlPlatformConfigPostBoot
                0x402f2eac       0x14 Debug_MMCSD/bl_platform.o
                0x402f2eac                BlPlatformConfigPostBoot
 .text.BlPlatformMMCSDImageCopy
                0x402f2ec0       0x2c Debug_MMCSD/bl_platform.o
                0x402f2ec0                BlPlatformMMCSDImageCopy
 .text.CacheDataCleanBuff
                0x402f2eec       0x30 Debug_MMCSD/cache.o
                0x402f2eec                CacheDataCleanBuff
 .text.CacheDataInvalidateBuff
                0x402f2f1c       0x30 Debug_MMCSD/cache.o
                0x402f2f1c                CacheDataInvalidateBuff
 .text          0x402f2f4c      0x488 Debug_MMCSD/cp15.o
                0x402f2f4c                CP15ICacheDisable
                0x402f2f68                CP15DCacheDisable
                0x402f2f84                CP15ICacheEnable
                0x402f2f94                CP15DCacheEnable
                0x402f2fa4                CP15DCacheFlush
                0x402f3038                CP15DCacheClean
                0x402f30cc                CP15DCacheCleanFlush
                0x402f3160                CP15ICacheFlush
                0x402f3170                CP15DCacheCleanBuff
                0x402f31c4                CP15DCacheCleanFlushBuff
                0x402f3218                CP15DCacheFlushBuff
                0x402f327c                CP15ICacheFlushBuff
                0x402f32d0                CP15Ttb0Set
                0x402f32dc                CP15TlbInvalidate
                0x402f32e8                CP15MMUDisable
                0x402f3300                CP15MMUEnable
                0x402f3314                CP15VectorBaseAddrSet
                0x402f3320                CP15BranchPredictorInvalidate
                0x402f332c                CP15BranchPredictionEnable
                0x402f333c                CP15BranchPredictionDisable
                0x402f334c                CP15DomainAccessClientSet
                0x402f335c                CP15ControlFeatureDisable
                0x402f3370                CP15ControlFeatureEnable
                0x402f3384                CP15TtbCtlTtb0Config
                0x402f3394                CP15AuxControlFeatureEnable
                0x402f33a8                CP15AuxControlFeatureDisable
                0x402f33bc                CP15MainIdPrimPartNumGet
 .text.DeviceVersionGet
                0x402f33d4       0x34 Debug_MMCSD/device.o
                0x402f33d4                DeviceVersionGet
 .text.SysConfigOppDataGet
                0x402f3408       0x2c Debug_MMCSD/device.o
                0x402f3408                SysConfigOppDataGet
 .text.disk_initialize
                0x402f3434      0x158 Debug_MMCSD/fat_mmcsd.o
                0x402f3434                disk_initialize
 .text.disk_status
                0x402f358c       0x28 Debug_MMCSD/fat_mmcsd.o
                0x402f358c                disk_status
 .text.disk_read
                0x402f35b4       0x9c Debug_MMCSD/fat_mmcsd.o
                0x402f35b4                disk_read
 .text.disk_write
                0x402f3650       0x9c Debug_MMCSD/fat_mmcsd.o
                0x402f3650                disk_write
 .text.disk_ioctl
                0x402f36ec       0x34 Debug_MMCSD/fat_mmcsd.o
                0x402f36ec                disk_ioctl
 .text.get_fattime
                0x402f3720       0x20 Debug_MMCSD/fat_mmcsd.o
                0x402f3720                get_fattime
 .text.move_window
                0x402f3740      0x17c Debug_MMCSD/ff.o
 .text.sync     0x402f38bc       0x88 Debug_MMCSD/ff.o
 .text.get_cluster
                0x402f3944      0x354 Debug_MMCSD/ff.o
 .text.put_cluster
                0x402f3c98      0x3dc Debug_MMCSD/ff.o
 .text.remove_chain
                0x402f4074       0xcc Debug_MMCSD/ff.o
 .text.create_chain
                0x402f4140      0x1f0 Debug_MMCSD/ff.o
 .text.clust2sect
                0x402f4330       0x6c Debug_MMCSD/ff.o
 .text.next_dir_entry
                0x402f439c      0x134 Debug_MMCSD/ff.o
 .text.make_dirfile
                0x402f44d0      0x30c Debug_MMCSD/ff.o
 .text.trace_path
                0x402f47dc      0x318 Debug_MMCSD/ff.o
 .text.reserve_direntry
                0x402f4af4      0x280 Debug_MMCSD/ff.o
 .text.check_fs
                0x402f4d74      0x128 Debug_MMCSD/ff.o
 .text.auto_mount
                0x402f4e9c      0x618 Debug_MMCSD/ff.o
 .text.validate
                0x402f54b4       0x80 Debug_MMCSD/ff.o
 .text.f_mount  0x402f5534       0xac Debug_MMCSD/ff.o
                0x402f5534                f_mount
 .text.f_open   0x402f55e0      0x5b8 Debug_MMCSD/ff.o
                0x402f55e0                f_open
 .text.f_read   0x402f5b98      0x454 Debug_MMCSD/ff.o
                0x402f5b98                f_read
 .text.f_sync   0x402f5fec      0x2d8 Debug_MMCSD/ff.o
                0x402f5fec                f_sync
 .text.f_close  0x402f62c4       0x50 Debug_MMCSD/ff.o
                0x402f62c4                f_close
 .text.GPIOModuleReset
                0x402f6314       0x54 ../..//binary/armv7a/gcc/am335x/drivers/Debug/libdrivers.a(gpio_v2.o)
                0x402f6314                GPIOModuleReset
 .text.GPIOModuleEnable
                0x402f6368       0x38 ../..//binary/armv7a/gcc/am335x/drivers/Debug/libdrivers.a(gpio_v2.o)
                0x402f6368                GPIOModuleEnable
 .text.GPIODirModeSet
                0x402f63a0       0x88 ../..//binary/armv7a/gcc/am335x/drivers/Debug/libdrivers.a(gpio_v2.o)
                0x402f63a0                GPIODirModeSet
 .text.GPIOPinWrite
                0x402f6428       0x64 ../..//binary/armv7a/gcc/am335x/drivers/Debug/libdrivers.a(gpio_v2.o)
                0x402f6428                GPIOPinWrite
 .text.HSMMCSDSoftReset
                0x402f648c       0xa0 ../..//binary/armv7a/gcc/am335x/drivers/Debug/libdrivers.a(hs_mmcsd.o)
                0x402f648c                HSMMCSDSoftReset
 .text.HSMMCSDLinesReset
                0x402f652c       0xb0 ../..//binary/armv7a/gcc/am335x/drivers/Debug/libdrivers.a(hs_mmcsd.o)
                0x402f652c                HSMMCSDLinesReset
 .text.HSMMCSDSystemConfig
                0x402f65dc       0x64 ../..//binary/armv7a/gcc/am335x/drivers/Debug/libdrivers.a(hs_mmcsd.o)
                0x402f65dc                HSMMCSDSystemConfig
 .text.HSMMCSDBusWidthSet
                0x402f6640       0xf0 ../..//binary/armv7a/gcc/am335x/drivers/Debug/libdrivers.a(hs_mmcsd.o)
                0x402f6640                HSMMCSDBusWidthSet
 .text.HSMMCSDBusVoltSet
                0x402f6730       0x5c ../..//binary/armv7a/gcc/am335x/drivers/Debug/libdrivers.a(hs_mmcsd.o)
                0x402f6730                HSMMCSDBusVoltSet
 .text.HSMMCSDBusPower
                0x402f678c       0xbc ../..//binary/armv7a/gcc/am335x/drivers/Debug/libdrivers.a(hs_mmcsd.o)
                0x402f678c                HSMMCSDBusPower
 .text.HSMMCSDIntClock
                0x402f6848       0x7c ../..//binary/armv7a/gcc/am335x/drivers/Debug/libdrivers.a(hs_mmcsd.o)
                0x402f6848                HSMMCSDIntClock
 .text.HSMMCSDIsIntClockStable
                0x402f68c4       0x88 ../..//binary/armv7a/gcc/am335x/drivers/Debug/libdrivers.a(hs_mmcsd.o)
                0x402f68c4                HSMMCSDIsIntClockStable
 .text.HSMMCSDSupportedVoltSet
                0x402f694c       0x5c ../..//binary/armv7a/gcc/am335x/drivers/Debug/libdrivers.a(hs_mmcsd.o)
                0x402f694c                HSMMCSDSupportedVoltSet
 .text.HSMMCSDDataTimeoutSet
                0x402f69a8       0x5c ../..//binary/armv7a/gcc/am335x/drivers/Debug/libdrivers.a(hs_mmcsd.o)
                0x402f69a8                HSMMCSDDataTimeoutSet
 .text.HSMMCSDBusFreqSet
                0x402f6a04      0x194 ../..//binary/armv7a/gcc/am335x/drivers/Debug/libdrivers.a(hs_mmcsd.o)
                0x402f6a04                HSMMCSDBusFreqSet
 .text.HSMMCSDInitStreamSend
                0x402f6b98       0xa8 ../..//binary/armv7a/gcc/am335x/drivers/Debug/libdrivers.a(hs_mmcsd.o)
                0x402f6b98                HSMMCSDInitStreamSend
 .text.HSMMCSDIntrStatusEnable
                0x402f6c40       0x40 ../..//binary/armv7a/gcc/am335x/drivers/Debug/libdrivers.a(hs_mmcsd.o)
                0x402f6c40                HSMMCSDIntrStatusEnable
 .text.HSMMCSDIntrStatusDisable
                0x402f6c80       0x44 ../..//binary/armv7a/gcc/am335x/drivers/Debug/libdrivers.a(hs_mmcsd.o)
                0x402f6c80                HSMMCSDIntrStatusDisable
 .text.HSMMCSDIntrEnable
                0x402f6cc4       0x50 ../..//binary/armv7a/gcc/am335x/drivers/Debug/libdrivers.a(hs_mmcsd.o)
                0x402f6cc4                HSMMCSDIntrEnable
 .text.HSMMCSDIntrStatusGet
                0x402f6d14       0x38 ../..//binary/armv7a/gcc/am335x/drivers/Debug/libdrivers.a(hs_mmcsd.o)
                0x402f6d14                HSMMCSDIntrStatusGet
 .text.HSMMCSDIntrStatusClear
                0x402f6d4c       0x30 ../..//binary/armv7a/gcc/am335x/drivers/Debug/libdrivers.a(hs_mmcsd.o)
                0x402f6d4c                HSMMCSDIntrStatusClear
 .text.HSMMCSDIsCmdComplete
                0x402f6d7c       0x84 ../..//binary/armv7a/gcc/am335x/drivers/Debug/libdrivers.a(hs_mmcsd.o)
                0x402f6d7c                HSMMCSDIsCmdComplete
 .text.HSMMCSDBlkLenSet
                0x402f6e00       0x64 ../..//binary/armv7a/gcc/am335x/drivers/Debug/libdrivers.a(hs_mmcsd.o)
                0x402f6e00                HSMMCSDBlkLenSet
 .text.HSMMCSDCommandSend
                0x402f6e64       0xc4 ../..//binary/armv7a/gcc/am335x/drivers/Debug/libdrivers.a(hs_mmcsd.o)
                0x402f6e64                HSMMCSDCommandSend
 .text.HSMMCSDResponseGet
                0x402f6f28       0x70 ../..//binary/armv7a/gcc/am335x/drivers/Debug/libdrivers.a(hs_mmcsd.o)
                0x402f6f28                HSMMCSDResponseGet
 .text.HSMMCSDIsCardInserted
                0x402f6f98       0x34 ../..//binary/armv7a/gcc/am335x/drivers/Debug/libdrivers.a(hs_mmcsd.o)
                0x402f6f98                HSMMCSDIsCardInserted
 .text.I2CMasterInitExpClk
                0x402f6fcc       0xa4 ../..//binary/armv7a/gcc/am335x/drivers/Debug/libdrivers.a(hsi2c.o)
                0x402f6fcc                I2CMasterInitExpClk
 .text.I2CMasterEnable
                0x402f7070       0x38 ../..//binary/armv7a/gcc/am335x/drivers/Debug/libdrivers.a(hsi2c.o)
                0x402f7070                I2CMasterEnable
 .text.I2CMasterDisable
                0x402f70a8       0x38 ../..//binary/armv7a/gcc/am335x/drivers/Debug/libdrivers.a(hsi2c.o)
                0x402f70a8                I2CMasterDisable
 .text.I2CMasterBusBusy
                0x402f70e0       0x50 ../..//binary/armv7a/gcc/am335x/drivers/Debug/libdrivers.a(hsi2c.o)
                0x402f70e0                I2CMasterBusBusy
 .text.I2CMasterControl
                0x402f7130       0x34 ../..//binary/armv7a/gcc/am335x/drivers/Debug/libdrivers.a(hsi2c.o)
                0x402f7130                I2CMasterControl
 .text.I2CMasterStart
                0x402f7164       0x38 ../..//binary/armv7a/gcc/am335x/drivers/Debug/libdrivers.a(hsi2c.o)
                0x402f7164                I2CMasterStart
 .text.I2CMasterStop
                0x402f719c       0x38 ../..//binary/armv7a/gcc/am335x/drivers/Debug/libdrivers.a(hsi2c.o)
                0x402f719c                I2CMasterStop
 .text.I2CMasterIntDisableEx
                0x402f71d4       0x30 ../..//binary/armv7a/gcc/am335x/drivers/Debug/libdrivers.a(hsi2c.o)
                0x402f71d4                I2CMasterIntDisableEx
 .text.I2CMasterIntRawStatus
                0x402f7204       0x2c ../..//binary/armv7a/gcc/am335x/drivers/Debug/libdrivers.a(hsi2c.o)
                0x402f7204                I2CMasterIntRawStatus
 .text.I2CMasterIntRawStatusEx
                0x402f7230       0x38 ../..//binary/armv7a/gcc/am335x/drivers/Debug/libdrivers.a(hsi2c.o)
                0x402f7230                I2CMasterIntRawStatusEx
 .text.I2CMasterIntClearEx
                0x402f7268       0x30 ../..//binary/armv7a/gcc/am335x/drivers/Debug/libdrivers.a(hsi2c.o)
                0x402f7268                I2CMasterIntClearEx
 .text.I2CMasterSlaveAddrSet
                0x402f7298       0x30 ../..//binary/armv7a/gcc/am335x/drivers/Debug/libdrivers.a(hsi2c.o)
                0x402f7298                I2CMasterSlaveAddrSet
 .text.I2CSetDataCount
                0x402f72c8       0x30 ../..//binary/armv7a/gcc/am335x/drivers/Debug/libdrivers.a(hsi2c.o)
                0x402f72c8                I2CSetDataCount
 .text.I2CSoftReset
                0x402f72f8       0x38 ../..//binary/armv7a/gcc/am335x/drivers/Debug/libdrivers.a(hsi2c.o)
                0x402f72f8                I2CSoftReset
 .text.I2CAutoIdleDisable
                0x402f7330       0x38 ../..//binary/armv7a/gcc/am335x/drivers/Debug/libdrivers.a(hsi2c.o)
                0x402f7330                I2CAutoIdleDisable
 .text.I2CSystemStatusGet
                0x402f7368       0x30 ../..//binary/armv7a/gcc/am335x/drivers/Debug/libdrivers.a(hsi2c.o)
                0x402f7368                I2CSystemStatusGet
 .text.I2CMasterDataPut
                0x402f7398       0x34 ../..//binary/armv7a/gcc/am335x/drivers/Debug/libdrivers.a(hsi2c.o)
                0x402f7398                I2CMasterDataPut
 .text.I2CMasterDataGet
                0x402f73cc       0x34 ../..//binary/armv7a/gcc/am335x/drivers/Debug/libdrivers.a(hsi2c.o)
                0x402f73cc                I2CMasterDataGet
 .text.BoardInfoInit
                0x402f7400      0x154 ../..//binary/armv7a/gcc/utils/Debug/libutils.a(board.o)
                0x402f7400                BoardInfoInit
 .text.UARTStdioInit
                0x402f7554       0x18 ../..//binary/armv7a/gcc/utils/Debug/libutils.a(uartStdio.o)
                0x402f7554                UARTStdioInit
 .text.UARTPuts
                0x402f756c       0xec ../..//binary/armv7a/gcc/utils/Debug/libutils.a(uartStdio.o)
                0x402f756c                UARTPuts
 .text.UARTPutc
                0x402f7658       0x30 ../..//binary/armv7a/gcc/utils/Debug/libutils.a(uartStdio.o)
                0x402f7658                UARTPutc
 .text.BoardInfoCheck
                0x402f7688      0x12c ../..//binary/armv7a/gcc/am335x/beaglebone/platform/Debug/libplatform.a(board.o)
                0x402f7688                BoardInfoCheck
 .text.EEPROMI2CSetUp
                0x402f77b4       0xec ../..//binary/armv7a/gcc/am335x/beaglebone/platform/Debug/libplatform.a(eeprom.o)
                0x402f77b4                EEPROMI2CSetUp
 .text.EEPROMI2CRead
                0x402f78a0      0x294 ../..//binary/armv7a/gcc/am335x/beaglebone/platform/Debug/libplatform.a(eeprom.o)
                0x402f78a0                EEPROMI2CRead
 .text.StatusClear
                0x402f7b34       0x24 ../..//binary/armv7a/gcc/am335x/beaglebone/platform/Debug/libplatform.a(eeprom.o)
 .text.I2C0PinMux
                0x402f7b58       0x34 ../..//binary/armv7a/gcc/am335x/beaglebone/platform/Debug/libplatform.a(eeprom.o)
 .text.BoardInfoRead
                0x402f7b8c       0x40 ../..//binary/armv7a/gcc/am335x/beaglebone/platform/Debug/libplatform.a(eeprom.o)
                0x402f7b8c                BoardInfoRead
 .text.GPIO0ModuleClkConfig
                0x402f7bcc      0x148 ../..//binary/armv7a/gcc/am335x/beaglebone/platform/Debug/libplatform.a(gpio.o)
                0x402f7bcc                GPIO0ModuleClkConfig
 .text.GpioPinMuxSetup
                0x402f7d14       0x34 ../..//binary/armv7a/gcc/am335x/beaglebone/platform/Debug/libplatform.a(gpio.o)
                0x402f7d14                GpioPinMuxSetup
 .text.HSMMCSDPinMuxSetup
                0x402f7d48       0x84 ../..//binary/armv7a/gcc/am335x/beaglebone/platform/Debug/libplatform.a(hs_mmcsd.o)
                0x402f7d48                HSMMCSDPinMuxSetup
 .text.HSMMCSDModuleClkConfig
                0x402f7dcc       0x4c ../..//binary/armv7a/gcc/am335x/beaglebone/platform/Debug/libplatform.a(hs_mmcsd.o)
                0x402f7dcc                HSMMCSDModuleClkConfig
 .text.I2CPinMuxSetup
                0x402f7e18       0x78 ../..//binary/armv7a/gcc/am335x/beaglebone/platform/Debug/libplatform.a(hsi2c.o)
                0x402f7e18                I2CPinMuxSetup
 .text.I2C0ModuleClkConfig
                0x402f7e90      0x35c ../..//binary/armv7a/gcc/am335x/beaglebone/platform/Debug/libplatform.a(hsi2c.o)
                0x402f7e90                I2C0ModuleClkConfig
 .text.UARTStdioInitExpClk
                0x402f81ec       0xd0 ../..//binary/armv7a/gcc/am335x/beaglebone/platform/Debug/libplatform.a(uartConsole.o)
 .text.UartFIFOConfigure
                0x402f82bc       0x64 ../..//binary/armv7a/gcc/am335x/beaglebone/platform/Debug/libplatform.a(uartConsole.o)
 .text.UartBaudRateSet
                0x402f8320       0x5c ../..//binary/armv7a/gcc/am335x/beaglebone/platform/Debug/libplatform.a(uartConsole.o)
 .text.UARTConsoleInit
                0x402f837c       0x44 ../..//binary/armv7a/gcc/am335x/beaglebone/platform/Debug/libplatform.a(uartConsole.o)
                0x402f837c                UARTConsoleInit
 .text.UARTConsolePutc
                0x402f83c0       0x38 ../..//binary/armv7a/gcc/am335x/beaglebone/platform/Debug/libplatform.a(uartConsole.o)
                0x402f83c0                UARTConsolePutc
 .text.UARTPinMuxSetup
                0x402f83f8       0x48 ../..//binary/armv7a/gcc/am335x/beaglebone/platform/Debug/libplatform.a(uart.o)
                0x402f83f8                UARTPinMuxSetup
 .text.UART0ModuleClkConfig
                0x402f8440      0x35c ../..//binary/armv7a/gcc/am335x/beaglebone/platform/Debug/libplatform.a(uart.o)
                0x402f8440                UART0ModuleClkConfig
 .text.HSMMCSDCardPresent
                0x402f879c       0x38 ../..//binary/armv7a/gcc/mmcsdlib/Debug/libmmcsd.a(hs_mmcsdlib.o)
                0x402f879c                HSMMCSDCardPresent
 .text.HSMMCSDIntEnable
                0x402f87d4       0x3c ../..//binary/armv7a/gcc/mmcsdlib/Debug/libmmcsd.a(hs_mmcsdlib.o)
                0x402f87d4                HSMMCSDIntEnable
 .text.HSMMCSDControllerInit
                0x402f8810      0x1c4 ../..//binary/armv7a/gcc/mmcsdlib/Debug/libmmcsd.a(hs_mmcsdlib.o)
                0x402f8810                HSMMCSDControllerInit
 .text.HSMMCSDCmdSend
                0x402f89d4      0x258 ../..//binary/armv7a/gcc/mmcsdlib/Debug/libmmcsd.a(hs_mmcsdlib.o)
                0x402f89d4                HSMMCSDCmdSend
 .text.HSMMCSDBusWidthConfig
                0x402f8c2c       0x64 ../..//binary/armv7a/gcc/mmcsdlib/Debug/libmmcsd.a(hs_mmcsdlib.o)
                0x402f8c2c                HSMMCSDBusWidthConfig
 .text.HSMMCSDBusFreqConfig
                0x402f8c90       0x50 ../..//binary/armv7a/gcc/mmcsdlib/Debug/libmmcsd.a(hs_mmcsdlib.o)
                0x402f8c90                HSMMCSDBusFreqConfig
 .text.MMCSDCmdSend
                0x402f8ce0       0x38 ../..//binary/armv7a/gcc/mmcsdlib/Debug/libmmcsd.a(mmcsd_proto.o)
                0x402f8ce0                MMCSDCmdSend
 .text.MMCSDAppCmdSend
                0x402f8d18       0x98 ../..//binary/armv7a/gcc/mmcsdlib/Debug/libmmcsd.a(mmcsd_proto.o)
                0x402f8d18                MMCSDAppCmdSend
 .text.MMCSDBusWidthSet
                0x402f8db0       0xe8 ../..//binary/armv7a/gcc/mmcsdlib/Debug/libmmcsd.a(mmcsd_proto.o)
                0x402f8db0                MMCSDBusWidthSet
 .text.MMCSDTranSpeedSet
                0x402f8e98      0x1ac ../..//binary/armv7a/gcc/mmcsdlib/Debug/libmmcsd.a(mmcsd_proto.o)
                0x402f8e98                MMCSDTranSpeedSet
 .text.MMCSDCardReset
                0x402f9044       0x5c ../..//binary/armv7a/gcc/mmcsdlib/Debug/libmmcsd.a(mmcsd_proto.o)
                0x402f9044                MMCSDCardReset
 .text.MMCSDStopCmdSend
                0x402f90a0       0x6c ../..//binary/armv7a/gcc/mmcsdlib/Debug/libmmcsd.a(mmcsd_proto.o)
                0x402f90a0                MMCSDStopCmdSend
 .text.MMCSDCardTypeCheck
                0x402f910c       0x54 ../..//binary/armv7a/gcc/mmcsdlib/Debug/libmmcsd.a(mmcsd_proto.o)
                0x402f910c                MMCSDCardTypeCheck
 .text.MMCSDCtrlInit
                0x402f9160       0x30 ../..//binary/armv7a/gcc/mmcsdlib/Debug/libmmcsd.a(mmcsd_proto.o)
                0x402f9160                MMCSDCtrlInit
 .text.MMCSDCardPresent
                0x402f9190       0x30 ../..//binary/armv7a/gcc/mmcsdlib/Debug/libmmcsd.a(mmcsd_proto.o)
                0x402f9190                MMCSDCardPresent
 .text.MMCSDIntEnable
                0x402f91c0       0x2c ../..//binary/armv7a/gcc/mmcsdlib/Debug/libmmcsd.a(mmcsd_proto.o)
                0x402f91c0                MMCSDIntEnable
 .text.MMCSDCardInit
                0x402f91ec      0x784 ../..//binary/armv7a/gcc/mmcsdlib/Debug/libmmcsd.a(mmcsd_proto.o)
                0x402f91ec                MMCSDCardInit
 .text.MMCSDWriteCmdSend
                0x402f9970      0x184 ../..//binary/armv7a/gcc/mmcsdlib/Debug/libmmcsd.a(mmcsd_proto.o)
                0x402f9970                MMCSDWriteCmdSend
 .text.MMCSDReadCmdSend
                0x402f9af4      0x184 ../..//binary/armv7a/gcc/mmcsdlib/Debug/libmmcsd.a(mmcsd_proto.o)
                0x402f9af4                MMCSDReadCmdSend
 .text.memcmp   0x402f9c78       0xb4 /opt/linaro/gcc-arm-none-eabi-4_7-2012q4/arm-none-eabi/lib//libc.a(lib_a-memcmp.o)
                0x402f9c78                memcmp
 .text.memcpy   0x402f9d2c       0xf4 /opt/linaro/gcc-arm-none-eabi-4_7-2012q4/arm-none-eabi/lib//libc.a(lib_a-memcpy.o)
                0x402f9d2c                memcpy
 .text.memset   0x402f9e20       0xf8 /opt/linaro/gcc-arm-none-eabi-4_7-2012q4/arm-none-eabi/lib//libc.a(lib_a-memset.o)
                0x402f9e20                memset
 .text.strcmp   0x402f9f18       0x94 /opt/linaro/gcc-arm-none-eabi-4_7-2012q4/arm-none-eabi/lib//libc.a(lib_a-strcmp.o)
                0x402f9f18                strcmp
 .text.strcmp_unaligned
                0x402f9fac      0x19c /opt/linaro/gcc-arm-none-eabi-4_7-2012q4/arm-none-eabi/lib//libc.a(lib_a-strcmp.o)
 .text          0x402fa148      0x114 /opt/linaro/gcc-arm-none-eabi-4_7-2012q4/lib/gcc/arm-none-eabi/4.7.3//libgcc.a(_udivsi3.o)
                0x402fa148                __udivsi3
                0x402fa148                __aeabi_uidiv
                0x402fa23c                __aeabi_uidivmod
 .text          0x402fa25c      0x148 /opt/linaro/gcc-arm-none-eabi-4_7-2012q4/lib/gcc/arm-none-eabi/4.7.3//libgcc.a(_divsi3.o)
                0x402fa25c                __aeabi_idiv
                0x402fa25c                __divsi3
                0x402fa384                __aeabi_idivmod
 .text          0x402fa3a4        0x4 /opt/linaro/gcc-arm-none-eabi-4_7-2012q4/lib/gcc/arm-none-eabi/4.7.3//libgcc.a(_dvmd_tls.o)
                0x402fa3a4                __aeabi_ldiv0
                0x402fa3a4                __aeabi_idiv0
 .text.UARTOperatingModeSelect
                0x402fa3a8       0x84 ../..//binary/armv7a/gcc/am335x/drivers/Debug/libdrivers.a(uart_irda_cir.o)
                0x402fa3a8                UARTOperatingModeSelect
 .text.UARTDivisorValCompute
                0x402fa42c      0x104 ../..//binary/armv7a/gcc/am335x/drivers/Debug/libdrivers.a(uart_irda_cir.o)
                0x402fa42c                UARTDivisorValCompute
 .text.UARTDivisorLatchWrite
                0x402fa530      0x210 ../..//binary/armv7a/gcc/am335x/drivers/Debug/libdrivers.a(uart_irda_cir.o)
                0x402fa530                UARTDivisorLatchWrite
 .text.UARTDivisorLatchDisable
                0x402fa740       0x38 ../..//binary/armv7a/gcc/am335x/drivers/Debug/libdrivers.a(uart_irda_cir.o)
                0x402fa740                UARTDivisorLatchDisable
 .text.UARTRegConfigModeEnable
                0x402fa778       0x9c ../..//binary/armv7a/gcc/am335x/drivers/Debug/libdrivers.a(uart_irda_cir.o)
                0x402fa778                UARTRegConfigModeEnable
 .text.UARTBreakCtl
                0x402fa814       0x60 ../..//binary/armv7a/gcc/am335x/drivers/Debug/libdrivers.a(uart_irda_cir.o)
                0x402fa814                UARTBreakCtl
 .text.UARTLineCharacConfig
                0x402fa874       0xa4 ../..//binary/armv7a/gcc/am335x/drivers/Debug/libdrivers.a(uart_irda_cir.o)
                0x402fa874                UARTLineCharacConfig
 .text.UARTFIFOConfig
                0x402fa918      0x480 ../..//binary/armv7a/gcc/am335x/drivers/Debug/libdrivers.a(uart_irda_cir.o)
                0x402fa918                UARTFIFOConfig
 .text.UARTFIFORegisterWrite
                0x402fad98       0xc0 ../..//binary/armv7a/gcc/am335x/drivers/Debug/libdrivers.a(uart_irda_cir.o)
                0x402fad98                UARTFIFORegisterWrite
 .text.UARTEnhanFuncEnable
                0x402fae58       0x88 ../..//binary/armv7a/gcc/am335x/drivers/Debug/libdrivers.a(uart_irda_cir.o)
                0x402fae58                UARTEnhanFuncEnable
 .text.UARTEnhanFuncBitValRestore
                0x402faee0       0x8c ../..//binary/armv7a/gcc/am335x/drivers/Debug/libdrivers.a(uart_irda_cir.o)
                0x402faee0                UARTEnhanFuncBitValRestore
 .text.UARTSubConfigTCRTLRModeEn
                0x402faf6c      0x124 ../..//binary/armv7a/gcc/am335x/drivers/Debug/libdrivers.a(uart_irda_cir.o)
                0x402faf6c                UARTSubConfigTCRTLRModeEn
 .text.UARTTCRTLRBitValRestore
                0x402fb090      0x128 ../..//binary/armv7a/gcc/am335x/drivers/Debug/libdrivers.a(uart_irda_cir.o)
                0x402fb090                UARTTCRTLRBitValRestore
 .text.UARTCharPut
                0x402fb1b8       0x78 ../..//binary/armv7a/gcc/am335x/drivers/Debug/libdrivers.a(uart_irda_cir.o)
                0x402fb1b8                UARTCharPut
 .text.UARTModuleReset
                0x402fb230       0x54 ../..//binary/armv7a/gcc/am335x/drivers/Debug/libdrivers.a(uart_irda_cir.o)
                0x402fb230                UARTModuleReset
 *(.rodata*)
 .rodata        0x402fb284      0x174 Debug_MMCSD/bl_hsmmcsd.o
 .rodata        0x402fb3f8       0x4c Debug_MMCSD/bl_main.o
 .rodata        0x402fb444       0x10 Debug_MMCSD/bl_platform.o
 .rodata        0x402fb454       0x18 Debug_MMCSD/fat_mmcsd.o
 .rodata        0x402fb46c        0xc Debug_MMCSD/ff.o
 .rodata        0x402fb478       0x30 ../..//binary/armv7a/gcc/am335x/beaglebone/platform/Debug/libplatform.a(board.o)
 .rodata        0x402fb4a8       0x60 ../..//binary/armv7a/gcc/mmcsdlib/Debug/libmmcsd.a(hs_mmcsdlib.o)

.glue_7         0x402fb508        0x0
 .glue_7        0x00000000        0x0 linker stubs

.glue_7t        0x402fb508        0x0
 .glue_7t       0x00000000        0x0 linker stubs

.vfp11_veneer   0x402fb508        0x0
 .vfp11_veneer  0x00000000        0x0 linker stubs

.v4_bx          0x402fb508        0x0
 .v4_bx         0x00000000        0x0 linker stubs

.iplt           0x402fb508        0x0
 .iplt          0x00000000        0x0 Debug_MMCSD/bl_copy.o

.rel.dyn        0x402fb508        0x0
 .rel.iplt      0x00000000        0x0 Debug_MMCSD/bl_copy.o

.data           0x402fb508       0x58
                0x402fb508                . = ALIGN (0x4)
 *(.data*)
 .data.deviceType
                0x402fb508        0x4 Debug_MMCSD/bl_platform.o
                0x402fb508                deviceType
 .data.oppTable
                0x402fb50c       0x50 Debug_MMCSD/bl_platform.o
                0x402fb50c                oppTable
 .data.boardId  0x402fb55c        0x4 ../..//binary/armv7a/gcc/utils/Debug/libutils.a(board.o)
                0x402fb55c                boardId

.igot.plt       0x402fb560        0x0
 .igot.plt      0x00000000        0x0 Debug_MMCSD/bl_copy.o

.bss            0x402fb580      0x879
                0x402fb580                . = ALIGN (0x4)
                0x402fb580                _bss_start = .
 *(.bss*)
 .bss.xferPend  0x402fb580        0x4 Debug_MMCSD/bl_hsmmcsd.o
                0x402fb580                xferPend
 .bss.cmdCompFlag
                0x402fb584        0x4 Debug_MMCSD/bl_hsmmcsd.o
                0x402fb584                cmdCompFlag
 .bss.cmdTimeout
                0x402fb588        0x4 Debug_MMCSD/bl_hsmmcsd.o
                0x402fb588                cmdTimeout
 .bss.errFlag   0x402fb58c        0x4 Debug_MMCSD/bl_hsmmcsd.o
                0x402fb58c                errFlag
 .bss.hsmmcsd_dataLen
                0x402fb590        0x4 Debug_MMCSD/bl_hsmmcsd.o
                0x402fb590                hsmmcsd_dataLen
 .bss.hsmmcsd_buffer
                0x402fb594        0x4 Debug_MMCSD/bl_hsmmcsd.o
                0x402fb594                hsmmcsd_buffer
 *fill*         0x402fb598        0x8 00
 .bss.g_cTmpBuf
                0x402fb5a0      0x200 Debug_MMCSD/bl_hsmmcsd.o
 .bss.g_sFatFs  0x402fb7a0      0x240 Debug_MMCSD/bl_hsmmcsd.o
 .bss.g_sFileObject
                0x402fb9e0      0x248 Debug_MMCSD/bl_hsmmcsd.o
 .bss.appEntry  0x402fbc28        0x4 Debug_MMCSD/bl_main.o
 .bss.entryPoint
                0x402fbc2c        0x4 Debug_MMCSD/bl_main.o
                0x402fbc2c                entryPoint
 .bss.isBBB     0x402fbc30        0x1 Debug_MMCSD/bl_platform.o
                0x402fbc30                isBBB
 *fill*         0x402fbc31        0x3 00
 .bss.FatFs     0x402fbc34        0x8 Debug_MMCSD/ff.o
 .bss.fsid      0x402fbc3c        0x2 Debug_MMCSD/ff.o
 *fill*         0x402fbc3e       0x42 00
 .bss.dataBuffer
                0x402fbc80       0x80 ../..//binary/armv7a/gcc/mmcsdlib/Debug/libmmcsd.a(mmcsd_proto.o)
 *(COMMON)
 COMMON         0x402fbd00       0xb0 Debug_MMCSD/bl_hsmmcsd.o
                0x402fbd00                sdCard
                0x402fbd60                ctrlInfo
 COMMON         0x402fbdb0       0x20 Debug_MMCSD/bl_platform.o
                0x402fbdb0                dataToSlave
                0x402fbdb4                rCount
                0x402fbdb8                numOfBytes
                0x402fbdbc                tCount
                0x402fbdc0                oppMaxIdx
                0x402fbdc4                deviceVersion
                0x402fbdc8                dataFromSlave
                0x402fbdcc                freqMultDDR
 COMMON         0x402fbdd0       0x18 Debug_MMCSD/fat_mmcsd.o
                0x402fbdd0                fat_devices
 COMMON         0x402fbde8       0x11 ../..//binary/armv7a/gcc/utils/Debug/libutils.a(board.o)
                0x402fbde8                boardName
                0x402fbdf0                boardData
                0x402fbdf4                boardVersion
                0x402fbdf9                _bss_end = .

.heap           0x402fbdf9      0x803
                0x402fbdfc                . = ALIGN (0x4)
 *fill*         0x402fbdf9        0x3 00
                0x402fbdfc                __end__ = .
                0x402fbdfc                end = __end__
                0x402fbdfc                __HeapBase = __end__
 *(.heap*)
                0x402fc5fc                . = (. + 0x800)
 *fill*         0x402fbdfc      0x800 00
                0x402fc5fc                __HeapLimit = .

.stack          0x402fc5fc      0x804
                0x402fc600                . = ALIGN (0x100)
 *fill*         0x402fc5fc        0x4 00
                0x402fc600                __StackLimit = .
 *(.stack*)
                0x402fce00                . = (. + 0x800)
 *fill*         0x402fc600      0x800 00
                0x402fce00                __StackTop = .
                0x402fce00                _stack = __StackTop
LOAD ../..//binary/armv7a/gcc/am335x/drivers/Debug/libdrivers.a
LOAD ../..//binary/armv7a/gcc/utils/Debug/libutils.a
LOAD ../..//binary/armv7a/gcc/am335x/beaglebone/platform/Debug/libplatform.a
LOAD ../..//binary/armv7a/gcc/mmcsdlib/Debug/libmmcsd.a
LOAD /opt/linaro/gcc-arm-none-eabi-4_7-2012q4/arm-none-eabi/lib//libc.a
LOAD /opt/linaro/gcc-arm-none-eabi-4_7-2012q4/lib/gcc/arm-none-eabi/4.7.3//libgcc.a
LOAD ../..//binary/armv7a/gcc/am335x/drivers/Debug/libdrivers.a
LOAD ../..//binary/armv7a/gcc/utils/Debug/libutils.a
LOAD ../..//binary/armv7a/gcc/am335x/beaglebone/platform/Debug/libplatform.a
LOAD ../..//binary/armv7a/gcc/mmcsdlib/Debug/libmmcsd.a
LOAD /opt/linaro/gcc-arm-none-eabi-4_7-2012q4/arm-none-eabi/lib//libc.a
LOAD /opt/linaro/gcc-arm-none-eabi-4_7-2012q4/lib/gcc/arm-none-eabi/4.7.3//libgcc.a
OUTPUT(Debug_MMCSD/boot.out elf32-littlearm)

.debug_info     0x00000000     0x7b3e
 .debug_info    0x00000000       0x7d Debug_MMCSD/bl_copy.o
 .debug_info    0x0000007d      0xa69 Debug_MMCSD/bl_hsmmcsd.o
 .debug_info    0x00000ae6       0x89 Debug_MMCSD/bl_init.o
 .debug_info    0x00000b6f       0xcb Debug_MMCSD/bl_main.o
 .debug_info    0x00000c3a      0x66e Debug_MMCSD/bl_platform.o
 .debug_info    0x000012a8      0x1b3 Debug_MMCSD/cache.o
 .debug_info    0x0000145b       0x91 Debug_MMCSD/cp15.o
 .debug_info    0x000014ec       0x7f Debug_MMCSD/device.o
 .debug_info    0x0000156b      0x764 Debug_MMCSD/fat_mmcsd.o
 .debug_info    0x00001ccf     0x1414 Debug_MMCSD/ff.o
 .debug_info    0x000030e3      0x7b3 ../..//binary/armv7a/gcc/am335x/drivers/Debug/libdrivers.a(gpio_v2.o)
 .debug_info    0x00003896      0x7fb ../..//binary/armv7a/gcc/am335x/drivers/Debug/libdrivers.a(hs_mmcsd.o)
 .debug_info    0x00004091      0xa6d ../..//binary/armv7a/gcc/am335x/drivers/Debug/libdrivers.a(hsi2c.o)
 .debug_info    0x00004afe      0x1bc ../..//binary/armv7a/gcc/utils/Debug/libutils.a(board.o)
 .debug_info    0x00004cba      0x69a ../..//binary/armv7a/gcc/utils/Debug/libutils.a(uartStdio.o)
 .debug_info    0x00005354       0xbb ../..//binary/armv7a/gcc/am335x/beaglebone/platform/Debug/libplatform.a(board.o)
 .debug_info    0x0000540f      0x117 ../..//binary/armv7a/gcc/am335x/beaglebone/platform/Debug/libplatform.a(eeprom.o)
 .debug_info    0x00005526       0xdd ../..//binary/armv7a/gcc/am335x/beaglebone/platform/Debug/libplatform.a(gpio.o)
 .debug_info    0x00005603       0x64 ../..//binary/armv7a/gcc/am335x/beaglebone/platform/Debug/libplatform.a(hs_mmcsd.o)
 .debug_info    0x00005667       0x94 ../..//binary/armv7a/gcc/am335x/beaglebone/platform/Debug/libplatform.a(hsi2c.o)
 .debug_info    0x000056fb      0x156 ../..//binary/armv7a/gcc/am335x/beaglebone/platform/Debug/libplatform.a(uartConsole.o)
 .debug_info    0x00005851       0x7e ../..//binary/armv7a/gcc/am335x/beaglebone/platform/Debug/libplatform.a(uart.o)
 .debug_info    0x000058cf      0x56e ../..//binary/armv7a/gcc/mmcsdlib/Debug/libmmcsd.a(hs_mmcsdlib.o)
 .debug_info    0x00005e3d      0x856 ../..//binary/armv7a/gcc/mmcsdlib/Debug/libmmcsd.a(mmcsd_proto.o)
 .debug_info    0x00006693     0x14ab ../..//binary/armv7a/gcc/am335x/drivers/Debug/libdrivers.a(uart_irda_cir.o)

.debug_abbrev   0x00000000     0x1667
 .debug_abbrev  0x00000000       0x60 Debug_MMCSD/bl_copy.o
 .debug_abbrev  0x00000060      0x21e Debug_MMCSD/bl_hsmmcsd.o
 .debug_abbrev  0x0000027e       0x14 Debug_MMCSD/bl_init.o
 .debug_abbrev  0x00000292       0xa4 Debug_MMCSD/bl_main.o
 .debug_abbrev  0x00000336      0x182 Debug_MMCSD/bl_platform.o
 .debug_abbrev  0x000004b8       0x7a Debug_MMCSD/cache.o
 .debug_abbrev  0x00000532       0x14 Debug_MMCSD/cp15.o
 .debug_abbrev  0x00000546       0x66 Debug_MMCSD/device.o
 .debug_abbrev  0x000005ac      0x171 Debug_MMCSD/fat_mmcsd.o
 .debug_abbrev  0x0000071d      0x1df Debug_MMCSD/ff.o
 .debug_abbrev  0x000008fc      0x124 ../..//binary/armv7a/gcc/am335x/drivers/Debug/libdrivers.a(gpio_v2.o)
 .debug_abbrev  0x00000a20      0x1a0 ../..//binary/armv7a/gcc/am335x/drivers/Debug/libdrivers.a(hs_mmcsd.o)
 .debug_abbrev  0x00000bc0      0x14d ../..//binary/armv7a/gcc/am335x/drivers/Debug/libdrivers.a(hsi2c.o)
 .debug_abbrev  0x00000d0d       0xbd ../..//binary/armv7a/gcc/utils/Debug/libutils.a(board.o)
 .debug_abbrev  0x00000dca      0x186 ../..//binary/armv7a/gcc/utils/Debug/libutils.a(uartStdio.o)
 .debug_abbrev  0x00000f50       0x5e ../..//binary/armv7a/gcc/am335x/beaglebone/platform/Debug/libplatform.a(board.o)
 .debug_abbrev  0x00000fae       0xa6 ../..//binary/armv7a/gcc/am335x/beaglebone/platform/Debug/libplatform.a(eeprom.o)
 .debug_abbrev  0x00001054       0x7a ../..//binary/armv7a/gcc/am335x/beaglebone/platform/Debug/libplatform.a(gpio.o)
 .debug_abbrev  0x000010ce       0x39 ../..//binary/armv7a/gcc/am335x/beaglebone/platform/Debug/libplatform.a(hs_mmcsd.o)
 .debug_abbrev  0x00001107       0x62 ../..//binary/armv7a/gcc/am335x/beaglebone/platform/Debug/libplatform.a(hsi2c.o)
 .debug_abbrev  0x00001169       0xa3 ../..//binary/armv7a/gcc/am335x/beaglebone/platform/Debug/libplatform.a(uartConsole.o)
 .debug_abbrev  0x0000120c       0x62 ../..//binary/armv7a/gcc/am335x/beaglebone/platform/Debug/libplatform.a(uart.o)
 .debug_abbrev  0x0000126e      0x13e ../..//binary/armv7a/gcc/mmcsdlib/Debug/libmmcsd.a(hs_mmcsdlib.o)
 .debug_abbrev  0x000013ac      0x16d ../..//binary/armv7a/gcc/mmcsdlib/Debug/libmmcsd.a(mmcsd_proto.o)
 .debug_abbrev  0x00001519      0x14e ../..//binary/armv7a/gcc/am335x/drivers/Debug/libdrivers.a(uart_irda_cir.o)

.debug_loc      0x00000000     0x3814
 .debug_loc     0x00000000       0x58 Debug_MMCSD/bl_copy.o
 .debug_loc     0x00000058      0x160 Debug_MMCSD/bl_hsmmcsd.o
 .debug_loc     0x000001b8       0x58 Debug_MMCSD/bl_main.o
 .debug_loc     0x00000210      0x4fc Debug_MMCSD/bl_platform.o
 .debug_loc     0x0000070c      0x1b8 Debug_MMCSD/cache.o
 .debug_loc     0x000008c4       0x58 Debug_MMCSD/device.o
 .debug_loc     0x0000091c      0x108 Debug_MMCSD/fat_mmcsd.o
 .debug_loc     0x00000a24      0x528 Debug_MMCSD/ff.o
 .debug_loc     0x00000f4c      0x4fc ../..//binary/armv7a/gcc/am335x/drivers/Debug/libdrivers.a(gpio_v2.o)
 .debug_loc     0x00001448      0x4d0 ../..//binary/armv7a/gcc/am335x/drivers/Debug/libdrivers.a(hs_mmcsd.o)
 .debug_loc     0x00001918      0x7bc ../..//binary/armv7a/gcc/am335x/drivers/Debug/libdrivers.a(hsi2c.o)
 .debug_loc     0x000020d4       0xb0 ../..//binary/armv7a/gcc/utils/Debug/libutils.a(board.o)
 .debug_loc     0x00002184      0x274 ../..//binary/armv7a/gcc/utils/Debug/libutils.a(uartStdio.o)
 .debug_loc     0x000023f8       0x2c ../..//binary/armv7a/gcc/am335x/beaglebone/platform/Debug/libplatform.a(board.o)
 .debug_loc     0x00002424       0xdc ../..//binary/armv7a/gcc/am335x/beaglebone/platform/Debug/libplatform.a(eeprom.o)
 .debug_loc     0x00002500       0xdc ../..//binary/armv7a/gcc/am335x/beaglebone/platform/Debug/libplatform.a(gpio.o)
 .debug_loc     0x000025dc       0x58 ../..//binary/armv7a/gcc/am335x/beaglebone/platform/Debug/libplatform.a(hs_mmcsd.o)
 .debug_loc     0x00002634       0x84 ../..//binary/armv7a/gcc/am335x/beaglebone/platform/Debug/libplatform.a(hsi2c.o)
 .debug_loc     0x000026b8      0x108 ../..//binary/armv7a/gcc/am335x/beaglebone/platform/Debug/libplatform.a(uartConsole.o)
 .debug_loc     0x000027c0       0x58 ../..//binary/armv7a/gcc/am335x/beaglebone/platform/Debug/libplatform.a(uart.o)
 .debug_loc     0x00002818      0x108 ../..//binary/armv7a/gcc/mmcsdlib/Debug/libmmcsd.a(hs_mmcsdlib.o)
 .debug_loc     0x00002920      0x23c ../..//binary/armv7a/gcc/mmcsdlib/Debug/libmmcsd.a(mmcsd_proto.o)
 .debug_loc     0x00002b5c      0xcb8 ../..//binary/armv7a/gcc/am335x/drivers/Debug/libdrivers.a(uart_irda_cir.o)

.debug_aranges  0x00000000      0xc98
 .debug_aranges
                0x00000000       0x28 Debug_MMCSD/bl_copy.o
 .debug_aranges
                0x00000028       0x58 Debug_MMCSD/bl_hsmmcsd.o
 .debug_aranges
                0x00000080       0x20 Debug_MMCSD/bl_init.o
 .debug_aranges
                0x000000a0       0x28 Debug_MMCSD/bl_main.o
 .debug_aranges
                0x000000c8      0x100 Debug_MMCSD/bl_platform.o
 .debug_aranges
                0x000001c8       0x68 Debug_MMCSD/cache.o
 .debug_aranges
                0x00000230       0x20 Debug_MMCSD/cp15.o
 .debug_aranges
                0x00000250       0x28 Debug_MMCSD/device.o
 .debug_aranges
                0x00000278       0x48 Debug_MMCSD/fat_mmcsd.o
 .debug_aranges
                0x000002c0      0x108 Debug_MMCSD/ff.o
 .debug_aranges
                0x000003c8      0x100 ../..//binary/armv7a/gcc/am335x/drivers/Debug/libdrivers.a(gpio_v2.o)
 .debug_aranges
                0x000004c8       0xf8 ../..//binary/armv7a/gcc/am335x/drivers/Debug/libdrivers.a(hs_mmcsd.o)
 .debug_aranges
                0x000005c0      0x180 ../..//binary/armv7a/gcc/am335x/drivers/Debug/libdrivers.a(hsi2c.o)
 .debug_aranges
                0x00000740       0x38 ../..//binary/armv7a/gcc/utils/Debug/libutils.a(board.o)
 .debug_aranges
                0x00000778       0x88 ../..//binary/armv7a/gcc/utils/Debug/libutils.a(uartStdio.o)
 .debug_aranges
                0x00000800       0x20 ../..//binary/armv7a/gcc/am335x/beaglebone/platform/Debug/libplatform.a(board.o)
 .debug_aranges
                0x00000820       0x40 ../..//binary/armv7a/gcc/am335x/beaglebone/platform/Debug/libplatform.a(eeprom.o)
 .debug_aranges
                0x00000860       0x40 ../..//binary/armv7a/gcc/am335x/beaglebone/platform/Debug/libplatform.a(gpio.o)
 .debug_aranges
                0x000008a0       0x28 ../..//binary/armv7a/gcc/am335x/beaglebone/platform/Debug/libplatform.a(hs_mmcsd.o)
 .debug_aranges
                0x000008c8       0x30 ../..//binary/armv7a/gcc/am335x/beaglebone/platform/Debug/libplatform.a(hsi2c.o)
 .debug_aranges
                0x000008f8       0x48 ../..//binary/armv7a/gcc/am335x/beaglebone/platform/Debug/libplatform.a(uartConsole.o)
 .debug_aranges
                0x00000940       0x28 ../..//binary/armv7a/gcc/am335x/beaglebone/platform/Debug/libplatform.a(uart.o)
 .debug_aranges
                0x00000968       0x48 ../..//binary/armv7a/gcc/mmcsdlib/Debug/libmmcsd.a(hs_mmcsdlib.o)
 .debug_aranges
                0x000009b0       0x80 ../..//binary/armv7a/gcc/mmcsdlib/Debug/libmmcsd.a(mmcsd_proto.o)
 .debug_aranges
                0x00000a30      0x268 ../..//binary/armv7a/gcc/am335x/drivers/Debug/libdrivers.a(uart_irda_cir.o)

.debug_ranges   0x00000000      0xae8
 .debug_ranges  0x00000000       0x18 Debug_MMCSD/bl_copy.o
 .debug_ranges  0x00000018       0x48 Debug_MMCSD/bl_hsmmcsd.o
 .debug_ranges  0x00000060       0x18 Debug_MMCSD/bl_main.o
 .debug_ranges  0x00000078       0xf0 Debug_MMCSD/bl_platform.o
 .debug_ranges  0x00000168       0x58 Debug_MMCSD/cache.o
 .debug_ranges  0x000001c0       0x18 Debug_MMCSD/device.o
 .debug_ranges  0x000001d8       0x38 Debug_MMCSD/fat_mmcsd.o
 .debug_ranges  0x00000210       0xf8 Debug_MMCSD/ff.o
 .debug_ranges  0x00000308       0xf0 ../..//binary/armv7a/gcc/am335x/drivers/Debug/libdrivers.a(gpio_v2.o)
 .debug_ranges  0x000003f8       0xe8 ../..//binary/armv7a/gcc/am335x/drivers/Debug/libdrivers.a(hs_mmcsd.o)
 .debug_ranges  0x000004e0      0x170 ../..//binary/armv7a/gcc/am335x/drivers/Debug/libdrivers.a(hsi2c.o)
 .debug_ranges  0x00000650       0x28 ../..//binary/armv7a/gcc/utils/Debug/libutils.a(board.o)
 .debug_ranges  0x00000678       0x78 ../..//binary/armv7a/gcc/utils/Debug/libutils.a(uartStdio.o)
 .debug_ranges  0x000006f0       0x10 ../..//binary/armv7a/gcc/am335x/beaglebone/platform/Debug/libplatform.a(board.o)
 .debug_ranges  0x00000700       0x30 ../..//binary/armv7a/gcc/am335x/beaglebone/platform/Debug/libplatform.a(eeprom.o)
 .debug_ranges  0x00000730       0x30 ../..//binary/armv7a/gcc/am335x/beaglebone/platform/Debug/libplatform.a(gpio.o)
 .debug_ranges  0x00000760       0x18 ../..//binary/armv7a/gcc/am335x/beaglebone/platform/Debug/libplatform.a(hs_mmcsd.o)
 .debug_ranges  0x00000778       0x20 ../..//binary/armv7a/gcc/am335x/beaglebone/platform/Debug/libplatform.a(hsi2c.o)
 .debug_ranges  0x00000798       0x38 ../..//binary/armv7a/gcc/am335x/beaglebone/platform/Debug/libplatform.a(uartConsole.o)
 .debug_ranges  0x000007d0       0x18 ../..//binary/armv7a/gcc/am335x/beaglebone/platform/Debug/libplatform.a(uart.o)
 .debug_ranges  0x000007e8       0x38 ../..//binary/armv7a/gcc/mmcsdlib/Debug/libmmcsd.a(hs_mmcsdlib.o)
 .debug_ranges  0x00000820       0x70 ../..//binary/armv7a/gcc/mmcsdlib/Debug/libmmcsd.a(mmcsd_proto.o)
 .debug_ranges  0x00000890      0x258 ../..//binary/armv7a/gcc/am335x/drivers/Debug/libdrivers.a(uart_irda_cir.o)

.debug_line     0x00000000     0x3953
 .debug_line    0x00000000       0x68 Debug_MMCSD/bl_copy.o
 .debug_line    0x00000068      0x22e Debug_MMCSD/bl_hsmmcsd.o
 .debug_line    0x00000296       0x74 Debug_MMCSD/bl_init.o
 .debug_line    0x0000030a       0x6f Debug_MMCSD/bl_main.o
 .debug_line    0x00000379      0x547 Debug_MMCSD/bl_platform.o
 .debug_line    0x000008c0      0x104 Debug_MMCSD/cache.o
 .debug_line    0x000009c4      0x181 Debug_MMCSD/cp15.o
 .debug_line    0x00000b45       0x6f Debug_MMCSD/device.o
 .debug_line    0x00000bb4      0x13f Debug_MMCSD/fat_mmcsd.o
 .debug_line    0x00000cf3      0xa23 Debug_MMCSD/ff.o
 .debug_line    0x00001716      0x2ea ../..//binary/armv7a/gcc/am335x/drivers/Debug/libdrivers.a(gpio_v2.o)
 .debug_line    0x00001a00      0x324 ../..//binary/armv7a/gcc/am335x/drivers/Debug/libdrivers.a(hs_mmcsd.o)
 .debug_line    0x00001d24      0x3db ../..//binary/armv7a/gcc/am335x/drivers/Debug/libdrivers.a(hsi2c.o)
 .debug_line    0x000020ff       0xc0 ../..//binary/armv7a/gcc/utils/Debug/libutils.a(board.o)
 .debug_line    0x000021bf      0x628 ../..//binary/armv7a/gcc/utils/Debug/libutils.a(uartStdio.o)
 .debug_line    0x000027e7       0x5b ../..//binary/armv7a/gcc/am335x/beaglebone/platform/Debug/libplatform.a(board.o)
 .debug_line    0x00002842       0xe9 ../..//binary/armv7a/gcc/am335x/beaglebone/platform/Debug/libplatform.a(eeprom.o)
 .debug_line    0x0000292b      0x12b ../..//binary/armv7a/gcc/am335x/beaglebone/platform/Debug/libplatform.a(gpio.o)
 .debug_line    0x00002a56       0x6c ../..//binary/armv7a/gcc/am335x/beaglebone/platform/Debug/libplatform.a(hs_mmcsd.o)
 .debug_line    0x00002ac2      0x1d0 ../..//binary/armv7a/gcc/am335x/beaglebone/platform/Debug/libplatform.a(hsi2c.o)
 .debug_line    0x00002c92       0xbb ../..//binary/armv7a/gcc/am335x/beaglebone/platform/Debug/libplatform.a(uartConsole.o)
 .debug_line    0x00002d4d      0x153 ../..//binary/armv7a/gcc/am335x/beaglebone/platform/Debug/libplatform.a(uart.o)
 .debug_line    0x00002ea0      0x129 ../..//binary/armv7a/gcc/mmcsdlib/Debug/libmmcsd.a(hs_mmcsdlib.o)
 .debug_line    0x00002fc9      0x253 ../..//binary/armv7a/gcc/mmcsdlib/Debug/libmmcsd.a(mmcsd_proto.o)
 .debug_line    0x0000321c      0x737 ../..//binary/armv7a/gcc/am335x/drivers/Debug/libdrivers.a(uart_irda_cir.o)

.debug_str      0x00000000     0x284c
 .debug_str     0x00000000       0xd7 Debug_MMCSD/bl_copy.o
                                 0xee (size before relaxing)
 .debug_str     0x000000d7      0x536 Debug_MMCSD/bl_hsmmcsd.o
                                0x663 (size before relaxing)
 .debug_str     0x0000060d       0x4b Debug_MMCSD/bl_main.o
                                0x101 (size before relaxing)
 .debug_str     0x00000658      0x300 Debug_MMCSD/bl_platform.o
                                0x43c (size before relaxing)
 .debug_str     0x00000958      0x11b Debug_MMCSD/cache.o
                                0x1b3 (size before relaxing)
 .debug_str     0x00000a73       0x51 Debug_MMCSD/device.o
                                0x105 (size before relaxing)
 .debug_str     0x00000ac4       0xd2 Debug_MMCSD/fat_mmcsd.o
                                0x3de (size before relaxing)
 .debug_str     0x00000b96      0x298 Debug_MMCSD/ff.o
                                0x5ff (size before relaxing)
 .debug_str     0x00000e2e      0x33e ../..//binary/armv7a/gcc/am335x/drivers/Debug/libdrivers.a(gpio_v2.o)
                                0x3b3 (size before relaxing)
 .debug_str     0x0000116c      0x2f1 ../..//binary/armv7a/gcc/am335x/drivers/Debug/libdrivers.a(hs_mmcsd.o)
                                0x3c6 (size before relaxing)
 .debug_str     0x0000145d      0x41a ../..//binary/armv7a/gcc/am335x/drivers/Debug/libdrivers.a(hsi2c.o)
                                0x4ef (size before relaxing)
 .debug_str     0x00001877       0xda ../..//binary/armv7a/gcc/utils/Debug/libutils.a(board.o)
                                0x15e (size before relaxing)
 .debug_str     0x00001951      0x1c7 ../..//binary/armv7a/gcc/utils/Debug/libutils.a(uartStdio.o)
                                0x29a (size before relaxing)
 .debug_str     0x00001b18       0x70 ../..//binary/armv7a/gcc/am335x/beaglebone/platform/Debug/libplatform.a(board.o)
                                0x153 (size before relaxing)
 .debug_str     0x00001b88       0x67 ../..//binary/armv7a/gcc/am335x/beaglebone/platform/Debug/libplatform.a(eeprom.o)
                                0x138 (size before relaxing)
 .debug_str     0x00001bef       0x96 ../..//binary/armv7a/gcc/am335x/beaglebone/platform/Debug/libplatform.a(gpio.o)
                                0x143 (size before relaxing)
 .debug_str     0x00001c85       0x45 ../..//binary/armv7a/gcc/am335x/beaglebone/platform/Debug/libplatform.a(hs_mmcsd.o)
                                 0xe9 (size before relaxing)
 .debug_str     0x00001cca       0x58 ../..//binary/armv7a/gcc/am335x/beaglebone/platform/Debug/libplatform.a(hsi2c.o)
                                0x105 (size before relaxing)
 .debug_str     0x00001d22       0xbd ../..//binary/armv7a/gcc/am335x/beaglebone/platform/Debug/libplatform.a(uartConsole.o)
                                0x16f (size before relaxing)
 .debug_str     0x00001ddf       0x48 ../..//binary/armv7a/gcc/am335x/beaglebone/platform/Debug/libplatform.a(uart.o)
                                 0xf5 (size before relaxing)
 .debug_str     0x00001e27       0xfc ../..//binary/armv7a/gcc/mmcsdlib/Debug/libmmcsd.a(hs_mmcsdlib.o)
                                0x348 (size before relaxing)
 .debug_str     0x00001f23       0xd9 ../..//binary/armv7a/gcc/mmcsdlib/Debug/libmmcsd.a(mmcsd_proto.o)
                                0x3af (size before relaxing)
 .debug_str     0x00001ffc      0x850 ../..//binary/armv7a/gcc/am335x/drivers/Debug/libdrivers.a(uart_irda_cir.o)
                                0x953 (size before relaxing)

.comment        0x00000000       0x70
 .comment       0x00000000       0x70 Debug_MMCSD/bl_copy.o
                                 0x71 (size before relaxing)
 .comment       0x00000000       0x71 Debug_MMCSD/bl_hsmmcsd.o
 .comment       0x00000000       0x71 Debug_MMCSD/bl_main.o
 .comment       0x00000000       0x71 Debug_MMCSD/bl_platform.o
 .comment       0x00000000       0x71 Debug_MMCSD/cache.o
 .comment       0x00000000       0x71 Debug_MMCSD/device.o
 .comment       0x00000000       0x71 Debug_MMCSD/fat_mmcsd.o
 .comment       0x00000000       0x71 Debug_MMCSD/ff.o
 .comment       0x00000000       0x71 ../..//binary/armv7a/gcc/am335x/drivers/Debug/libdrivers.a(gpio_v2.o)
 .comment       0x00000000       0x71 ../..//binary/armv7a/gcc/am335x/drivers/Debug/libdrivers.a(hs_mmcsd.o)
 .comment       0x00000000       0x71 ../..//binary/armv7a/gcc/am335x/drivers/Debug/libdrivers.a(hsi2c.o)
 .comment       0x00000000       0x71 ../..//binary/armv7a/gcc/utils/Debug/libutils.a(board.o)
 .comment       0x00000000       0x71 ../..//binary/armv7a/gcc/utils/Debug/libutils.a(uartStdio.o)
 .comment       0x00000000       0x71 ../..//binary/armv7a/gcc/am335x/beaglebone/platform/Debug/libplatform.a(board.o)
 .comment       0x00000000       0x71 ../..//binary/armv7a/gcc/am335x/beaglebone/platform/Debug/libplatform.a(eeprom.o)
 .comment       0x00000000       0x71 ../..//binary/armv7a/gcc/am335x/beaglebone/platform/Debug/libplatform.a(gpio.o)
 .comment       0x00000000       0x71 ../..//binary/armv7a/gcc/am335x/beaglebone/platform/Debug/libplatform.a(hs_mmcsd.o)
 .comment       0x00000000       0x71 ../..//binary/armv7a/gcc/am335x/beaglebone/platform/Debug/libplatform.a(hsi2c.o)
 .comment       0x00000000       0x71 ../..//binary/armv7a/gcc/am335x/beaglebone/platform/Debug/libplatform.a(uartConsole.o)
 .comment       0x00000000       0x71 ../..//binary/armv7a/gcc/am335x/beaglebone/platform/Debug/libplatform.a(uart.o)
 .comment       0x00000000       0x71 ../..//binary/armv7a/gcc/mmcsdlib/Debug/libmmcsd.a(hs_mmcsdlib.o)
 .comment       0x00000000       0x71 ../..//binary/armv7a/gcc/mmcsdlib/Debug/libmmcsd.a(mmcsd_proto.o)
 .comment       0x00000000       0x71 ../..//binary/armv7a/gcc/am335x/drivers/Debug/libdrivers.a(uart_irda_cir.o)

.ARM.attributes
                0x00000000       0x35
 .ARM.attributes
                0x00000000       0x37 Debug_MMCSD/bl_copy.o
 .ARM.attributes
                0x00000037       0x37 Debug_MMCSD/bl_hsmmcsd.o
 .ARM.attributes
                0x0000006e       0x1f Debug_MMCSD/bl_init.o
 .ARM.attributes
                0x0000008d       0x37 Debug_MMCSD/bl_main.o
 .ARM.attributes
                0x000000c4       0x37 Debug_MMCSD/bl_platform.o
 .ARM.attributes
                0x000000fb       0x37 Debug_MMCSD/cache.o
 .ARM.attributes
                0x00000132       0x1f Debug_MMCSD/cp15.o
 .ARM.attributes
                0x00000151       0x37 Debug_MMCSD/device.o
 .ARM.attributes
                0x00000188       0x37 Debug_MMCSD/fat_mmcsd.o
 .ARM.attributes
                0x000001bf       0x37 Debug_MMCSD/ff.o
 .ARM.attributes
                0x000001f6       0x37 ../..//binary/armv7a/gcc/am335x/drivers/Debug/libdrivers.a(gpio_v2.o)
 .ARM.attributes
                0x0000022d       0x37 ../..//binary/armv7a/gcc/am335x/drivers/Debug/libdrivers.a(hs_mmcsd.o)
 .ARM.attributes
                0x00000264       0x37 ../..//binary/armv7a/gcc/am335x/drivers/Debug/libdrivers.a(hsi2c.o)
 .ARM.attributes
                0x0000029b       0x37 ../..//binary/armv7a/gcc/utils/Debug/libutils.a(board.o)
 .ARM.attributes
                0x000002d2       0x37 ../..//binary/armv7a/gcc/utils/Debug/libutils.a(uartStdio.o)
 .ARM.attributes
                0x00000309       0x37 ../..//binary/armv7a/gcc/am335x/beaglebone/platform/Debug/libplatform.a(board.o)
 .ARM.attributes
                0x00000340       0x37 ../..//binary/armv7a/gcc/am335x/beaglebone/platform/Debug/libplatform.a(eeprom.o)
 .ARM.attributes
                0x00000377       0x37 ../..//binary/armv7a/gcc/am335x/beaglebone/platform/Debug/libplatform.a(gpio.o)
 .ARM.attributes
                0x000003ae       0x37 ../..//binary/armv7a/gcc/am335x/beaglebone/platform/Debug/libplatform.a(hs_mmcsd.o)
 .ARM.attributes
                0x000003e5       0x37 ../..//binary/armv7a/gcc/am335x/beaglebone/platform/Debug/libplatform.a(hsi2c.o)
 .ARM.attributes
                0x0000041c       0x37 ../..//binary/armv7a/gcc/am335x/beaglebone/platform/Debug/libplatform.a(uartConsole.o)
 .ARM.attributes
                0x00000453       0x37 ../..//binary/armv7a/gcc/am335x/beaglebone/platform/Debug/libplatform.a(uart.o)
 .ARM.attributes
                0x0000048a       0x37 ../..//binary/armv7a/gcc/mmcsdlib/Debug/libmmcsd.a(hs_mmcsdlib.o)
 .ARM.attributes
                0x000004c1       0x37 ../..//binary/armv7a/gcc/mmcsdlib/Debug/libmmcsd.a(mmcsd_proto.o)
 .ARM.attributes
                0x000004f8       0x30 /opt/linaro/gcc-arm-none-eabi-4_7-2012q4/arm-none-eabi/lib//libc.a(lib_a-memcmp.o)
 .ARM.attributes
                0x00000528       0x30 /opt/linaro/gcc-arm-none-eabi-4_7-2012q4/arm-none-eabi/lib//libc.a(lib_a-memcpy.o)
 .ARM.attributes
                0x00000558       0x30 /opt/linaro/gcc-arm-none-eabi-4_7-2012q4/arm-none-eabi/lib//libc.a(lib_a-memset.o)
 .ARM.attributes
                0x00000588       0x30 /opt/linaro/gcc-arm-none-eabi-4_7-2012q4/arm-none-eabi/lib//libc.a(lib_a-strcmp.o)
 .ARM.attributes
                0x000005b8       0x18 /opt/linaro/gcc-arm-none-eabi-4_7-2012q4/lib/gcc/arm-none-eabi/4.7.3//libgcc.a(_udivsi3.o)
 .ARM.attributes
                0x000005d0       0x18 /opt/linaro/gcc-arm-none-eabi-4_7-2012q4/lib/gcc/arm-none-eabi/4.7.3//libgcc.a(_divsi3.o)
 .ARM.attributes
                0x000005e8       0x18 /opt/linaro/gcc-arm-none-eabi-4_7-2012q4/lib/gcc/arm-none-eabi/4.7.3//libgcc.a(_dvmd_tls.o)
 .ARM.attributes
                0x00000600       0x37 ../..//binary/armv7a/gcc/am335x/drivers/Debug/libdrivers.a(uart_irda_cir.o)

.debug_frame    0x00000000     0x2358
 .debug_frame   0x00000000       0x48 Debug_MMCSD/bl_copy.o
 .debug_frame   0x00000048       0xec Debug_MMCSD/bl_hsmmcsd.o
 .debug_frame   0x00000134       0x44 Debug_MMCSD/bl_main.o
 .debug_frame   0x00000178      0x314 Debug_MMCSD/bl_platform.o
 .debug_frame   0x0000048c      0x128 Debug_MMCSD/cache.o
 .debug_frame   0x000005b4       0x40 Debug_MMCSD/device.o
 .debug_frame   0x000005f4       0xac Debug_MMCSD/fat_mmcsd.o
 .debug_frame   0x000006a0      0x350 Debug_MMCSD/ff.o
 .debug_frame   0x000009f0      0x2c8 ../..//binary/armv7a/gcc/am335x/drivers/Debug/libdrivers.a(gpio_v2.o)
 .debug_frame   0x00000cb8      0x2c0 ../..//binary/armv7a/gcc/am335x/drivers/Debug/libdrivers.a(hs_mmcsd.o)
 .debug_frame   0x00000f78      0x44c ../..//binary/armv7a/gcc/am335x/drivers/Debug/libdrivers.a(hsi2c.o)
 .debug_frame   0x000013c4       0x74 ../..//binary/armv7a/gcc/utils/Debug/libutils.a(board.o)
 .debug_frame   0x00001438      0x1a8 ../..//binary/armv7a/gcc/utils/Debug/libutils.a(uartStdio.o)
 .debug_frame   0x000015e0       0x2c ../..//binary/armv7a/gcc/am335x/beaglebone/platform/Debug/libplatform.a(board.o)
 .debug_frame   0x0000160c       0x9c ../..//binary/armv7a/gcc/am335x/beaglebone/platform/Debug/libplatform.a(eeprom.o)
 .debug_frame   0x000016a8       0x88 ../..//binary/armv7a/gcc/am335x/beaglebone/platform/Debug/libplatform.a(gpio.o)
 .debug_frame   0x00001730       0x40 ../..//binary/armv7a/gcc/am335x/beaglebone/platform/Debug/libplatform.a(hs_mmcsd.o)
 .debug_frame   0x00001770       0x58 ../..//binary/armv7a/gcc/am335x/beaglebone/platform/Debug/libplatform.a(hsi2c.o)
 .debug_frame   0x000017c8       0xb8 ../..//binary/armv7a/gcc/am335x/beaglebone/platform/Debug/libplatform.a(uartConsole.o)
 .debug_frame   0x00001880       0x40 ../..//binary/armv7a/gcc/am335x/beaglebone/platform/Debug/libplatform.a(uart.o)
 .debug_frame   0x000018c0       0xb8 ../..//binary/armv7a/gcc/mmcsdlib/Debug/libmmcsd.a(hs_mmcsdlib.o)
 .debug_frame   0x00001978      0x17c ../..//binary/armv7a/gcc/mmcsdlib/Debug/libmmcsd.a(mmcsd_proto.o)
 .debug_frame   0x00001af4       0x28 /opt/linaro/gcc-arm-none-eabi-4_7-2012q4/arm-none-eabi/lib//libc.a(lib_a-memcmp.o)
 .debug_frame   0x00001b1c       0x2c /opt/linaro/gcc-arm-none-eabi-4_7-2012q4/arm-none-eabi/lib//libc.a(lib_a-memcpy.o)
 .debug_frame   0x00001b48       0x28 /opt/linaro/gcc-arm-none-eabi-4_7-2012q4/arm-none-eabi/lib//libc.a(lib_a-memset.o)
 .debug_frame   0x00001b70       0x30 /opt/linaro/gcc-arm-none-eabi-4_7-2012q4/arm-none-eabi/lib//libc.a(lib_a-strcmp.o)
 .debug_frame   0x00001ba0       0x20 /opt/linaro/gcc-arm-none-eabi-4_7-2012q4/lib/gcc/arm-none-eabi/4.7.3//libgcc.a(_udivsi3.o)
 .debug_frame   0x00001bc0       0x20 /opt/linaro/gcc-arm-none-eabi-4_7-2012q4/lib/gcc/arm-none-eabi/4.7.3//libgcc.a(_divsi3.o)
 .debug_frame   0x00001be0      0x778 ../..//binary/armv7a/gcc/am335x/drivers/Debug/libdrivers.a(uart_irda_cir.o)
