Archive member included because of file (symbol)

../binary/armv7a/gcc/am335x/drivers/Release/libdrivers.a(gpio_v2.o)
                              main.o (GPIOModuleReset)
../binary/armv7a/gcc/am335x/beaglebone/platform/Release/libplatform.a(gpio.o)
                              main.o (GPIO1Pin23PinMuxSetup)
../binary/armv7a/gcc/am335x/system_config/Release/libsystem_config.a(init.o)
                              (Entry)
../binary/armv7a/gcc/am335x/system_config/Release/libsystem_config.a(startup.o)
                              ../binary/armv7a/gcc/am335x/system_config/Release/libsystem_config.a(init.o) (start_boot)
../binary/armv7a/gcc/am335x/system_config/Release/libsystem_config.a(cp15.o)
                              ../binary/armv7a/gcc/am335x/system_config/Release/libsystem_config.a(startup.o) (CP15VectorBaseAddrSet)
../binary/armv7a/gcc/am335x/system_config/Release/libsystem_config.a(exceptionhandler.o)
                              ../binary/armv7a/gcc/am335x/system_config/Release/libsystem_config.a(startup.o) (IRQHandler)
../binary/armv7a/gcc/am335x/system_config/Release/libsystem_config.a(interrupt.o)
                              ../binary/armv7a/gcc/am335x/system_config/Release/libsystem_config.a(exceptionhandler.o) (fnRAMVectors)
../binary/armv7a/gcc/am335x/system_config/Release/libsystem_config.a(cpu.o)
                              ../binary/armv7a/gcc/am335x/system_config/Release/libsystem_config.a(exceptionhandler.o) (CPUAbortHandler)
/opt/linaro/gcc-arm-none-eabi-4_7-2012q4/lib/gcc/arm-none-eabi/4.7.3//libgcc.a(_udivsi3.o)
                              (__aeabi_uidiv)
/opt/linaro/gcc-arm-none-eabi-4_7-2012q4/lib/gcc/arm-none-eabi/4.7.3//libgcc.a(_divsi3.o)
                              (__aeabi_idiv)
/opt/linaro/gcc-arm-none-eabi-4_7-2012q4/lib/gcc/arm-none-eabi/4.7.3//libgcc.a(_dvmd_tls.o)
                              /opt/linaro/gcc-arm-none-eabi-4_7-2012q4/lib/gcc/arm-none-eabi/4.7.3//libgcc.a(_udivsi3.o) (__aeabi_idiv0)

Allocating common symbols
Common symbol       size              file

fnRAMVectors        0x200             ../binary/armv7a/gcc/am335x/system_config/Release/libsystem_config.a(interrupt.o)

Discarded input sections

 .text          0x0000000000000000        0x0 main.o
 .data          0x0000000000000000        0x0 main.o
 .bss           0x0000000000000000        0x0 main.o
 .text          0x0000000000000000        0x0 ../binary/armv7a/gcc/am335x/drivers/Release/libdrivers.a(gpio_v2.o)
 .data          0x0000000000000000        0x0 ../binary/armv7a/gcc/am335x/drivers/Release/libdrivers.a(gpio_v2.o)
 .bss           0x0000000000000000        0x0 ../binary/armv7a/gcc/am335x/drivers/Release/libdrivers.a(gpio_v2.o)
 .text.GPIOModuleDisable
                0x0000000000000000       0x10 ../binary/armv7a/gcc/am335x/drivers/Release/libdrivers.a(gpio_v2.o)
 .text.GPIODirModeGet
                0x0000000000000000       0x18 ../binary/armv7a/gcc/am335x/drivers/Release/libdrivers.a(gpio_v2.o)
 .text.GPIOPinRead
                0x0000000000000000       0x10 ../binary/armv7a/gcc/am335x/drivers/Release/libdrivers.a(gpio_v2.o)
 .text.GPIOMultiplePinsWrite
                0x0000000000000000        0xc ../binary/armv7a/gcc/am335x/drivers/Release/libdrivers.a(gpio_v2.o)
 .text.GPIOMultiplePinsRead
                0x0000000000000000        0xc ../binary/armv7a/gcc/am335x/drivers/Release/libdrivers.a(gpio_v2.o)
 .text.GPIOPinIntEnable
                0x0000000000000000       0x18 ../binary/armv7a/gcc/am335x/drivers/Release/libdrivers.a(gpio_v2.o)
 .text.GPIOPinIntDisable
                0x0000000000000000       0x18 ../binary/armv7a/gcc/am335x/drivers/Release/libdrivers.a(gpio_v2.o)
 .text.GPIOIntTypeSet
                0x0000000000000000      0x1bc ../binary/armv7a/gcc/am335x/drivers/Release/libdrivers.a(gpio_v2.o)
 .text.GPIOIntTypeGet
                0x0000000000000000       0x50 ../binary/armv7a/gcc/am335x/drivers/Release/libdrivers.a(gpio_v2.o)
 .text.GPIOPinIntStatus
                0x0000000000000000       0x18 ../binary/armv7a/gcc/am335x/drivers/Release/libdrivers.a(gpio_v2.o)
 .text.GPIOPinIntClear
                0x0000000000000000       0x18 ../binary/armv7a/gcc/am335x/drivers/Release/libdrivers.a(gpio_v2.o)
 .text.GPIORawIntStatus
                0x0000000000000000       0x14 ../binary/armv7a/gcc/am335x/drivers/Release/libdrivers.a(gpio_v2.o)
 .text.GPIOTriggerPinInt
                0x0000000000000000       0x18 ../binary/armv7a/gcc/am335x/drivers/Release/libdrivers.a(gpio_v2.o)
 .text.GPIOWakeupGlobalEnable
                0x0000000000000000       0x10 ../binary/armv7a/gcc/am335x/drivers/Release/libdrivers.a(gpio_v2.o)
 .text.GPIOWakeupGlobalDisable
                0x0000000000000000       0x10 ../binary/armv7a/gcc/am335x/drivers/Release/libdrivers.a(gpio_v2.o)
 .text.GPIOPinIntWakeUpEnable
                0x0000000000000000       0x28 ../binary/armv7a/gcc/am335x/drivers/Release/libdrivers.a(gpio_v2.o)
 .text.GPIOPinIntWakeUpDisable
                0x0000000000000000       0x28 ../binary/armv7a/gcc/am335x/drivers/Release/libdrivers.a(gpio_v2.o)
 .text.GPIOAutoIdleModeControl
                0x0000000000000000       0x20 ../binary/armv7a/gcc/am335x/drivers/Release/libdrivers.a(gpio_v2.o)
 .text.GPIOIdleModeConfigure
                0x0000000000000000       0x20 ../binary/armv7a/gcc/am335x/drivers/Release/libdrivers.a(gpio_v2.o)
 .text.GPIOGatingRatioConfigure
                0x0000000000000000       0x20 ../binary/armv7a/gcc/am335x/drivers/Release/libdrivers.a(gpio_v2.o)
 .text.GPIODebounceFuncControl
                0x0000000000000000       0x20 ../binary/armv7a/gcc/am335x/drivers/Release/libdrivers.a(gpio_v2.o)
 .text.GPIODebounceTimeConfig
                0x0000000000000000        0xc ../binary/armv7a/gcc/am335x/drivers/Release/libdrivers.a(gpio_v2.o)
 .text.GPIORevisionInfoGet
                0x0000000000000000        0x8 ../binary/armv7a/gcc/am335x/drivers/Release/libdrivers.a(gpio_v2.o)
 .text.gpioContextSave
                0x0000000000000000       0x1c ../binary/armv7a/gcc/am335x/drivers/Release/libdrivers.a(gpio_v2.o)
 .text.gpioContextRestore
                0x0000000000000000       0x1c ../binary/armv7a/gcc/am335x/drivers/Release/libdrivers.a(gpio_v2.o)
 .text          0x0000000000000000        0x0 ../binary/armv7a/gcc/am335x/beaglebone/platform/Release/libplatform.a(gpio.o)
 .data          0x0000000000000000        0x0 ../binary/armv7a/gcc/am335x/beaglebone/platform/Release/libplatform.a(gpio.o)
 .bss           0x0000000000000000        0x0 ../binary/armv7a/gcc/am335x/beaglebone/platform/Release/libplatform.a(gpio.o)
 .text.GPIO0ModuleClkConfig
                0x0000000000000000       0xdc ../binary/armv7a/gcc/am335x/beaglebone/platform/Release/libplatform.a(gpio.o)
 .text.GPIO1PinMuxSetup
                0x0000000000000000       0x1c ../binary/armv7a/gcc/am335x/beaglebone/platform/Release/libplatform.a(gpio.o)
 .text.GpioPinMuxSetup
                0x0000000000000000       0x10 ../binary/armv7a/gcc/am335x/beaglebone/platform/Release/libplatform.a(gpio.o)
 .data          0x0000000000000000        0x0 ../binary/armv7a/gcc/am335x/system_config/Release/libsystem_config.a(init.o)
 .bss           0x0000000000000000        0x0 ../binary/armv7a/gcc/am335x/system_config/Release/libsystem_config.a(init.o)
 .text          0x0000000000000000        0x0 ../binary/armv7a/gcc/am335x/system_config/Release/libsystem_config.a(startup.o)
 .data          0x0000000000000000        0x0 ../binary/armv7a/gcc/am335x/system_config/Release/libsystem_config.a(startup.o)
 .bss           0x0000000000000000        0x0 ../binary/armv7a/gcc/am335x/system_config/Release/libsystem_config.a(startup.o)
 .rodata.AM335X_VECTOR_BASE
                0x0000000000000000        0x4 ../binary/armv7a/gcc/am335x/system_config/Release/libsystem_config.a(startup.o)
 .data          0x0000000000000000        0x0 ../binary/armv7a/gcc/am335x/system_config/Release/libsystem_config.a(cp15.o)
 .bss           0x0000000000000000        0x0 ../binary/armv7a/gcc/am335x/system_config/Release/libsystem_config.a(cp15.o)
 .data          0x0000000000000000        0x0 ../binary/armv7a/gcc/am335x/system_config/Release/libsystem_config.a(exceptionhandler.o)
 .bss           0x0000000000000000        0x0 ../binary/armv7a/gcc/am335x/system_config/Release/libsystem_config.a(exceptionhandler.o)
 .text          0x0000000000000000        0x0 ../binary/armv7a/gcc/am335x/system_config/Release/libsystem_config.a(interrupt.o)
 .data          0x0000000000000000        0x0 ../binary/armv7a/gcc/am335x/system_config/Release/libsystem_config.a(interrupt.o)
 .bss           0x0000000000000000        0x0 ../binary/armv7a/gcc/am335x/system_config/Release/libsystem_config.a(interrupt.o)
 .text.IntDefaultHandler
                0x0000000000000000        0x4 ../binary/armv7a/gcc/am335x/system_config/Release/libsystem_config.a(interrupt.o)
 .text.IntRegister
                0x0000000000000000       0x10 ../binary/armv7a/gcc/am335x/system_config/Release/libsystem_config.a(interrupt.o)
 .text.IntUnRegister
                0x0000000000000000       0x18 ../binary/armv7a/gcc/am335x/system_config/Release/libsystem_config.a(interrupt.o)
 .text.IntAINTCInit
                0x0000000000000000       0x54 ../binary/armv7a/gcc/am335x/system_config/Release/libsystem_config.a(interrupt.o)
 .text.IntPrioritySet
                0x0000000000000000       0x24 ../binary/armv7a/gcc/am335x/system_config/Release/libsystem_config.a(interrupt.o)
 .text.IntSystemEnable
                0x0000000000000000       0x24 ../binary/armv7a/gcc/am335x/system_config/Release/libsystem_config.a(interrupt.o)
 .text.IntSystemDisable
                0x0000000000000000       0x24 ../binary/armv7a/gcc/am335x/system_config/Release/libsystem_config.a(interrupt.o)
 .text.IntIfClkFreeRunSet
                0x0000000000000000       0x18 ../binary/armv7a/gcc/am335x/system_config/Release/libsystem_config.a(interrupt.o)
 .text.IntIfClkAutoGateSet
                0x0000000000000000       0x18 ../binary/armv7a/gcc/am335x/system_config/Release/libsystem_config.a(interrupt.o)
 .text.IntActiveIrqNumGet
                0x0000000000000000       0x14 ../binary/armv7a/gcc/am335x/system_config/Release/libsystem_config.a(interrupt.o)
 .text.IntSpurIrqFlagGet
                0x0000000000000000       0x14 ../binary/armv7a/gcc/am335x/system_config/Release/libsystem_config.a(interrupt.o)
 .text.IntProtectionEnable
                0x0000000000000000       0x14 ../binary/armv7a/gcc/am335x/system_config/Release/libsystem_config.a(interrupt.o)
 .text.IntProtectionDisable
                0x0000000000000000       0x18 ../binary/armv7a/gcc/am335x/system_config/Release/libsystem_config.a(interrupt.o)
 .text.IntSyncClkFreeRunSet
                0x0000000000000000       0x18 ../binary/armv7a/gcc/am335x/system_config/Release/libsystem_config.a(interrupt.o)
 .text.IntSyncClkAutoGateSet
                0x0000000000000000       0x18 ../binary/armv7a/gcc/am335x/system_config/Release/libsystem_config.a(interrupt.o)
 .text.IntFuncClkFreeRunSet
                0x0000000000000000       0x18 ../binary/armv7a/gcc/am335x/system_config/Release/libsystem_config.a(interrupt.o)
 .text.IntFuncClkAutoGateSet
                0x0000000000000000       0x18 ../binary/armv7a/gcc/am335x/system_config/Release/libsystem_config.a(interrupt.o)
 .text.IntCurrIrqPriorityGet
                0x0000000000000000       0x14 ../binary/armv7a/gcc/am335x/system_config/Release/libsystem_config.a(interrupt.o)
 .text.IntPriorityThresholdGet
                0x0000000000000000       0x14 ../binary/armv7a/gcc/am335x/system_config/Release/libsystem_config.a(interrupt.o)
 .text.IntPriorityThresholdSet
                0x0000000000000000       0x14 ../binary/armv7a/gcc/am335x/system_config/Release/libsystem_config.a(interrupt.o)
 .text.IntRawStatusGet
                0x0000000000000000       0x24 ../binary/armv7a/gcc/am335x/system_config/Release/libsystem_config.a(interrupt.o)
 .text.IntSoftwareIntSet
                0x0000000000000000       0x20 ../binary/armv7a/gcc/am335x/system_config/Release/libsystem_config.a(interrupt.o)
 .text.IntSoftwareIntClear
                0x0000000000000000       0x20 ../binary/armv7a/gcc/am335x/system_config/Release/libsystem_config.a(interrupt.o)
 .text.IntPendingIrqMaskedStatusGet
                0x0000000000000000       0x24 ../binary/armv7a/gcc/am335x/system_config/Release/libsystem_config.a(interrupt.o)
 .text.IntMasterIRQEnable
                0x0000000000000000       0x14 ../binary/armv7a/gcc/am335x/system_config/Release/libsystem_config.a(interrupt.o)
 .text.IntMasterIRQDisable
                0x0000000000000000       0x14 ../binary/armv7a/gcc/am335x/system_config/Release/libsystem_config.a(interrupt.o)
 .text.IntMasterFIQEnable
                0x0000000000000000       0x14 ../binary/armv7a/gcc/am335x/system_config/Release/libsystem_config.a(interrupt.o)
 .text.IntMasterFIQDisable
                0x0000000000000000       0x14 ../binary/armv7a/gcc/am335x/system_config/Release/libsystem_config.a(interrupt.o)
 .text.IntMasterStatusGet
                0x0000000000000000       0x14 ../binary/armv7a/gcc/am335x/system_config/Release/libsystem_config.a(interrupt.o)
 .text.IntDisable
                0x0000000000000000       0x28 ../binary/armv7a/gcc/am335x/system_config/Release/libsystem_config.a(interrupt.o)
 .text.IntEnable
                0x0000000000000000       0x1c ../binary/armv7a/gcc/am335x/system_config/Release/libsystem_config.a(interrupt.o)
 .text          0x0000000000000000        0x0 ../binary/armv7a/gcc/am335x/system_config/Release/libsystem_config.a(cpu.o)
 .data          0x0000000000000000        0x0 ../binary/armv7a/gcc/am335x/system_config/Release/libsystem_config.a(cpu.o)
 .bss           0x0000000000000000        0x0 ../binary/armv7a/gcc/am335x/system_config/Release/libsystem_config.a(cpu.o)
 .text.CPUSwitchToPrivilegedMode
                0x0000000000000000        0x8 ../binary/armv7a/gcc/am335x/system_config/Release/libsystem_config.a(cpu.o)
 .text.CPUSwitchToUserMode
                0x0000000000000000       0x14 ../binary/armv7a/gcc/am335x/system_config/Release/libsystem_config.a(cpu.o)
 .text.CPUAbortHandler
                0x0000000000000000        0x4 ../binary/armv7a/gcc/am335x/system_config/Release/libsystem_config.a(cpu.o)
 .text.CPUIntStatus
                0x0000000000000000        0xc ../binary/armv7a/gcc/am335x/system_config/Release/libsystem_config.a(cpu.o)
 .text.CPUirqd  0x0000000000000000       0x14 ../binary/armv7a/gcc/am335x/system_config/Release/libsystem_config.a(cpu.o)
 .text.CPUirqe  0x0000000000000000       0x14 ../binary/armv7a/gcc/am335x/system_config/Release/libsystem_config.a(cpu.o)
 .text.CPUfiqd  0x0000000000000000       0x14 ../binary/armv7a/gcc/am335x/system_config/Release/libsystem_config.a(cpu.o)
 .text.CPUfiqe  0x0000000000000000       0x14 ../binary/armv7a/gcc/am335x/system_config/Release/libsystem_config.a(cpu.o)
 .debug_info    0x0000000000000000       0xc9 ../binary/armv7a/gcc/am335x/system_config/Release/libsystem_config.a(cpu.o)
 .debug_abbrev  0x0000000000000000       0x60 ../binary/armv7a/gcc/am335x/system_config/Release/libsystem_config.a(cpu.o)
 .debug_aranges
                0x0000000000000000       0x58 ../binary/armv7a/gcc/am335x/system_config/Release/libsystem_config.a(cpu.o)
 .debug_ranges  0x0000000000000000       0x48 ../binary/armv7a/gcc/am335x/system_config/Release/libsystem_config.a(cpu.o)
 .debug_line    0x0000000000000000       0xcb ../binary/armv7a/gcc/am335x/system_config/Release/libsystem_config.a(cpu.o)
 .debug_str     0x0000000000000000      0x1cd ../binary/armv7a/gcc/am335x/system_config/Release/libsystem_config.a(cpu.o)
 .comment       0x0000000000000000       0x71 ../binary/armv7a/gcc/am335x/system_config/Release/libsystem_config.a(cpu.o)
 .ARM.attributes
                0x0000000000000000       0x3d ../binary/armv7a/gcc/am335x/system_config/Release/libsystem_config.a(cpu.o)
 .debug_frame   0x0000000000000000       0x90 ../binary/armv7a/gcc/am335x/system_config/Release/libsystem_config.a(cpu.o)
 .data          0x0000000000000000        0x0 /opt/linaro/gcc-arm-none-eabi-4_7-2012q4/lib/gcc/arm-none-eabi/4.7.3//libgcc.a(_udivsi3.o)
 .bss           0x0000000000000000        0x0 /opt/linaro/gcc-arm-none-eabi-4_7-2012q4/lib/gcc/arm-none-eabi/4.7.3//libgcc.a(_udivsi3.o)
 .data          0x0000000000000000        0x0 /opt/linaro/gcc-arm-none-eabi-4_7-2012q4/lib/gcc/arm-none-eabi/4.7.3//libgcc.a(_divsi3.o)
 .bss           0x0000000000000000        0x0 /opt/linaro/gcc-arm-none-eabi-4_7-2012q4/lib/gcc/arm-none-eabi/4.7.3//libgcc.a(_divsi3.o)
 .data          0x0000000000000000        0x0 /opt/linaro/gcc-arm-none-eabi-4_7-2012q4/lib/gcc/arm-none-eabi/4.7.3//libgcc.a(_dvmd_tls.o)
 .bss           0x0000000000000000        0x0 /opt/linaro/gcc-arm-none-eabi-4_7-2012q4/lib/gcc/arm-none-eabi/4.7.3//libgcc.a(_dvmd_tls.o)

Memory Configuration

Name             Origin             Length             Attributes
DDR0             0x0000000080000000 0x0000000010000000
*default*        0x0000000000000000 0xffffffffffffffff

Linker script and memory map

LOAD main.o

.startcode      0x0000000080000000       0xb4
                0x0000000080000000                . = ALIGN (0x4)
 *init.o(.text)
 .text          0x0000000080000000       0xb4 ../binary/armv7a/gcc/am335x/system_config/Release/libsystem_config.a(init.o)
                0x0000000080000000                Entry

.text           0x00000000800000b4      0xa20
                0x00000000800000b4                . = ALIGN (0x4)
 *(.text*)
 .text.startup.main
                0x00000000800000b4       0xbc main.o
                0x00000000800000b4                main
 .text.GPIOModuleReset
                0x0000000080000170       0x20 ../binary/armv7a/gcc/am335x/drivers/Release/libdrivers.a(gpio_v2.o)
                0x0000000080000170                GPIOModuleReset
 .text.GPIOModuleEnable
                0x0000000080000190       0x10 ../binary/armv7a/gcc/am335x/drivers/Release/libdrivers.a(gpio_v2.o)
                0x0000000080000190                GPIOModuleEnable
 .text.GPIODirModeSet
                0x00000000800001a0       0x1c ../binary/armv7a/gcc/am335x/drivers/Release/libdrivers.a(gpio_v2.o)
                0x00000000800001a0                GPIODirModeSet
 .text.GPIOPinWrite
                0x00000000800001bc       0x1c ../binary/armv7a/gcc/am335x/drivers/Release/libdrivers.a(gpio_v2.o)
                0x00000000800001bc                GPIOPinWrite
 .text.GPIO1Pin23PinMuxSetup
                0x00000000800001d8       0x14 ../binary/armv7a/gcc/am335x/beaglebone/platform/Release/libplatform.a(gpio.o)
                0x00000000800001d8                GPIO1Pin23PinMuxSetup
 .text.GPIO1ModuleClkConfig
                0x00000000800001ec       0x78 ../binary/armv7a/gcc/am335x/beaglebone/platform/Release/libplatform.a(gpio.o)
                0x00000000800001ec                GPIO1ModuleClkConfig
 .text.start_boot
                0x0000000080000264       0x60 ../binary/armv7a/gcc/am335x/system_config/Release/libsystem_config.a(startup.o)
                0x0000000080000264                start_boot
 .text          0x00000000800002c4      0x488 ../binary/armv7a/gcc/am335x/system_config/Release/libsystem_config.a(cp15.o)
                0x00000000800002c4                CP15ICacheDisable
                0x00000000800002e0                CP15DCacheDisable
                0x00000000800002fc                CP15ICacheEnable
                0x000000008000030c                CP15DCacheEnable
                0x000000008000031c                CP15DCacheFlush
                0x00000000800003b0                CP15DCacheClean
                0x0000000080000444                CP15DCacheCleanFlush
                0x00000000800004d8                CP15ICacheFlush
                0x00000000800004e8                CP15DCacheCleanBuff
                0x000000008000053c                CP15DCacheCleanFlushBuff
                0x0000000080000590                CP15DCacheFlushBuff
                0x00000000800005f4                CP15ICacheFlushBuff
                0x0000000080000648                CP15Ttb0Set
                0x0000000080000654                CP15TlbInvalidate
                0x0000000080000660                CP15MMUDisable
                0x0000000080000678                CP15MMUEnable
                0x000000008000068c                CP15VectorBaseAddrSet
                0x0000000080000698                CP15BranchPredictorInvalidate
                0x00000000800006a4                CP15BranchPredictionEnable
                0x00000000800006b4                CP15BranchPredictionDisable
                0x00000000800006c4                CP15DomainAccessClientSet
                0x00000000800006d4                CP15ControlFeatureDisable
                0x00000000800006e8                CP15ControlFeatureEnable
                0x00000000800006fc                CP15TtbCtlTtb0Config
                0x000000008000070c                CP15AuxControlFeatureEnable
                0x0000000080000720                CP15AuxControlFeatureDisable
                0x0000000080000734                CP15MainIdPrimPartNumGet
 .text          0x000000008000074c       0xf0 ../binary/armv7a/gcc/am335x/system_config/Release/libsystem_config.a(exceptionhandler.o)
                0x000000008000074c                SVC_Handler
                0x0000000080000774                IRQHandler
                0x0000000080000820                FIQHandler
                0x0000000080000824                UndefInstHandler
                0x0000000080000824                AbortHandler
 .text          0x000000008000083c      0x114 /opt/linaro/gcc-arm-none-eabi-4_7-2012q4/lib/gcc/arm-none-eabi/4.7.3//libgcc.a(_udivsi3.o)
                0x000000008000083c                __udivsi3
                0x000000008000083c                __aeabi_uidiv
                0x0000000080000930                __aeabi_uidivmod
 .text          0x0000000080000950      0x148 /opt/linaro/gcc-arm-none-eabi-4_7-2012q4/lib/gcc/arm-none-eabi/4.7.3//libgcc.a(_divsi3.o)
                0x0000000080000950                __aeabi_idiv
                0x0000000080000950                __divsi3
                0x0000000080000a78                __aeabi_idivmod
 .text          0x0000000080000a98        0x4 /opt/linaro/gcc-arm-none-eabi-4_7-2012q4/lib/gcc/arm-none-eabi/4.7.3//libgcc.a(_dvmd_tls.o)
                0x0000000080000a98                __aeabi_ldiv0
                0x0000000080000a98                __aeabi_idiv0
 *(.rodata*)
 .rodata.vecTbl
                0x0000000080000a9c       0x38 ../binary/armv7a/gcc/am335x/system_config/Release/libsystem_config.a(startup.o)

.glue_7         0x0000000080000ad4        0x0
 .glue_7        0x0000000000000000        0x0 linker stubs

.glue_7t        0x0000000080000ad4        0x0
 .glue_7t       0x0000000000000000        0x0 linker stubs

.vfp11_veneer   0x0000000080000ad4        0x0
 .vfp11_veneer  0x0000000000000000        0x0 linker stubs

.v4_bx          0x0000000080000ad4        0x0
 .v4_bx         0x0000000000000000        0x0 linker stubs

.iplt           0x0000000080000ad4        0x0
 .iplt          0x0000000000000000        0x0 main.o

.rel.dyn        0x0000000080000ad4        0x0
 .rel.iplt      0x0000000000000000        0x0 main.o

.data           0x0000000080000ad4        0x0
                0x0000000080000ad4                . = ALIGN (0x4)
 *(.data*)

.igot.plt       0x0000000080000ad4        0x0
 .igot.plt      0x0000000000000000        0x0 main.o

.bss            0x0000000080000ad4      0x200
                0x0000000080000ad4                . = ALIGN (0x4)
                0x0000000080000ad4                _bss_start = .
 *(.bss*)
 *(COMMON)
 COMMON         0x0000000080000ad4      0x200 ../binary/armv7a/gcc/am335x/system_config/Release/libsystem_config.a(interrupt.o)
                0x0000000080000ad4                fnRAMVectors
                0x0000000080000cd4                _bss_end = .

.heap           0x0000000080000cd4      0x800
                0x0000000080000cd4                . = ALIGN (0x4)
                0x0000000080000cd4                __end__ = .
                0x0000000080000cd4                end = __end__
                0x0000000080000cd4                __HeapBase = __end__
 *(.heap*)
                0x00000000800014d4                . = (. + 0x800)
 *fill*         0x0000000080000cd4      0x800 
                0x00000000800014d4                __HeapLimit = .

.stack          0x00000000800014d4  0x7fffff8
                0x00000000800014d4                . = ALIGN (0x4)
                0x00000000800014d4                __StackLimit = .
 *(.stack*)
                0x00000000880014cc                . = (. + 0x7fffff8)
 *fill*         0x00000000800014d4  0x7fffff8 
                0x00000000880014cc                __StackTop = .
                0x00000000880014cc                _stack = __StackTop
LOAD ../binary/armv7a/gcc/am335x/drivers/Release/libdrivers.a
LOAD ../binary/armv7a/gcc/utils/Release/libutils.a
LOAD ../binary/armv7a/gcc/am335x/beaglebone/platform/Release/libplatform.a
LOAD ../binary/armv7a/gcc/am335x/system_config/Release/libsystem_config.a
LOAD /opt/linaro/gcc-arm-none-eabi-4_7-2012q4/arm-none-eabi/lib//libc.a
LOAD /opt/linaro/gcc-arm-none-eabi-4_7-2012q4/lib/gcc/arm-none-eabi/4.7.3//libgcc.a
OUTPUT(app.out elf32-littlearm)

.debug_info     0x0000000000000000     0x10a2
 .debug_info    0x0000000000000000       0xf3 main.o
 .debug_info    0x00000000000000f3      0x78f ../binary/armv7a/gcc/am335x/drivers/Release/libdrivers.a(gpio_v2.o)
 .debug_info    0x0000000000000882       0xd7 ../binary/armv7a/gcc/am335x/beaglebone/platform/Release/libplatform.a(gpio.o)
 .debug_info    0x0000000000000959       0x9a ../binary/armv7a/gcc/am335x/system_config/Release/libsystem_config.a(init.o)
 .debug_info    0x00000000000009f3      0x10b ../binary/armv7a/gcc/am335x/system_config/Release/libsystem_config.a(startup.o)
 .debug_info    0x0000000000000afe       0x9a ../binary/armv7a/gcc/am335x/system_config/Release/libsystem_config.a(cp15.o)
 .debug_info    0x0000000000000b98       0xad ../binary/armv7a/gcc/am335x/system_config/Release/libsystem_config.a(exceptionhandler.o)
 .debug_info    0x0000000000000c45      0x45d ../binary/armv7a/gcc/am335x/system_config/Release/libsystem_config.a(interrupt.o)

.debug_abbrev   0x0000000000000000      0x56c
 .debug_abbrev  0x0000000000000000       0xac main.o
 .debug_abbrev  0x00000000000000ac      0x142 ../binary/armv7a/gcc/am335x/drivers/Release/libdrivers.a(gpio_v2.o)
 .debug_abbrev  0x00000000000001ee       0x89 ../binary/armv7a/gcc/am335x/beaglebone/platform/Release/libplatform.a(gpio.o)
 .debug_abbrev  0x0000000000000277       0x14 ../binary/armv7a/gcc/am335x/system_config/Release/libsystem_config.a(init.o)
 .debug_abbrev  0x000000000000028b       0xe6 ../binary/armv7a/gcc/am335x/system_config/Release/libsystem_config.a(startup.o)
 .debug_abbrev  0x0000000000000371       0x14 ../binary/armv7a/gcc/am335x/system_config/Release/libsystem_config.a(cp15.o)
 .debug_abbrev  0x0000000000000385       0x14 ../binary/armv7a/gcc/am335x/system_config/Release/libsystem_config.a(exceptionhandler.o)
 .debug_abbrev  0x0000000000000399      0x1d3 ../binary/armv7a/gcc/am335x/system_config/Release/libsystem_config.a(interrupt.o)

.debug_aranges  0x0000000000000000      0x2f0
 .debug_aranges
                0x0000000000000000       0x20 main.o
 .debug_aranges
                0x0000000000000020      0x100 ../binary/armv7a/gcc/am335x/drivers/Release/libdrivers.a(gpio_v2.o)
 .debug_aranges
                0x0000000000000120       0x40 ../binary/armv7a/gcc/am335x/beaglebone/platform/Release/libplatform.a(gpio.o)
 .debug_aranges
                0x0000000000000160       0x20 ../binary/armv7a/gcc/am335x/system_config/Release/libsystem_config.a(init.o)
 .debug_aranges
                0x0000000000000180       0x20 ../binary/armv7a/gcc/am335x/system_config/Release/libsystem_config.a(startup.o)
 .debug_aranges
                0x00000000000001a0       0x20 ../binary/armv7a/gcc/am335x/system_config/Release/libsystem_config.a(cp15.o)
 .debug_aranges
                0x00000000000001c0       0x20 ../binary/armv7a/gcc/am335x/system_config/Release/libsystem_config.a(exceptionhandler.o)
 .debug_aranges
                0x00000000000001e0      0x110 ../binary/armv7a/gcc/am335x/system_config/Release/libsystem_config.a(interrupt.o)

.debug_ranges   0x0000000000000000      0x270
 .debug_ranges  0x0000000000000000       0x10 main.o
 .debug_ranges  0x0000000000000010       0xf0 ../binary/armv7a/gcc/am335x/drivers/Release/libdrivers.a(gpio_v2.o)
 .debug_ranges  0x0000000000000100       0x30 ../binary/armv7a/gcc/am335x/beaglebone/platform/Release/libplatform.a(gpio.o)
 .debug_ranges  0x0000000000000130       0x10 ../binary/armv7a/gcc/am335x/system_config/Release/libsystem_config.a(startup.o)
 .debug_ranges  0x0000000000000140      0x130 ../binary/armv7a/gcc/am335x/system_config/Release/libsystem_config.a(interrupt.o)

.debug_line     0x0000000000000000      0x9b9
 .debug_line    0x0000000000000000       0x4e main.o
 .debug_line    0x000000000000004e      0x2cb ../binary/armv7a/gcc/am335x/drivers/Release/libdrivers.a(gpio_v2.o)
 .debug_line    0x0000000000000319       0xe3 ../binary/armv7a/gcc/am335x/beaglebone/platform/Release/libplatform.a(gpio.o)
 .debug_line    0x00000000000003fc       0x89 ../binary/armv7a/gcc/am335x/system_config/Release/libsystem_config.a(init.o)
 .debug_line    0x0000000000000485       0x67 ../binary/armv7a/gcc/am335x/system_config/Release/libsystem_config.a(startup.o)
 .debug_line    0x00000000000004ec      0x180 ../binary/armv7a/gcc/am335x/system_config/Release/libsystem_config.a(cp15.o)
 .debug_line    0x000000000000066c       0xaf ../binary/armv7a/gcc/am335x/system_config/Release/libsystem_config.a(exceptionhandler.o)
 .debug_line    0x000000000000071b      0x29e ../binary/armv7a/gcc/am335x/system_config/Release/libsystem_config.a(interrupt.o)

.debug_str      0x0000000000000000      0x9e3
 .debug_str     0x0000000000000000      0x134 main.o
 .debug_str     0x0000000000000134      0x3a6 ../binary/armv7a/gcc/am335x/drivers/Release/libdrivers.a(gpio_v2.o)
                                        0x3b3 (size before relaxing)
 .debug_str     0x00000000000004da       0xd6 ../binary/armv7a/gcc/am335x/beaglebone/platform/Release/libplatform.a(gpio.o)
                                        0x143 (size before relaxing)
 .debug_str     0x00000000000005b0      0x191 ../binary/armv7a/gcc/am335x/system_config/Release/libsystem_config.a(startup.o)
                                        0x1bb (size before relaxing)
 .debug_str     0x0000000000000741      0x2a2 ../binary/armv7a/gcc/am335x/system_config/Release/libsystem_config.a(interrupt.o)
                                        0x406 (size before relaxing)

.comment        0x0000000000000000       0xe0
 .comment       0x0000000000000000       0x70 main.o
                                         0x71 (size before relaxing)
 .comment       0x0000000000000070       0x70 ../binary/armv7a/gcc/am335x/drivers/Release/libdrivers.a(gpio_v2.o)
                                         0x71 (size before relaxing)
 .comment       0x0000000000000000       0x71 ../binary/armv7a/gcc/am335x/beaglebone/platform/Release/libplatform.a(gpio.o)
 .comment       0x0000000000000000       0x71 ../binary/armv7a/gcc/am335x/system_config/Release/libsystem_config.a(startup.o)
 .comment       0x0000000000000000       0x71 ../binary/armv7a/gcc/am335x/system_config/Release/libsystem_config.a(interrupt.o)

.ARM.attributes
                0x0000000000000000       0x3b
 .ARM.attributes
                0x0000000000000000       0x37 main.o
 .ARM.attributes
                0x0000000000000037       0x37 ../binary/armv7a/gcc/am335x/drivers/Release/libdrivers.a(gpio_v2.o)
 .ARM.attributes
                0x000000000000006e       0x37 ../binary/armv7a/gcc/am335x/beaglebone/platform/Release/libplatform.a(gpio.o)
 .ARM.attributes
                0x00000000000000a5       0x23 ../binary/armv7a/gcc/am335x/system_config/Release/libsystem_config.a(init.o)
 .ARM.attributes
                0x00000000000000c8       0x3d ../binary/armv7a/gcc/am335x/system_config/Release/libsystem_config.a(startup.o)
 .ARM.attributes
                0x0000000000000105       0x23 ../binary/armv7a/gcc/am335x/system_config/Release/libsystem_config.a(cp15.o)
 .ARM.attributes
                0x0000000000000128       0x23 ../binary/armv7a/gcc/am335x/system_config/Release/libsystem_config.a(exceptionhandler.o)
 .ARM.attributes
                0x000000000000014b       0x3d ../binary/armv7a/gcc/am335x/system_config/Release/libsystem_config.a(interrupt.o)
 .ARM.attributes
                0x0000000000000188       0x18 /opt/linaro/gcc-arm-none-eabi-4_7-2012q4/lib/gcc/arm-none-eabi/4.7.3//libgcc.a(_udivsi3.o)
 .ARM.attributes
                0x00000000000001a0       0x18 /opt/linaro/gcc-arm-none-eabi-4_7-2012q4/lib/gcc/arm-none-eabi/4.7.3//libgcc.a(_divsi3.o)
 .ARM.attributes
                0x00000000000001b8       0x18 /opt/linaro/gcc-arm-none-eabi-4_7-2012q4/lib/gcc/arm-none-eabi/4.7.3//libgcc.a(_dvmd_tls.o)

.debug_frame    0x0000000000000000      0x508
 .debug_frame   0x0000000000000000       0x28 main.o
 .debug_frame   0x0000000000000028      0x1e0 ../binary/armv7a/gcc/am335x/drivers/Release/libdrivers.a(gpio_v2.o)
 .debug_frame   0x0000000000000208       0x60 ../binary/armv7a/gcc/am335x/beaglebone/platform/Release/libplatform.a(gpio.o)
 .debug_frame   0x0000000000000268       0x28 ../binary/armv7a/gcc/am335x/system_config/Release/libsystem_config.a(startup.o)
 .debug_frame   0x0000000000000290      0x238 ../binary/armv7a/gcc/am335x/system_config/Release/libsystem_config.a(interrupt.o)
 .debug_frame   0x00000000000004c8       0x20 /opt/linaro/gcc-arm-none-eabi-4_7-2012q4/lib/gcc/arm-none-eabi/4.7.3//libgcc.a(_udivsi3.o)
 .debug_frame   0x00000000000004e8       0x20 /opt/linaro/gcc-arm-none-eabi-4_7-2012q4/lib/gcc/arm-none-eabi/4.7.3//libgcc.a(_divsi3.o)

.debug_loc      0x0000000000000000      0x682
 .debug_loc     0x0000000000000000      0x4d1 ../binary/armv7a/gcc/am335x/drivers/Release/libdrivers.a(gpio_v2.o)
 .debug_loc     0x00000000000004d1       0x35 ../binary/armv7a/gcc/am335x/beaglebone/platform/Release/libplatform.a(gpio.o)
 .debug_loc     0x0000000000000506       0x14 ../binary/armv7a/gcc/am335x/system_config/Release/libsystem_config.a(startup.o)
 .debug_loc     0x000000000000051a      0x168 ../binary/armv7a/gcc/am335x/system_config/Release/libsystem_config.a(interrupt.o)
