Archive member included because of file (symbol)

../binary/armv7a/gcc/am335x/system_config/Release/libsystem_config.a(init.o)
                              (Entry)
../binary/armv7a/gcc/am335x/system_config/Release/libsystem_config.a(startup.o)
                              ../binary/armv7a/gcc/am335x/system_config/Release/libsystem_config.a(init.o) (start_boot)
../binary/armv7a/gcc/am335x/system_config/Release/libsystem_config.a(cp15.o)
                              ../binary/armv7a/gcc/am335x/system_config/Release/libsystem_config.a(startup.o) (CP15VectorBaseAddrSet)
../binary/armv7a/gcc/am335x/system_config/Release/libsystem_config.a(exceptionhandler.o)
                              ../binary/armv7a/gcc/am335x/system_config/Release/libsystem_config.a(startup.o) (IRQHandler)
../binary/armv7a/gcc/am335x/system_config/Release/libsystem_config.a(interrupt.o)
                              ../binary/armv7a/gcc/am335x/system_config/Release/libsystem_config.a(exceptionhandler.o) (fnRAMVectors)
../binary/armv7a/gcc/am335x/system_config/Release/libsystem_config.a(cpu.o)
                              ../binary/armv7a/gcc/am335x/system_config/Release/libsystem_config.a(exceptionhandler.o) (CPUAbortHandler)
/opt/linaro/gcc-arm-none-eabi-4_7-2012q4/arm-none-eabi/lib//libc.a(lib_a-sprintf.o)
                              ../../FreeRTOSV8.0.0/FreeRTOS/Source/tasks.o (sprintf)
/opt/linaro/gcc-arm-none-eabi-4_7-2012q4/arm-none-eabi/lib//libc.a(lib_a-strlen.o)
                              ../../FreeRTOSV8.0.0/FreeRTOS/Source/tasks.o (strlen)
/opt/linaro/gcc-arm-none-eabi-4_7-2012q4/arm-none-eabi/lib//libc.a(lib_a-svfprintf.o)
                              /opt/linaro/gcc-arm-none-eabi-4_7-2012q4/arm-none-eabi/lib//libc.a(lib_a-sprintf.o) (_svfprintf_r)
/opt/linaro/gcc-arm-none-eabi-4_7-2012q4/arm-none-eabi/lib//libc.a(lib_a-dtoa.o)
                              /opt/linaro/gcc-arm-none-eabi-4_7-2012q4/arm-none-eabi/lib//libc.a(lib_a-svfprintf.o) (_dtoa_r)
/opt/linaro/gcc-arm-none-eabi-4_7-2012q4/arm-none-eabi/lib//libc.a(lib_a-impure.o)
                              /opt/linaro/gcc-arm-none-eabi-4_7-2012q4/arm-none-eabi/lib//libc.a(lib_a-sprintf.o) (_impure_ptr)
/opt/linaro/gcc-arm-none-eabi-4_7-2012q4/arm-none-eabi/lib//libc.a(lib_a-locale.o)
                              /opt/linaro/gcc-arm-none-eabi-4_7-2012q4/arm-none-eabi/lib//libc.a(lib_a-svfprintf.o) (_localeconv_r)
/opt/linaro/gcc-arm-none-eabi-4_7-2012q4/arm-none-eabi/lib//libc.a(lib_a-mallocr.o)
                              /opt/linaro/gcc-arm-none-eabi-4_7-2012q4/arm-none-eabi/lib//libc.a(lib_a-svfprintf.o) (_malloc_r)
/opt/linaro/gcc-arm-none-eabi-4_7-2012q4/arm-none-eabi/lib//libc.a(lib_a-memchr.o)
                              /opt/linaro/gcc-arm-none-eabi-4_7-2012q4/arm-none-eabi/lib//libc.a(lib_a-svfprintf.o) (memchr)
/opt/linaro/gcc-arm-none-eabi-4_7-2012q4/arm-none-eabi/lib//libc.a(lib_a-mlock.o)
                              /opt/linaro/gcc-arm-none-eabi-4_7-2012q4/arm-none-eabi/lib//libc.a(lib_a-mallocr.o) (__malloc_lock)
/opt/linaro/gcc-arm-none-eabi-4_7-2012q4/arm-none-eabi/lib//libc.a(lib_a-mprec.o)
                              /opt/linaro/gcc-arm-none-eabi-4_7-2012q4/arm-none-eabi/lib//libc.a(lib_a-dtoa.o) (_Balloc)
/opt/linaro/gcc-arm-none-eabi-4_7-2012q4/arm-none-eabi/lib//libc.a(lib_a-s_fpclassify.o)
                              /opt/linaro/gcc-arm-none-eabi-4_7-2012q4/arm-none-eabi/lib//libc.a(lib_a-svfprintf.o) (__fpclassifyd)
/opt/linaro/gcc-arm-none-eabi-4_7-2012q4/arm-none-eabi/lib//libc.a(lib_a-sbrkr.o)
                              /opt/linaro/gcc-arm-none-eabi-4_7-2012q4/arm-none-eabi/lib//libc.a(lib_a-mallocr.o) (_sbrk_r)
/opt/linaro/gcc-arm-none-eabi-4_7-2012q4/arm-none-eabi/lib//libc.a(lib_a-strcmp.o)
                              /opt/linaro/gcc-arm-none-eabi-4_7-2012q4/arm-none-eabi/lib//libc.a(lib_a-locale.o) (strcmp)
/opt/linaro/gcc-arm-none-eabi-4_7-2012q4/arm-none-eabi/lib//libc.a(lib_a-svfiprintf.o)
                              /opt/linaro/gcc-arm-none-eabi-4_7-2012q4/arm-none-eabi/lib//libc.a(lib_a-svfprintf.o) (__ssprint_r)
/opt/linaro/gcc-arm-none-eabi-4_7-2012q4/arm-none-eabi/lib//libc.a(lib_a-callocr.o)
                              /opt/linaro/gcc-arm-none-eabi-4_7-2012q4/arm-none-eabi/lib//libc.a(lib_a-mprec.o) (_calloc_r)
/opt/linaro/gcc-arm-none-eabi-4_7-2012q4/arm-none-eabi/lib//libc.a(lib_a-freer.o)
                              /opt/linaro/gcc-arm-none-eabi-4_7-2012q4/arm-none-eabi/lib//libc.a(lib_a-mallocr.o) (_free_r)
/opt/linaro/gcc-arm-none-eabi-4_7-2012q4/arm-none-eabi/lib//libc.a(lib_a-memmove.o)
                              /opt/linaro/gcc-arm-none-eabi-4_7-2012q4/arm-none-eabi/lib//libc.a(lib_a-svfiprintf.o) (memmove)
/opt/linaro/gcc-arm-none-eabi-4_7-2012q4/arm-none-eabi/lib//libc.a(lib_a-reallocr.o)
                              /opt/linaro/gcc-arm-none-eabi-4_7-2012q4/arm-none-eabi/lib//libc.a(lib_a-svfiprintf.o) (_realloc_r)
/opt/linaro/gcc-arm-none-eabi-4_7-2012q4/arm-none-eabi/lib//libc.a(lib_a-reent.o)
                              /opt/linaro/gcc-arm-none-eabi-4_7-2012q4/arm-none-eabi/lib//libc.a(lib_a-sbrkr.o) (errno)
/opt/linaro/gcc-arm-none-eabi-4_7-2012q4/lib/gcc/arm-none-eabi/4.7.3//libgcc.a(_udivsi3.o)
                              (__aeabi_uidiv)
/opt/linaro/gcc-arm-none-eabi-4_7-2012q4/lib/gcc/arm-none-eabi/4.7.3//libgcc.a(_divsi3.o)
                              (__aeabi_idiv)
/opt/linaro/gcc-arm-none-eabi-4_7-2012q4/lib/gcc/arm-none-eabi/4.7.3//libgcc.a(_dvmd_tls.o)
                              /opt/linaro/gcc-arm-none-eabi-4_7-2012q4/lib/gcc/arm-none-eabi/4.7.3//libgcc.a(_udivsi3.o) (__aeabi_idiv0)
/opt/linaro/gcc-arm-none-eabi-4_7-2012q4/lib/gcc/arm-none-eabi/4.7.3//libgcc.a(_arm_addsubdf3.o)
                              /opt/linaro/gcc-arm-none-eabi-4_7-2012q4/arm-none-eabi/lib//libc.a(lib_a-dtoa.o) (__aeabi_dsub)
/opt/linaro/gcc-arm-none-eabi-4_7-2012q4/lib/gcc/arm-none-eabi/4.7.3//libgcc.a(_arm_muldivdf3.o)
                              /opt/linaro/gcc-arm-none-eabi-4_7-2012q4/arm-none-eabi/lib//libc.a(lib_a-dtoa.o) (__aeabi_dmul)
/opt/linaro/gcc-arm-none-eabi-4_7-2012q4/lib/gcc/arm-none-eabi/4.7.3//libgcc.a(_arm_cmpdf2.o)
                              /opt/linaro/gcc-arm-none-eabi-4_7-2012q4/arm-none-eabi/lib//libc.a(lib_a-svfprintf.o) (__aeabi_dcmpeq)
/opt/linaro/gcc-arm-none-eabi-4_7-2012q4/lib/gcc/arm-none-eabi/4.7.3//libgcc.a(_arm_fixdfsi.o)
                              /opt/linaro/gcc-arm-none-eabi-4_7-2012q4/arm-none-eabi/lib//libc.a(lib_a-dtoa.o) (__aeabi_d2iz)
/opt/linaro/gcc-arm-none-eabi-4_7-2012q4/lib/gcc/arm-none-eabi/4.7.3//libgcc.a(_aeabi_uldivmod.o)
                              /opt/linaro/gcc-arm-none-eabi-4_7-2012q4/arm-none-eabi/lib//libc.a(lib_a-svfprintf.o) (__aeabi_uldivmod)
/opt/linaro/gcc-arm-none-eabi-4_7-2012q4/lib/gcc/arm-none-eabi/4.7.3//libgcc.a(bpabi.o)
                              /opt/linaro/gcc-arm-none-eabi-4_7-2012q4/lib/gcc/arm-none-eabi/4.7.3//libgcc.a(_aeabi_uldivmod.o) (__gnu_uldivmod_helper)
/opt/linaro/gcc-arm-none-eabi-4_7-2012q4/lib/gcc/arm-none-eabi/4.7.3//libgcc.a(_divdi3.o)
                              /opt/linaro/gcc-arm-none-eabi-4_7-2012q4/lib/gcc/arm-none-eabi/4.7.3//libgcc.a(bpabi.o) (__divdi3)
/opt/linaro/gcc-arm-none-eabi-4_7-2012q4/lib/gcc/arm-none-eabi/4.7.3//libgcc.a(_udivdi3.o)
                              /opt/linaro/gcc-arm-none-eabi-4_7-2012q4/lib/gcc/arm-none-eabi/4.7.3//libgcc.a(bpabi.o) (__udivdi3)
/opt/linaro/gcc-arm-none-eabi-4_7-2012q4/lib/gcc/arm-none-eabi/4.7.3//libgcc.a(_clzsi2.o)
                              /opt/linaro/gcc-arm-none-eabi-4_7-2012q4/lib/gcc/arm-none-eabi/4.7.3//libgcc.a(_divdi3.o) (__clzsi2)

Allocating common symbols
Common symbol       size              file

errno               0x4               /opt/linaro/gcc-arm-none-eabi-4_7-2012q4/arm-none-eabi/lib//libc.a(lib_a-reent.o)
xQueueRegistry      0x40              ../../FreeRTOSV8.0.0/FreeRTOS/Source/queue.o
fnRAMVectors        0x200             ../binary/armv7a/gcc/am335x/system_config/Release/libsystem_config.a(interrupt.o)

Discarded input sections

 .text          0x0000000000000000        0x0 ../../FreeRTOSV8.0.0/FreeRTOS/Source/list.o
 .data          0x0000000000000000        0x0 ../../FreeRTOSV8.0.0/FreeRTOS/Source/list.o
 .bss           0x0000000000000000        0x0 ../../FreeRTOSV8.0.0/FreeRTOS/Source/list.o
 .text          0x0000000000000000        0x0 ../../FreeRTOSV8.0.0/FreeRTOS/Source/queue.o
 .data          0x0000000000000000        0x0 ../../FreeRTOSV8.0.0/FreeRTOS/Source/queue.o
 .bss           0x0000000000000000        0x0 ../../FreeRTOSV8.0.0/FreeRTOS/Source/queue.o
 .text.xQueueCreateCountingSemaphore
                0x0000000000000000       0xa0 ../../FreeRTOSV8.0.0/FreeRTOS/Source/queue.o
 .text.xQueueCreateMutex
                0x0000000000000000       0xb4 ../../FreeRTOSV8.0.0/FreeRTOS/Source/queue.o
 .text.xQueueGiveMutexRecursive
                0x0000000000000000       0x84 ../../FreeRTOSV8.0.0/FreeRTOS/Source/queue.o
 .text.xQueueGenericSendFromISR
                0x0000000000000000      0x1a8 ../../FreeRTOSV8.0.0/FreeRTOS/Source/queue.o
 .text.xQueueTakeMutexRecursive
                0x0000000000000000       0x88 ../../FreeRTOSV8.0.0/FreeRTOS/Source/queue.o
 .text.xQueueReceiveFromISR
                0x0000000000000000      0x120 ../../FreeRTOSV8.0.0/FreeRTOS/Source/queue.o
 .text.xQueuePeekFromISR
                0x0000000000000000       0xbc ../../FreeRTOSV8.0.0/FreeRTOS/Source/queue.o
 .text.uxQueueMessagesWaiting
                0x0000000000000000       0x4c ../../FreeRTOSV8.0.0/FreeRTOS/Source/queue.o
 .text.uxQueueSpacesAvailable
                0x0000000000000000       0x54 ../../FreeRTOSV8.0.0/FreeRTOS/Source/queue.o
 .text.uxQueueMessagesWaitingFromISR
                0x0000000000000000       0x34 ../../FreeRTOSV8.0.0/FreeRTOS/Source/queue.o
 .text.vQueueDelete
                0x0000000000000000       0x88 ../../FreeRTOSV8.0.0/FreeRTOS/Source/queue.o
 .text.uxQueueGetQueueNumber
                0x0000000000000000        0x8 ../../FreeRTOSV8.0.0/FreeRTOS/Source/queue.o
 .text.vQueueSetQueueNumber
                0x0000000000000000        0x8 ../../FreeRTOSV8.0.0/FreeRTOS/Source/queue.o
 .text.ucQueueGetQueueType
                0x0000000000000000        0x8 ../../FreeRTOSV8.0.0/FreeRTOS/Source/queue.o
 .text.xQueueIsQueueEmptyFromISR
                0x0000000000000000       0x38 ../../FreeRTOSV8.0.0/FreeRTOS/Source/queue.o
 .text.xQueueIsQueueFullFromISR
                0x0000000000000000       0x40 ../../FreeRTOSV8.0.0/FreeRTOS/Source/queue.o
 .text.vQueueAddToRegistry
                0x0000000000000000       0x4c ../../FreeRTOSV8.0.0/FreeRTOS/Source/queue.o
 .text.vQueueUnregisterQueue
                0x0000000000000000       0x40 ../../FreeRTOSV8.0.0/FreeRTOS/Source/queue.o
 .text.vQueueWaitForMessageRestricted
                0x0000000000000000       0x78 ../../FreeRTOSV8.0.0/FreeRTOS/Source/queue.o
 .text.xQueueCreateSet
                0x0000000000000000       0x1c ../../FreeRTOSV8.0.0/FreeRTOS/Source/queue.o
 .text.xQueueAddToSet
                0x0000000000000000       0x54 ../../FreeRTOSV8.0.0/FreeRTOS/Source/queue.o
 .text.xQueueRemoveFromSet
                0x0000000000000000       0x58 ../../FreeRTOSV8.0.0/FreeRTOS/Source/queue.o
 .text.xQueueSelectFromSet
                0x0000000000000000       0x30 ../../FreeRTOSV8.0.0/FreeRTOS/Source/queue.o
 .text.xQueueSelectFromSetFromISR
                0x0000000000000000       0x2c ../../FreeRTOSV8.0.0/FreeRTOS/Source/queue.o
 COMMON         0x0000000000000000       0x40 ../../FreeRTOSV8.0.0/FreeRTOS/Source/queue.o
 .text          0x0000000000000000        0x0 ../../FreeRTOSV8.0.0/FreeRTOS/Source/tasks.o
 .data          0x0000000000000000        0x0 ../../FreeRTOSV8.0.0/FreeRTOS/Source/tasks.o
 .bss           0x0000000000000000        0x0 ../../FreeRTOSV8.0.0/FreeRTOS/Source/tasks.o
 .text.prvListTaskWithinSingleList.part.0
                0x0000000000000000       0xd0 ../../FreeRTOSV8.0.0/FreeRTOS/Source/tasks.o
 .text.prvTaskIsTaskSuspended
                0x0000000000000000       0x64 ../../FreeRTOSV8.0.0/FreeRTOS/Source/tasks.o
 .text.vTaskDelete
                0x0000000000000000      0x144 ../../FreeRTOSV8.0.0/FreeRTOS/Source/tasks.o
 .text.eTaskGetState
                0x0000000000000000       0xcc ../../FreeRTOSV8.0.0/FreeRTOS/Source/tasks.o
 .text.uxTaskPriorityGet
                0x0000000000000000       0x3c ../../FreeRTOSV8.0.0/FreeRTOS/Source/tasks.o
 .text.vTaskPrioritySet
                0x0000000000000000      0x15c ../../FreeRTOSV8.0.0/FreeRTOS/Source/tasks.o
 .text.vTaskResume
                0x0000000000000000       0xdc ../../FreeRTOSV8.0.0/FreeRTOS/Source/tasks.o
 .text.xTaskResumeFromISR
                0x0000000000000000      0x120 ../../FreeRTOSV8.0.0/FreeRTOS/Source/tasks.o
 .text.vTaskEndScheduler
                0x0000000000000000       0x30 ../../FreeRTOSV8.0.0/FreeRTOS/Source/tasks.o
 .text.xTaskGetTickCountFromISR
                0x0000000000000000       0x3c ../../FreeRTOSV8.0.0/FreeRTOS/Source/tasks.o
 .text.uxTaskGetNumberOfTasks
                0x0000000000000000       0x10 ../../FreeRTOSV8.0.0/FreeRTOS/Source/tasks.o
 .text.vTaskDelay
                0x0000000000000000       0xc8 ../../FreeRTOSV8.0.0/FreeRTOS/Source/tasks.o
 .text.uxTaskGetSystemState
                0x0000000000000000      0x188 ../../FreeRTOSV8.0.0/FreeRTOS/Source/tasks.o
 .text.vTaskSwitchContext
                0x0000000000000000      0x184 ../../FreeRTOSV8.0.0/FreeRTOS/Source/tasks.o
 .text.vTaskSuspend
                0x0000000000000000      0x164 ../../FreeRTOSV8.0.0/FreeRTOS/Source/tasks.o
 .text.vTaskPlaceOnUnorderedEventList
                0x0000000000000000      0x108 ../../FreeRTOSV8.0.0/FreeRTOS/Source/tasks.o
 .text.vTaskPlaceOnEventListRestricted
                0x0000000000000000       0xa8 ../../FreeRTOSV8.0.0/FreeRTOS/Source/tasks.o
 .text.xTaskRemoveFromUnorderedEventList
                0x0000000000000000       0xf4 ../../FreeRTOSV8.0.0/FreeRTOS/Source/tasks.o
 .text.uxTaskGetTaskNumber
                0x0000000000000000        0xc ../../FreeRTOSV8.0.0/FreeRTOS/Source/tasks.o
 .text.vTaskSetTaskNumber
                0x0000000000000000        0xc ../../FreeRTOSV8.0.0/FreeRTOS/Source/tasks.o
 .text.vTaskList
                0x0000000000000000      0x130 ../../FreeRTOSV8.0.0/FreeRTOS/Source/tasks.o
 .text.vTaskGetRunTimeStats
                0x0000000000000000      0x154 ../../FreeRTOSV8.0.0/FreeRTOS/Source/tasks.o
 .text.uxTaskResetEventItemValue
                0x0000000000000000       0x28 ../../FreeRTOSV8.0.0/FreeRTOS/Source/tasks.o
 .bss.ulTotalRunTime
                0x0000000000000000        0x4 ../../FreeRTOSV8.0.0/FreeRTOS/Source/tasks.o
 .rodata.ucExpectedStackBytes.6014
                0x0000000000000000       0x14 ../../FreeRTOSV8.0.0/FreeRTOS/Source/tasks.o
 .rodata.CSWTCH.260
                0x0000000000000000        0x4 ../../FreeRTOSV8.0.0/FreeRTOS/Source/tasks.o
 .bss.ulTaskSwitchedInTime
                0x0000000000000000        0x4 ../../FreeRTOSV8.0.0/FreeRTOS/Source/tasks.o
 .text          0x0000000000000000        0x0 ../applications/main.o
 .data          0x0000000000000000        0x0 ../applications/main.o
 .bss           0x0000000000000000        0x0 ../applications/main.o
 .text          0x0000000000000000        0x0 ../applications/freertos_hooks.o
 .data          0x0000000000000000        0x0 ../applications/freertos_hooks.o
 .bss           0x0000000000000000        0x0 ../applications/freertos_hooks.o
 .text.vApplicationMallocFailedHook
                0x0000000000000000       0x14 ../applications/freertos_hooks.o
 .text.vApplicationStackOverflowHook
                0x0000000000000000       0x14 ../applications/freertos_hooks.o
 .text.memcmp   0x0000000000000000       0x54 ../applications/freertos_hooks.o
 .data          0x0000000000000000        0x0 ../binary/armv7a/gcc/am335x/system_config/Release/libsystem_config.a(init.o)
 .bss           0x0000000000000000        0x0 ../binary/armv7a/gcc/am335x/system_config/Release/libsystem_config.a(init.o)
 .text          0x0000000000000000        0x0 ../binary/armv7a/gcc/am335x/system_config/Release/libsystem_config.a(startup.o)
 .data          0x0000000000000000        0x0 ../binary/armv7a/gcc/am335x/system_config/Release/libsystem_config.a(startup.o)
 .bss           0x0000000000000000        0x0 ../binary/armv7a/gcc/am335x/system_config/Release/libsystem_config.a(startup.o)
 .rodata.AM335X_VECTOR_BASE
                0x0000000000000000        0x4 ../binary/armv7a/gcc/am335x/system_config/Release/libsystem_config.a(startup.o)
 .data          0x0000000000000000        0x0 ../binary/armv7a/gcc/am335x/system_config/Release/libsystem_config.a(cp15.o)
 .bss           0x0000000000000000        0x0 ../binary/armv7a/gcc/am335x/system_config/Release/libsystem_config.a(cp15.o)
 .data          0x0000000000000000        0x0 ../binary/armv7a/gcc/am335x/system_config/Release/libsystem_config.a(exceptionhandler.o)
 .bss           0x0000000000000000        0x0 ../binary/armv7a/gcc/am335x/system_config/Release/libsystem_config.a(exceptionhandler.o)
 .text          0x0000000000000000        0x0 ../binary/armv7a/gcc/am335x/system_config/Release/libsystem_config.a(interrupt.o)
 .data          0x0000000000000000        0x0 ../binary/armv7a/gcc/am335x/system_config/Release/libsystem_config.a(interrupt.o)
 .bss           0x0000000000000000        0x0 ../binary/armv7a/gcc/am335x/system_config/Release/libsystem_config.a(interrupt.o)
 .text.IntDefaultHandler
                0x0000000000000000        0x4 ../binary/armv7a/gcc/am335x/system_config/Release/libsystem_config.a(interrupt.o)
 .text.IntRegister
                0x0000000000000000       0x10 ../binary/armv7a/gcc/am335x/system_config/Release/libsystem_config.a(interrupt.o)
 .text.IntUnRegister
                0x0000000000000000       0x18 ../binary/armv7a/gcc/am335x/system_config/Release/libsystem_config.a(interrupt.o)
 .text.IntAINTCInit
                0x0000000000000000       0x54 ../binary/armv7a/gcc/am335x/system_config/Release/libsystem_config.a(interrupt.o)
 .text.IntPrioritySet
                0x0000000000000000       0x24 ../binary/armv7a/gcc/am335x/system_config/Release/libsystem_config.a(interrupt.o)
 .text.IntSystemEnable
                0x0000000000000000       0x24 ../binary/armv7a/gcc/am335x/system_config/Release/libsystem_config.a(interrupt.o)
 .text.IntSystemDisable
                0x0000000000000000       0x24 ../binary/armv7a/gcc/am335x/system_config/Release/libsystem_config.a(interrupt.o)
 .text.IntIfClkFreeRunSet
                0x0000000000000000       0x18 ../binary/armv7a/gcc/am335x/system_config/Release/libsystem_config.a(interrupt.o)
 .text.IntIfClkAutoGateSet
                0x0000000000000000       0x18 ../binary/armv7a/gcc/am335x/system_config/Release/libsystem_config.a(interrupt.o)
 .text.IntActiveIrqNumGet
                0x0000000000000000       0x14 ../binary/armv7a/gcc/am335x/system_config/Release/libsystem_config.a(interrupt.o)
 .text.IntSpurIrqFlagGet
                0x0000000000000000       0x14 ../binary/armv7a/gcc/am335x/system_config/Release/libsystem_config.a(interrupt.o)
 .text.IntProtectionEnable
                0x0000000000000000       0x14 ../binary/armv7a/gcc/am335x/system_config/Release/libsystem_config.a(interrupt.o)
 .text.IntProtectionDisable
                0x0000000000000000       0x18 ../binary/armv7a/gcc/am335x/system_config/Release/libsystem_config.a(interrupt.o)
 .text.IntSyncClkFreeRunSet
                0x0000000000000000       0x18 ../binary/armv7a/gcc/am335x/system_config/Release/libsystem_config.a(interrupt.o)
 .text.IntSyncClkAutoGateSet
                0x0000000000000000       0x18 ../binary/armv7a/gcc/am335x/system_config/Release/libsystem_config.a(interrupt.o)
 .text.IntFuncClkFreeRunSet
                0x0000000000000000       0x18 ../binary/armv7a/gcc/am335x/system_config/Release/libsystem_config.a(interrupt.o)
 .text.IntFuncClkAutoGateSet
                0x0000000000000000       0x18 ../binary/armv7a/gcc/am335x/system_config/Release/libsystem_config.a(interrupt.o)
 .text.IntCurrIrqPriorityGet
                0x0000000000000000       0x14 ../binary/armv7a/gcc/am335x/system_config/Release/libsystem_config.a(interrupt.o)
 .text.IntPriorityThresholdGet
                0x0000000000000000       0x14 ../binary/armv7a/gcc/am335x/system_config/Release/libsystem_config.a(interrupt.o)
 .text.IntPriorityThresholdSet
                0x0000000000000000       0x14 ../binary/armv7a/gcc/am335x/system_config/Release/libsystem_config.a(interrupt.o)
 .text.IntRawStatusGet
                0x0000000000000000       0x24 ../binary/armv7a/gcc/am335x/system_config/Release/libsystem_config.a(interrupt.o)
 .text.IntSoftwareIntSet
                0x0000000000000000       0x20 ../binary/armv7a/gcc/am335x/system_config/Release/libsystem_config.a(interrupt.o)
 .text.IntSoftwareIntClear
                0x0000000000000000       0x20 ../binary/armv7a/gcc/am335x/system_config/Release/libsystem_config.a(interrupt.o)
 .text.IntPendingIrqMaskedStatusGet
                0x0000000000000000       0x24 ../binary/armv7a/gcc/am335x/system_config/Release/libsystem_config.a(interrupt.o)
 .text.IntMasterIRQEnable
                0x0000000000000000       0x14 ../binary/armv7a/gcc/am335x/system_config/Release/libsystem_config.a(interrupt.o)
 .text.IntMasterIRQDisable
                0x0000000000000000       0x14 ../binary/armv7a/gcc/am335x/system_config/Release/libsystem_config.a(interrupt.o)
 .text.IntMasterFIQEnable
                0x0000000000000000       0x14 ../binary/armv7a/gcc/am335x/system_config/Release/libsystem_config.a(interrupt.o)
 .text.IntMasterFIQDisable
                0x0000000000000000       0x14 ../binary/armv7a/gcc/am335x/system_config/Release/libsystem_config.a(interrupt.o)
 .text.IntMasterStatusGet
                0x0000000000000000       0x14 ../binary/armv7a/gcc/am335x/system_config/Release/libsystem_config.a(interrupt.o)
 .text.IntDisable
                0x0000000000000000       0x28 ../binary/armv7a/gcc/am335x/system_config/Release/libsystem_config.a(interrupt.o)
 .text.IntEnable
                0x0000000000000000       0x1c ../binary/armv7a/gcc/am335x/system_config/Release/libsystem_config.a(interrupt.o)
 .text          0x0000000000000000        0x0 ../binary/armv7a/gcc/am335x/system_config/Release/libsystem_config.a(cpu.o)
 .data          0x0000000000000000        0x0 ../binary/armv7a/gcc/am335x/system_config/Release/libsystem_config.a(cpu.o)
 .bss           0x0000000000000000        0x0 ../binary/armv7a/gcc/am335x/system_config/Release/libsystem_config.a(cpu.o)
 .text.CPUSwitchToPrivilegedMode
                0x0000000000000000        0x8 ../binary/armv7a/gcc/am335x/system_config/Release/libsystem_config.a(cpu.o)
 .text.CPUSwitchToUserMode
                0x0000000000000000       0x14 ../binary/armv7a/gcc/am335x/system_config/Release/libsystem_config.a(cpu.o)
 .text.CPUAbortHandler
                0x0000000000000000        0x4 ../binary/armv7a/gcc/am335x/system_config/Release/libsystem_config.a(cpu.o)
 .text.CPUIntStatus
                0x0000000000000000        0xc ../binary/armv7a/gcc/am335x/system_config/Release/libsystem_config.a(cpu.o)
 .text.CPUirqd  0x0000000000000000       0x14 ../binary/armv7a/gcc/am335x/system_config/Release/libsystem_config.a(cpu.o)
 .text.CPUirqe  0x0000000000000000       0x14 ../binary/armv7a/gcc/am335x/system_config/Release/libsystem_config.a(cpu.o)
 .text.CPUfiqd  0x0000000000000000       0x14 ../binary/armv7a/gcc/am335x/system_config/Release/libsystem_config.a(cpu.o)
 .text.CPUfiqe  0x0000000000000000       0x14 ../binary/armv7a/gcc/am335x/system_config/Release/libsystem_config.a(cpu.o)
 .debug_info    0x0000000000000000       0xc9 ../binary/armv7a/gcc/am335x/system_config/Release/libsystem_config.a(cpu.o)
 .debug_abbrev  0x0000000000000000       0x60 ../binary/armv7a/gcc/am335x/system_config/Release/libsystem_config.a(cpu.o)
 .debug_aranges
                0x0000000000000000       0x58 ../binary/armv7a/gcc/am335x/system_config/Release/libsystem_config.a(cpu.o)
 .debug_ranges  0x0000000000000000       0x48 ../binary/armv7a/gcc/am335x/system_config/Release/libsystem_config.a(cpu.o)
 .debug_line    0x0000000000000000       0xcb ../binary/armv7a/gcc/am335x/system_config/Release/libsystem_config.a(cpu.o)
 .debug_str     0x0000000000000000      0x1cd ../binary/armv7a/gcc/am335x/system_config/Release/libsystem_config.a(cpu.o)
 .comment       0x0000000000000000       0x71 ../binary/armv7a/gcc/am335x/system_config/Release/libsystem_config.a(cpu.o)
 .ARM.attributes
                0x0000000000000000       0x3d ../binary/armv7a/gcc/am335x/system_config/Release/libsystem_config.a(cpu.o)
 .debug_frame   0x0000000000000000       0x90 ../binary/armv7a/gcc/am335x/system_config/Release/libsystem_config.a(cpu.o)
 .text          0x0000000000000000        0x0 /opt/linaro/gcc-arm-none-eabi-4_7-2012q4/arm-none-eabi/lib//libc.a(lib_a-sprintf.o)
 .data          0x0000000000000000        0x0 /opt/linaro/gcc-arm-none-eabi-4_7-2012q4/arm-none-eabi/lib//libc.a(lib_a-sprintf.o)
 .bss           0x0000000000000000        0x0 /opt/linaro/gcc-arm-none-eabi-4_7-2012q4/arm-none-eabi/lib//libc.a(lib_a-sprintf.o)
 .text._sprintf_r
                0x0000000000000000       0x68 /opt/linaro/gcc-arm-none-eabi-4_7-2012q4/arm-none-eabi/lib//libc.a(lib_a-sprintf.o)
 .text.sprintf  0x0000000000000000       0x74 /opt/linaro/gcc-arm-none-eabi-4_7-2012q4/arm-none-eabi/lib//libc.a(lib_a-sprintf.o)
 .ARM.attributes
                0x0000000000000000       0x30 /opt/linaro/gcc-arm-none-eabi-4_7-2012q4/arm-none-eabi/lib//libc.a(lib_a-sprintf.o)
 .debug_frame   0x0000000000000000       0x5c /opt/linaro/gcc-arm-none-eabi-4_7-2012q4/arm-none-eabi/lib//libc.a(lib_a-sprintf.o)
 .text          0x0000000000000000        0x0 /opt/linaro/gcc-arm-none-eabi-4_7-2012q4/arm-none-eabi/lib//libc.a(lib_a-strlen.o)
 .data          0x0000000000000000        0x0 /opt/linaro/gcc-arm-none-eabi-4_7-2012q4/arm-none-eabi/lib//libc.a(lib_a-strlen.o)
 .bss           0x0000000000000000        0x0 /opt/linaro/gcc-arm-none-eabi-4_7-2012q4/arm-none-eabi/lib//libc.a(lib_a-strlen.o)
 .text.strlen   0x0000000000000000       0x60 /opt/linaro/gcc-arm-none-eabi-4_7-2012q4/arm-none-eabi/lib//libc.a(lib_a-strlen.o)
 .ARM.attributes
                0x0000000000000000       0x30 /opt/linaro/gcc-arm-none-eabi-4_7-2012q4/arm-none-eabi/lib//libc.a(lib_a-strlen.o)
 .debug_frame   0x0000000000000000       0x20 /opt/linaro/gcc-arm-none-eabi-4_7-2012q4/arm-none-eabi/lib//libc.a(lib_a-strlen.o)
 .text          0x0000000000000000        0x0 /opt/linaro/gcc-arm-none-eabi-4_7-2012q4/arm-none-eabi/lib//libc.a(lib_a-svfprintf.o)
 .data          0x0000000000000000        0x0 /opt/linaro/gcc-arm-none-eabi-4_7-2012q4/arm-none-eabi/lib//libc.a(lib_a-svfprintf.o)
 .bss           0x0000000000000000        0x0 /opt/linaro/gcc-arm-none-eabi-4_7-2012q4/arm-none-eabi/lib//libc.a(lib_a-svfprintf.o)
 .text._svfprintf_r
                0x0000000000000000     0x1f80 /opt/linaro/gcc-arm-none-eabi-4_7-2012q4/arm-none-eabi/lib//libc.a(lib_a-svfprintf.o)
 .rodata.str1.4
                0x0000000000000000       0x44 /opt/linaro/gcc-arm-none-eabi-4_7-2012q4/arm-none-eabi/lib//libc.a(lib_a-svfprintf.o)
 .rodata.zeroes.6721
                0x0000000000000000       0x10 /opt/linaro/gcc-arm-none-eabi-4_7-2012q4/arm-none-eabi/lib//libc.a(lib_a-svfprintf.o)
 .rodata.blanks.6720
                0x0000000000000000       0x10 /opt/linaro/gcc-arm-none-eabi-4_7-2012q4/arm-none-eabi/lib//libc.a(lib_a-svfprintf.o)
 .ARM.attributes
                0x0000000000000000       0x30 /opt/linaro/gcc-arm-none-eabi-4_7-2012q4/arm-none-eabi/lib//libc.a(lib_a-svfprintf.o)
 .debug_frame   0x0000000000000000       0x3c /opt/linaro/gcc-arm-none-eabi-4_7-2012q4/arm-none-eabi/lib//libc.a(lib_a-svfprintf.o)
 .text          0x0000000000000000        0x0 /opt/linaro/gcc-arm-none-eabi-4_7-2012q4/arm-none-eabi/lib//libc.a(lib_a-dtoa.o)
 .data          0x0000000000000000        0x0 /opt/linaro/gcc-arm-none-eabi-4_7-2012q4/arm-none-eabi/lib//libc.a(lib_a-dtoa.o)
 .bss           0x0000000000000000        0x0 /opt/linaro/gcc-arm-none-eabi-4_7-2012q4/arm-none-eabi/lib//libc.a(lib_a-dtoa.o)
 .text.quorem   0x0000000000000000      0x1e0 /opt/linaro/gcc-arm-none-eabi-4_7-2012q4/arm-none-eabi/lib//libc.a(lib_a-dtoa.o)
 .text._dtoa_r  0x0000000000000000     0x1698 /opt/linaro/gcc-arm-none-eabi-4_7-2012q4/arm-none-eabi/lib//libc.a(lib_a-dtoa.o)
 .rodata.str1.4
                0x0000000000000000       0x14 /opt/linaro/gcc-arm-none-eabi-4_7-2012q4/arm-none-eabi/lib//libc.a(lib_a-dtoa.o)
 .ARM.attributes
                0x0000000000000000       0x30 /opt/linaro/gcc-arm-none-eabi-4_7-2012q4/arm-none-eabi/lib//libc.a(lib_a-dtoa.o)
 .debug_frame   0x0000000000000000       0x64 /opt/linaro/gcc-arm-none-eabi-4_7-2012q4/arm-none-eabi/lib//libc.a(lib_a-dtoa.o)
 .text          0x0000000000000000        0x0 /opt/linaro/gcc-arm-none-eabi-4_7-2012q4/arm-none-eabi/lib//libc.a(lib_a-impure.o)
 .data          0x0000000000000000        0x0 /opt/linaro/gcc-arm-none-eabi-4_7-2012q4/arm-none-eabi/lib//libc.a(lib_a-impure.o)
 .bss           0x0000000000000000        0x0 /opt/linaro/gcc-arm-none-eabi-4_7-2012q4/arm-none-eabi/lib//libc.a(lib_a-impure.o)
 .data.impure_data
                0x0000000000000000      0x428 /opt/linaro/gcc-arm-none-eabi-4_7-2012q4/arm-none-eabi/lib//libc.a(lib_a-impure.o)
 .data._impure_ptr
                0x0000000000000000        0x4 /opt/linaro/gcc-arm-none-eabi-4_7-2012q4/arm-none-eabi/lib//libc.a(lib_a-impure.o)
 .rodata.str1.4
                0x0000000000000000        0x4 /opt/linaro/gcc-arm-none-eabi-4_7-2012q4/arm-none-eabi/lib//libc.a(lib_a-impure.o)
 .rodata._global_impure_ptr
                0x0000000000000000        0x4 /opt/linaro/gcc-arm-none-eabi-4_7-2012q4/arm-none-eabi/lib//libc.a(lib_a-impure.o)
 .ARM.attributes
                0x0000000000000000       0x30 /opt/linaro/gcc-arm-none-eabi-4_7-2012q4/arm-none-eabi/lib//libc.a(lib_a-impure.o)
 .text          0x0000000000000000        0x0 /opt/linaro/gcc-arm-none-eabi-4_7-2012q4/arm-none-eabi/lib//libc.a(lib_a-locale.o)
 .data          0x0000000000000000        0x0 /opt/linaro/gcc-arm-none-eabi-4_7-2012q4/arm-none-eabi/lib//libc.a(lib_a-locale.o)
 .bss           0x0000000000000000        0x0 /opt/linaro/gcc-arm-none-eabi-4_7-2012q4/arm-none-eabi/lib//libc.a(lib_a-locale.o)
 .text._setlocale_r
                0x0000000000000000       0x6c /opt/linaro/gcc-arm-none-eabi-4_7-2012q4/arm-none-eabi/lib//libc.a(lib_a-locale.o)
 .text.__locale_charset
                0x0000000000000000        0xc /opt/linaro/gcc-arm-none-eabi-4_7-2012q4/arm-none-eabi/lib//libc.a(lib_a-locale.o)
 .text.__locale_mb_cur_max
                0x0000000000000000       0x10 /opt/linaro/gcc-arm-none-eabi-4_7-2012q4/arm-none-eabi/lib//libc.a(lib_a-locale.o)
 .text.__locale_msgcharset
                0x0000000000000000        0xc /opt/linaro/gcc-arm-none-eabi-4_7-2012q4/arm-none-eabi/lib//libc.a(lib_a-locale.o)
 .text.__locale_cjk_lang
                0x0000000000000000        0x8 /opt/linaro/gcc-arm-none-eabi-4_7-2012q4/arm-none-eabi/lib//libc.a(lib_a-locale.o)
 .text._localeconv_r
                0x0000000000000000        0xc /opt/linaro/gcc-arm-none-eabi-4_7-2012q4/arm-none-eabi/lib//libc.a(lib_a-locale.o)
 .text.setlocale
                0x0000000000000000       0x1c /opt/linaro/gcc-arm-none-eabi-4_7-2012q4/arm-none-eabi/lib//libc.a(lib_a-locale.o)
 .text.localeconv
                0x0000000000000000        0xc /opt/linaro/gcc-arm-none-eabi-4_7-2012q4/arm-none-eabi/lib//libc.a(lib_a-locale.o)
 .data.lc_message_charset
                0x0000000000000000       0x20 /opt/linaro/gcc-arm-none-eabi-4_7-2012q4/arm-none-eabi/lib//libc.a(lib_a-locale.o)
 .bss._PathLocale
                0x0000000000000000        0x4 /opt/linaro/gcc-arm-none-eabi-4_7-2012q4/arm-none-eabi/lib//libc.a(lib_a-locale.o)
 .bss.__nlocale_changed
                0x0000000000000000        0x4 /opt/linaro/gcc-arm-none-eabi-4_7-2012q4/arm-none-eabi/lib//libc.a(lib_a-locale.o)
 .bss.__mlocale_changed
                0x0000000000000000        0x4 /opt/linaro/gcc-arm-none-eabi-4_7-2012q4/arm-none-eabi/lib//libc.a(lib_a-locale.o)
 .data.lconv    0x0000000000000000       0x38 /opt/linaro/gcc-arm-none-eabi-4_7-2012q4/arm-none-eabi/lib//libc.a(lib_a-locale.o)
 .rodata.str1.4
                0x0000000000000000       0x14 /opt/linaro/gcc-arm-none-eabi-4_7-2012q4/arm-none-eabi/lib//libc.a(lib_a-locale.o)
 .data.lc_ctype_charset
                0x0000000000000000       0x20 /opt/linaro/gcc-arm-none-eabi-4_7-2012q4/arm-none-eabi/lib//libc.a(lib_a-locale.o)
 .data.__mb_cur_max
                0x0000000000000000        0x4 /opt/linaro/gcc-arm-none-eabi-4_7-2012q4/arm-none-eabi/lib//libc.a(lib_a-locale.o)
 .ARM.attributes
                0x0000000000000000       0x30 /opt/linaro/gcc-arm-none-eabi-4_7-2012q4/arm-none-eabi/lib//libc.a(lib_a-locale.o)
 .debug_frame   0x0000000000000000       0x98 /opt/linaro/gcc-arm-none-eabi-4_7-2012q4/arm-none-eabi/lib//libc.a(lib_a-locale.o)
 .text          0x0000000000000000        0x0 /opt/linaro/gcc-arm-none-eabi-4_7-2012q4/arm-none-eabi/lib//libc.a(lib_a-mallocr.o)
 .data          0x0000000000000000        0x0 /opt/linaro/gcc-arm-none-eabi-4_7-2012q4/arm-none-eabi/lib//libc.a(lib_a-mallocr.o)
 .bss           0x0000000000000000        0x0 /opt/linaro/gcc-arm-none-eabi-4_7-2012q4/arm-none-eabi/lib//libc.a(lib_a-mallocr.o)
 .text._malloc_r
                0x0000000000000000      0x73c /opt/linaro/gcc-arm-none-eabi-4_7-2012q4/arm-none-eabi/lib//libc.a(lib_a-mallocr.o)
 .data.__malloc_av_
                0x0000000000000000      0x408 /opt/linaro/gcc-arm-none-eabi-4_7-2012q4/arm-none-eabi/lib//libc.a(lib_a-mallocr.o)
 .data.__malloc_trim_threshold
                0x0000000000000000        0x4 /opt/linaro/gcc-arm-none-eabi-4_7-2012q4/arm-none-eabi/lib//libc.a(lib_a-mallocr.o)
 .bss.__malloc_max_total_mem
                0x0000000000000000        0x4 /opt/linaro/gcc-arm-none-eabi-4_7-2012q4/arm-none-eabi/lib//libc.a(lib_a-mallocr.o)
 .bss.__malloc_max_sbrked_mem
                0x0000000000000000        0x4 /opt/linaro/gcc-arm-none-eabi-4_7-2012q4/arm-none-eabi/lib//libc.a(lib_a-mallocr.o)
 .bss.__malloc_top_pad
                0x0000000000000000        0x4 /opt/linaro/gcc-arm-none-eabi-4_7-2012q4/arm-none-eabi/lib//libc.a(lib_a-mallocr.o)
 .bss.__malloc_current_mallinfo
                0x0000000000000000       0x28 /opt/linaro/gcc-arm-none-eabi-4_7-2012q4/arm-none-eabi/lib//libc.a(lib_a-mallocr.o)
 .data.__malloc_sbrk_base
                0x0000000000000000        0x4 /opt/linaro/gcc-arm-none-eabi-4_7-2012q4/arm-none-eabi/lib//libc.a(lib_a-mallocr.o)
 .ARM.attributes
                0x0000000000000000       0x30 /opt/linaro/gcc-arm-none-eabi-4_7-2012q4/arm-none-eabi/lib//libc.a(lib_a-mallocr.o)
 .debug_frame   0x0000000000000000       0x38 /opt/linaro/gcc-arm-none-eabi-4_7-2012q4/arm-none-eabi/lib//libc.a(lib_a-mallocr.o)
 .text          0x0000000000000000        0x0 /opt/linaro/gcc-arm-none-eabi-4_7-2012q4/arm-none-eabi/lib//libc.a(lib_a-memchr.o)
 .data          0x0000000000000000        0x0 /opt/linaro/gcc-arm-none-eabi-4_7-2012q4/arm-none-eabi/lib//libc.a(lib_a-memchr.o)
 .bss           0x0000000000000000        0x0 /opt/linaro/gcc-arm-none-eabi-4_7-2012q4/arm-none-eabi/lib//libc.a(lib_a-memchr.o)
 .text.memchr   0x0000000000000000      0x11c /opt/linaro/gcc-arm-none-eabi-4_7-2012q4/arm-none-eabi/lib//libc.a(lib_a-memchr.o)
 .ARM.attributes
                0x0000000000000000       0x30 /opt/linaro/gcc-arm-none-eabi-4_7-2012q4/arm-none-eabi/lib//libc.a(lib_a-memchr.o)
 .debug_frame   0x0000000000000000       0x2c /opt/linaro/gcc-arm-none-eabi-4_7-2012q4/arm-none-eabi/lib//libc.a(lib_a-memchr.o)
 .text          0x0000000000000000        0x0 /opt/linaro/gcc-arm-none-eabi-4_7-2012q4/arm-none-eabi/lib//libc.a(lib_a-mlock.o)
 .data          0x0000000000000000        0x0 /opt/linaro/gcc-arm-none-eabi-4_7-2012q4/arm-none-eabi/lib//libc.a(lib_a-mlock.o)
 .bss           0x0000000000000000        0x0 /opt/linaro/gcc-arm-none-eabi-4_7-2012q4/arm-none-eabi/lib//libc.a(lib_a-mlock.o)
 .text.__malloc_lock
                0x0000000000000000        0x4 /opt/linaro/gcc-arm-none-eabi-4_7-2012q4/arm-none-eabi/lib//libc.a(lib_a-mlock.o)
 .text.__malloc_unlock
                0x0000000000000000        0x4 /opt/linaro/gcc-arm-none-eabi-4_7-2012q4/arm-none-eabi/lib//libc.a(lib_a-mlock.o)
 .ARM.attributes
                0x0000000000000000       0x30 /opt/linaro/gcc-arm-none-eabi-4_7-2012q4/arm-none-eabi/lib//libc.a(lib_a-mlock.o)
 .debug_frame   0x0000000000000000       0x30 /opt/linaro/gcc-arm-none-eabi-4_7-2012q4/arm-none-eabi/lib//libc.a(lib_a-mlock.o)
 .text          0x0000000000000000        0x0 /opt/linaro/gcc-arm-none-eabi-4_7-2012q4/arm-none-eabi/lib//libc.a(lib_a-mprec.o)
 .data          0x0000000000000000        0x0 /opt/linaro/gcc-arm-none-eabi-4_7-2012q4/arm-none-eabi/lib//libc.a(lib_a-mprec.o)
 .bss           0x0000000000000000        0x0 /opt/linaro/gcc-arm-none-eabi-4_7-2012q4/arm-none-eabi/lib//libc.a(lib_a-mprec.o)
 .text._Balloc  0x0000000000000000       0x8c /opt/linaro/gcc-arm-none-eabi-4_7-2012q4/arm-none-eabi/lib//libc.a(lib_a-mprec.o)
 .text._Bfree   0x0000000000000000       0x1c /opt/linaro/gcc-arm-none-eabi-4_7-2012q4/arm-none-eabi/lib//libc.a(lib_a-mprec.o)
 .text.__multadd
                0x0000000000000000       0xdc /opt/linaro/gcc-arm-none-eabi-4_7-2012q4/arm-none-eabi/lib//libc.a(lib_a-mprec.o)
 .text.__s2b    0x0000000000000000       0xf0 /opt/linaro/gcc-arm-none-eabi-4_7-2012q4/arm-none-eabi/lib//libc.a(lib_a-mprec.o)
 .text.__hi0bits
                0x0000000000000000       0x50 /opt/linaro/gcc-arm-none-eabi-4_7-2012q4/arm-none-eabi/lib//libc.a(lib_a-mprec.o)
 .text.__lo0bits
                0x0000000000000000       0x94 /opt/linaro/gcc-arm-none-eabi-4_7-2012q4/arm-none-eabi/lib//libc.a(lib_a-mprec.o)
 .text.__i2b    0x0000000000000000       0x24 /opt/linaro/gcc-arm-none-eabi-4_7-2012q4/arm-none-eabi/lib//libc.a(lib_a-mprec.o)
 .text.__multiply
                0x0000000000000000      0x1e4 /opt/linaro/gcc-arm-none-eabi-4_7-2012q4/arm-none-eabi/lib//libc.a(lib_a-mprec.o)
 .text.__pow5mult
                0x0000000000000000       0xf4 /opt/linaro/gcc-arm-none-eabi-4_7-2012q4/arm-none-eabi/lib//libc.a(lib_a-mprec.o)
 .text.__lshift
                0x0000000000000000      0x104 /opt/linaro/gcc-arm-none-eabi-4_7-2012q4/arm-none-eabi/lib//libc.a(lib_a-mprec.o)
 .text.__mcmp   0x0000000000000000       0x64 /opt/linaro/gcc-arm-none-eabi-4_7-2012q4/arm-none-eabi/lib//libc.a(lib_a-mprec.o)
 .text.__mdiff  0x0000000000000000      0x14c /opt/linaro/gcc-arm-none-eabi-4_7-2012q4/arm-none-eabi/lib//libc.a(lib_a-mprec.o)
 .text.__ulp    0x0000000000000000       0x64 /opt/linaro/gcc-arm-none-eabi-4_7-2012q4/arm-none-eabi/lib//libc.a(lib_a-mprec.o)
 .text.__b2d    0x0000000000000000       0xcc /opt/linaro/gcc-arm-none-eabi-4_7-2012q4/arm-none-eabi/lib//libc.a(lib_a-mprec.o)
 .text.__d2b    0x0000000000000000      0x108 /opt/linaro/gcc-arm-none-eabi-4_7-2012q4/arm-none-eabi/lib//libc.a(lib_a-mprec.o)
 .text.__ratio  0x0000000000000000       0x90 /opt/linaro/gcc-arm-none-eabi-4_7-2012q4/arm-none-eabi/lib//libc.a(lib_a-mprec.o)
 .text._mprec_log10
                0x0000000000000000       0x50 /opt/linaro/gcc-arm-none-eabi-4_7-2012q4/arm-none-eabi/lib//libc.a(lib_a-mprec.o)
 .text.__copybits
                0x0000000000000000       0x74 /opt/linaro/gcc-arm-none-eabi-4_7-2012q4/arm-none-eabi/lib//libc.a(lib_a-mprec.o)
 .text.__any_on
                0x0000000000000000       0x88 /opt/linaro/gcc-arm-none-eabi-4_7-2012q4/arm-none-eabi/lib//libc.a(lib_a-mprec.o)
 .rodata.p05.5242
                0x0000000000000000        0xc /opt/linaro/gcc-arm-none-eabi-4_7-2012q4/arm-none-eabi/lib//libc.a(lib_a-mprec.o)
 .rodata.__mprec_tens
                0x0000000000000000       0xc8 /opt/linaro/gcc-arm-none-eabi-4_7-2012q4/arm-none-eabi/lib//libc.a(lib_a-mprec.o)
 .rodata.__mprec_bigtens
                0x0000000000000000       0x28 /opt/linaro/gcc-arm-none-eabi-4_7-2012q4/arm-none-eabi/lib//libc.a(lib_a-mprec.o)
 .rodata.__mprec_tinytens
                0x0000000000000000       0x28 /opt/linaro/gcc-arm-none-eabi-4_7-2012q4/arm-none-eabi/lib//libc.a(lib_a-mprec.o)
 .ARM.attributes
                0x0000000000000000       0x30 /opt/linaro/gcc-arm-none-eabi-4_7-2012q4/arm-none-eabi/lib//libc.a(lib_a-mprec.o)
 .debug_frame   0x0000000000000000      0x220 /opt/linaro/gcc-arm-none-eabi-4_7-2012q4/arm-none-eabi/lib//libc.a(lib_a-mprec.o)
 .text          0x0000000000000000        0x0 /opt/linaro/gcc-arm-none-eabi-4_7-2012q4/arm-none-eabi/lib//libc.a(lib_a-s_fpclassify.o)
 .data          0x0000000000000000        0x0 /opt/linaro/gcc-arm-none-eabi-4_7-2012q4/arm-none-eabi/lib//libc.a(lib_a-s_fpclassify.o)
 .bss           0x0000000000000000        0x0 /opt/linaro/gcc-arm-none-eabi-4_7-2012q4/arm-none-eabi/lib//libc.a(lib_a-s_fpclassify.o)
 .text.__fpclassifyd
                0x0000000000000000       0x6c /opt/linaro/gcc-arm-none-eabi-4_7-2012q4/arm-none-eabi/lib//libc.a(lib_a-s_fpclassify.o)
 .ARM.attributes
                0x0000000000000000       0x30 /opt/linaro/gcc-arm-none-eabi-4_7-2012q4/arm-none-eabi/lib//libc.a(lib_a-s_fpclassify.o)
 .debug_frame   0x0000000000000000       0x20 /opt/linaro/gcc-arm-none-eabi-4_7-2012q4/arm-none-eabi/lib//libc.a(lib_a-s_fpclassify.o)
 .text          0x0000000000000000        0x0 /opt/linaro/gcc-arm-none-eabi-4_7-2012q4/arm-none-eabi/lib//libc.a(lib_a-sbrkr.o)
 .data          0x0000000000000000        0x0 /opt/linaro/gcc-arm-none-eabi-4_7-2012q4/arm-none-eabi/lib//libc.a(lib_a-sbrkr.o)
 .bss           0x0000000000000000        0x0 /opt/linaro/gcc-arm-none-eabi-4_7-2012q4/arm-none-eabi/lib//libc.a(lib_a-sbrkr.o)
 .text._sbrk_r  0x0000000000000000       0x40 /opt/linaro/gcc-arm-none-eabi-4_7-2012q4/arm-none-eabi/lib//libc.a(lib_a-sbrkr.o)
 .ARM.attributes
                0x0000000000000000       0x30 /opt/linaro/gcc-arm-none-eabi-4_7-2012q4/arm-none-eabi/lib//libc.a(lib_a-sbrkr.o)
 .debug_frame   0x0000000000000000       0x2c /opt/linaro/gcc-arm-none-eabi-4_7-2012q4/arm-none-eabi/lib//libc.a(lib_a-sbrkr.o)
 .text          0x0000000000000000        0x0 /opt/linaro/gcc-arm-none-eabi-4_7-2012q4/arm-none-eabi/lib//libc.a(lib_a-strcmp.o)
 .data          0x0000000000000000        0x0 /opt/linaro/gcc-arm-none-eabi-4_7-2012q4/arm-none-eabi/lib//libc.a(lib_a-strcmp.o)
 .bss           0x0000000000000000        0x0 /opt/linaro/gcc-arm-none-eabi-4_7-2012q4/arm-none-eabi/lib//libc.a(lib_a-strcmp.o)
 .text.strcmp   0x0000000000000000       0x94 /opt/linaro/gcc-arm-none-eabi-4_7-2012q4/arm-none-eabi/lib//libc.a(lib_a-strcmp.o)
 .text.strcmp_unaligned
                0x0000000000000000      0x19c /opt/linaro/gcc-arm-none-eabi-4_7-2012q4/arm-none-eabi/lib//libc.a(lib_a-strcmp.o)
 .ARM.attributes
                0x0000000000000000       0x30 /opt/linaro/gcc-arm-none-eabi-4_7-2012q4/arm-none-eabi/lib//libc.a(lib_a-strcmp.o)
 .debug_frame   0x0000000000000000       0x30 /opt/linaro/gcc-arm-none-eabi-4_7-2012q4/arm-none-eabi/lib//libc.a(lib_a-strcmp.o)
 .text          0x0000000000000000        0x0 /opt/linaro/gcc-arm-none-eabi-4_7-2012q4/arm-none-eabi/lib//libc.a(lib_a-svfiprintf.o)
 .data          0x0000000000000000        0x0 /opt/linaro/gcc-arm-none-eabi-4_7-2012q4/arm-none-eabi/lib//libc.a(lib_a-svfiprintf.o)
 .bss           0x0000000000000000        0x0 /opt/linaro/gcc-arm-none-eabi-4_7-2012q4/arm-none-eabi/lib//libc.a(lib_a-svfiprintf.o)
 .text.__ssprint_r
                0x0000000000000000      0x1a4 /opt/linaro/gcc-arm-none-eabi-4_7-2012q4/arm-none-eabi/lib//libc.a(lib_a-svfiprintf.o)
 .text._svfiprintf_r
                0x0000000000000000     0x1080 /opt/linaro/gcc-arm-none-eabi-4_7-2012q4/arm-none-eabi/lib//libc.a(lib_a-svfiprintf.o)
 .rodata.zeroes.6665
                0x0000000000000000       0x10 /opt/linaro/gcc-arm-none-eabi-4_7-2012q4/arm-none-eabi/lib//libc.a(lib_a-svfiprintf.o)
 .rodata.str1.4
                0x0000000000000000       0x30 /opt/linaro/gcc-arm-none-eabi-4_7-2012q4/arm-none-eabi/lib//libc.a(lib_a-svfiprintf.o)
 .rodata.blanks.6664
                0x0000000000000000       0x10 /opt/linaro/gcc-arm-none-eabi-4_7-2012q4/arm-none-eabi/lib//libc.a(lib_a-svfiprintf.o)
 .ARM.attributes
                0x0000000000000000       0x30 /opt/linaro/gcc-arm-none-eabi-4_7-2012q4/arm-none-eabi/lib//libc.a(lib_a-svfiprintf.o)
 .debug_frame   0x0000000000000000       0x64 /opt/linaro/gcc-arm-none-eabi-4_7-2012q4/arm-none-eabi/lib//libc.a(lib_a-svfiprintf.o)
 .text          0x0000000000000000        0x0 /opt/linaro/gcc-arm-none-eabi-4_7-2012q4/arm-none-eabi/lib//libc.a(lib_a-callocr.o)
 .data          0x0000000000000000        0x0 /opt/linaro/gcc-arm-none-eabi-4_7-2012q4/arm-none-eabi/lib//libc.a(lib_a-callocr.o)
 .bss           0x0000000000000000        0x0 /opt/linaro/gcc-arm-none-eabi-4_7-2012q4/arm-none-eabi/lib//libc.a(lib_a-callocr.o)
 .text._calloc_r
                0x0000000000000000       0x94 /opt/linaro/gcc-arm-none-eabi-4_7-2012q4/arm-none-eabi/lib//libc.a(lib_a-callocr.o)
 .ARM.attributes
                0x0000000000000000       0x30 /opt/linaro/gcc-arm-none-eabi-4_7-2012q4/arm-none-eabi/lib//libc.a(lib_a-callocr.o)
 .debug_frame   0x0000000000000000       0x28 /opt/linaro/gcc-arm-none-eabi-4_7-2012q4/arm-none-eabi/lib//libc.a(lib_a-callocr.o)
 .text          0x0000000000000000        0x0 /opt/linaro/gcc-arm-none-eabi-4_7-2012q4/arm-none-eabi/lib//libc.a(lib_a-freer.o)
 .data          0x0000000000000000        0x0 /opt/linaro/gcc-arm-none-eabi-4_7-2012q4/arm-none-eabi/lib//libc.a(lib_a-freer.o)
 .bss           0x0000000000000000        0x0 /opt/linaro/gcc-arm-none-eabi-4_7-2012q4/arm-none-eabi/lib//libc.a(lib_a-freer.o)
 .text._malloc_trim_r
                0x0000000000000000       0xfc /opt/linaro/gcc-arm-none-eabi-4_7-2012q4/arm-none-eabi/lib//libc.a(lib_a-freer.o)
 .text._free_r  0x0000000000000000      0x26c /opt/linaro/gcc-arm-none-eabi-4_7-2012q4/arm-none-eabi/lib//libc.a(lib_a-freer.o)
 .ARM.attributes
                0x0000000000000000       0x30 /opt/linaro/gcc-arm-none-eabi-4_7-2012q4/arm-none-eabi/lib//libc.a(lib_a-freer.o)
 .debug_frame   0x0000000000000000       0x50 /opt/linaro/gcc-arm-none-eabi-4_7-2012q4/arm-none-eabi/lib//libc.a(lib_a-freer.o)
 .text          0x0000000000000000        0x0 /opt/linaro/gcc-arm-none-eabi-4_7-2012q4/arm-none-eabi/lib//libc.a(lib_a-memmove.o)
 .data          0x0000000000000000        0x0 /opt/linaro/gcc-arm-none-eabi-4_7-2012q4/arm-none-eabi/lib//libc.a(lib_a-memmove.o)
 .bss           0x0000000000000000        0x0 /opt/linaro/gcc-arm-none-eabi-4_7-2012q4/arm-none-eabi/lib//libc.a(lib_a-memmove.o)
 .text.memmove  0x0000000000000000      0x134 /opt/linaro/gcc-arm-none-eabi-4_7-2012q4/arm-none-eabi/lib//libc.a(lib_a-memmove.o)
 .ARM.attributes
                0x0000000000000000       0x30 /opt/linaro/gcc-arm-none-eabi-4_7-2012q4/arm-none-eabi/lib//libc.a(lib_a-memmove.o)
 .debug_frame   0x0000000000000000       0x2c /opt/linaro/gcc-arm-none-eabi-4_7-2012q4/arm-none-eabi/lib//libc.a(lib_a-memmove.o)
 .text          0x0000000000000000        0x0 /opt/linaro/gcc-arm-none-eabi-4_7-2012q4/arm-none-eabi/lib//libc.a(lib_a-reallocr.o)
 .data          0x0000000000000000        0x0 /opt/linaro/gcc-arm-none-eabi-4_7-2012q4/arm-none-eabi/lib//libc.a(lib_a-reallocr.o)
 .bss           0x0000000000000000        0x0 /opt/linaro/gcc-arm-none-eabi-4_7-2012q4/arm-none-eabi/lib//libc.a(lib_a-reallocr.o)
 .text._realloc_r
                0x0000000000000000      0x574 /opt/linaro/gcc-arm-none-eabi-4_7-2012q4/arm-none-eabi/lib//libc.a(lib_a-reallocr.o)
 .ARM.attributes
                0x0000000000000000       0x30 /opt/linaro/gcc-arm-none-eabi-4_7-2012q4/arm-none-eabi/lib//libc.a(lib_a-reallocr.o)
 .debug_frame   0x0000000000000000       0x38 /opt/linaro/gcc-arm-none-eabi-4_7-2012q4/arm-none-eabi/lib//libc.a(lib_a-reallocr.o)
 .text          0x0000000000000000        0x0 /opt/linaro/gcc-arm-none-eabi-4_7-2012q4/arm-none-eabi/lib//libc.a(lib_a-reent.o)
 .data          0x0000000000000000        0x0 /opt/linaro/gcc-arm-none-eabi-4_7-2012q4/arm-none-eabi/lib//libc.a(lib_a-reent.o)
 .bss           0x0000000000000000        0x0 /opt/linaro/gcc-arm-none-eabi-4_7-2012q4/arm-none-eabi/lib//libc.a(lib_a-reent.o)
 .text.cleanup_glue
                0x0000000000000000       0x2c /opt/linaro/gcc-arm-none-eabi-4_7-2012q4/arm-none-eabi/lib//libc.a(lib_a-reent.o)
 .text._reclaim_reent
                0x0000000000000000       0xfc /opt/linaro/gcc-arm-none-eabi-4_7-2012q4/arm-none-eabi/lib//libc.a(lib_a-reent.o)
 .text._wrapup_reent
                0x0000000000000000       0x74 /opt/linaro/gcc-arm-none-eabi-4_7-2012q4/arm-none-eabi/lib//libc.a(lib_a-reent.o)
 .ARM.attributes
                0x0000000000000000       0x30 /opt/linaro/gcc-arm-none-eabi-4_7-2012q4/arm-none-eabi/lib//libc.a(lib_a-reent.o)
 .debug_frame   0x0000000000000000       0x68 /opt/linaro/gcc-arm-none-eabi-4_7-2012q4/arm-none-eabi/lib//libc.a(lib_a-reent.o)
 COMMON         0x0000000000000000        0x4 /opt/linaro/gcc-arm-none-eabi-4_7-2012q4/arm-none-eabi/lib//libc.a(lib_a-reent.o)
 .data          0x0000000000000000        0x0 /opt/linaro/gcc-arm-none-eabi-4_7-2012q4/lib/gcc/arm-none-eabi/4.7.3//libgcc.a(_udivsi3.o)
 .bss           0x0000000000000000        0x0 /opt/linaro/gcc-arm-none-eabi-4_7-2012q4/lib/gcc/arm-none-eabi/4.7.3//libgcc.a(_udivsi3.o)
 .data          0x0000000000000000        0x0 /opt/linaro/gcc-arm-none-eabi-4_7-2012q4/lib/gcc/arm-none-eabi/4.7.3//libgcc.a(_divsi3.o)
 .bss           0x0000000000000000        0x0 /opt/linaro/gcc-arm-none-eabi-4_7-2012q4/lib/gcc/arm-none-eabi/4.7.3//libgcc.a(_divsi3.o)
 .data          0x0000000000000000        0x0 /opt/linaro/gcc-arm-none-eabi-4_7-2012q4/lib/gcc/arm-none-eabi/4.7.3//libgcc.a(_dvmd_tls.o)
 .bss           0x0000000000000000        0x0 /opt/linaro/gcc-arm-none-eabi-4_7-2012q4/lib/gcc/arm-none-eabi/4.7.3//libgcc.a(_dvmd_tls.o)
 .text          0x0000000000000000      0x41c /opt/linaro/gcc-arm-none-eabi-4_7-2012q4/lib/gcc/arm-none-eabi/4.7.3//libgcc.a(_arm_addsubdf3.o)
 .data          0x0000000000000000        0x0 /opt/linaro/gcc-arm-none-eabi-4_7-2012q4/lib/gcc/arm-none-eabi/4.7.3//libgcc.a(_arm_addsubdf3.o)
 .bss           0x0000000000000000        0x0 /opt/linaro/gcc-arm-none-eabi-4_7-2012q4/lib/gcc/arm-none-eabi/4.7.3//libgcc.a(_arm_addsubdf3.o)
 .ARM.attributes
                0x0000000000000000       0x18 /opt/linaro/gcc-arm-none-eabi-4_7-2012q4/lib/gcc/arm-none-eabi/4.7.3//libgcc.a(_arm_addsubdf3.o)
 .text          0x0000000000000000      0x49c /opt/linaro/gcc-arm-none-eabi-4_7-2012q4/lib/gcc/arm-none-eabi/4.7.3//libgcc.a(_arm_muldivdf3.o)
 .data          0x0000000000000000        0x0 /opt/linaro/gcc-arm-none-eabi-4_7-2012q4/lib/gcc/arm-none-eabi/4.7.3//libgcc.a(_arm_muldivdf3.o)
 .bss           0x0000000000000000        0x0 /opt/linaro/gcc-arm-none-eabi-4_7-2012q4/lib/gcc/arm-none-eabi/4.7.3//libgcc.a(_arm_muldivdf3.o)
 .ARM.attributes
                0x0000000000000000       0x18 /opt/linaro/gcc-arm-none-eabi-4_7-2012q4/lib/gcc/arm-none-eabi/4.7.3//libgcc.a(_arm_muldivdf3.o)
 .text          0x0000000000000000      0x144 /opt/linaro/gcc-arm-none-eabi-4_7-2012q4/lib/gcc/arm-none-eabi/4.7.3//libgcc.a(_arm_cmpdf2.o)
 .data          0x0000000000000000        0x0 /opt/linaro/gcc-arm-none-eabi-4_7-2012q4/lib/gcc/arm-none-eabi/4.7.3//libgcc.a(_arm_cmpdf2.o)
 .bss           0x0000000000000000        0x0 /opt/linaro/gcc-arm-none-eabi-4_7-2012q4/lib/gcc/arm-none-eabi/4.7.3//libgcc.a(_arm_cmpdf2.o)
 .ARM.attributes
                0x0000000000000000       0x18 /opt/linaro/gcc-arm-none-eabi-4_7-2012q4/lib/gcc/arm-none-eabi/4.7.3//libgcc.a(_arm_cmpdf2.o)
 .text          0x0000000000000000       0x5c /opt/linaro/gcc-arm-none-eabi-4_7-2012q4/lib/gcc/arm-none-eabi/4.7.3//libgcc.a(_arm_fixdfsi.o)
 .data          0x0000000000000000        0x0 /opt/linaro/gcc-arm-none-eabi-4_7-2012q4/lib/gcc/arm-none-eabi/4.7.3//libgcc.a(_arm_fixdfsi.o)
 .bss           0x0000000000000000        0x0 /opt/linaro/gcc-arm-none-eabi-4_7-2012q4/lib/gcc/arm-none-eabi/4.7.3//libgcc.a(_arm_fixdfsi.o)
 .ARM.attributes
                0x0000000000000000       0x18 /opt/linaro/gcc-arm-none-eabi-4_7-2012q4/lib/gcc/arm-none-eabi/4.7.3//libgcc.a(_arm_fixdfsi.o)
 .text          0x0000000000000000       0x3c /opt/linaro/gcc-arm-none-eabi-4_7-2012q4/lib/gcc/arm-none-eabi/4.7.3//libgcc.a(_aeabi_uldivmod.o)
 .data          0x0000000000000000        0x0 /opt/linaro/gcc-arm-none-eabi-4_7-2012q4/lib/gcc/arm-none-eabi/4.7.3//libgcc.a(_aeabi_uldivmod.o)
 .bss           0x0000000000000000        0x0 /opt/linaro/gcc-arm-none-eabi-4_7-2012q4/lib/gcc/arm-none-eabi/4.7.3//libgcc.a(_aeabi_uldivmod.o)
 .ARM.attributes
                0x0000000000000000       0x18 /opt/linaro/gcc-arm-none-eabi-4_7-2012q4/lib/gcc/arm-none-eabi/4.7.3//libgcc.a(_aeabi_uldivmod.o)
 .text          0x0000000000000000       0x84 /opt/linaro/gcc-arm-none-eabi-4_7-2012q4/lib/gcc/arm-none-eabi/4.7.3//libgcc.a(bpabi.o)
 .data          0x0000000000000000        0x0 /opt/linaro/gcc-arm-none-eabi-4_7-2012q4/lib/gcc/arm-none-eabi/4.7.3//libgcc.a(bpabi.o)
 .bss           0x0000000000000000        0x0 /opt/linaro/gcc-arm-none-eabi-4_7-2012q4/lib/gcc/arm-none-eabi/4.7.3//libgcc.a(bpabi.o)
 .ARM.attributes
                0x0000000000000000       0x30 /opt/linaro/gcc-arm-none-eabi-4_7-2012q4/lib/gcc/arm-none-eabi/4.7.3//libgcc.a(bpabi.o)
 .debug_frame   0x0000000000000000       0x54 /opt/linaro/gcc-arm-none-eabi-4_7-2012q4/lib/gcc/arm-none-eabi/4.7.3//libgcc.a(bpabi.o)
 .text          0x0000000000000000      0x4f0 /opt/linaro/gcc-arm-none-eabi-4_7-2012q4/lib/gcc/arm-none-eabi/4.7.3//libgcc.a(_divdi3.o)
 .data          0x0000000000000000        0x0 /opt/linaro/gcc-arm-none-eabi-4_7-2012q4/lib/gcc/arm-none-eabi/4.7.3//libgcc.a(_divdi3.o)
 .bss           0x0000000000000000        0x0 /opt/linaro/gcc-arm-none-eabi-4_7-2012q4/lib/gcc/arm-none-eabi/4.7.3//libgcc.a(_divdi3.o)
 .ARM.extab     0x0000000000000000        0x0 /opt/linaro/gcc-arm-none-eabi-4_7-2012q4/lib/gcc/arm-none-eabi/4.7.3//libgcc.a(_divdi3.o)
 .ARM.exidx     0x0000000000000000        0x8 /opt/linaro/gcc-arm-none-eabi-4_7-2012q4/lib/gcc/arm-none-eabi/4.7.3//libgcc.a(_divdi3.o)
 .ARM.attributes
                0x0000000000000000       0x30 /opt/linaro/gcc-arm-none-eabi-4_7-2012q4/lib/gcc/arm-none-eabi/4.7.3//libgcc.a(_divdi3.o)
 .debug_frame   0x0000000000000000       0x38 /opt/linaro/gcc-arm-none-eabi-4_7-2012q4/lib/gcc/arm-none-eabi/4.7.3//libgcc.a(_divdi3.o)
 .text          0x0000000000000000      0x488 /opt/linaro/gcc-arm-none-eabi-4_7-2012q4/lib/gcc/arm-none-eabi/4.7.3//libgcc.a(_udivdi3.o)
 .data          0x0000000000000000        0x0 /opt/linaro/gcc-arm-none-eabi-4_7-2012q4/lib/gcc/arm-none-eabi/4.7.3//libgcc.a(_udivdi3.o)
 .bss           0x0000000000000000        0x0 /opt/linaro/gcc-arm-none-eabi-4_7-2012q4/lib/gcc/arm-none-eabi/4.7.3//libgcc.a(_udivdi3.o)
 .ARM.extab     0x0000000000000000        0x0 /opt/linaro/gcc-arm-none-eabi-4_7-2012q4/lib/gcc/arm-none-eabi/4.7.3//libgcc.a(_udivdi3.o)
 .ARM.exidx     0x0000000000000000        0x8 /opt/linaro/gcc-arm-none-eabi-4_7-2012q4/lib/gcc/arm-none-eabi/4.7.3//libgcc.a(_udivdi3.o)
 .ARM.attributes
                0x0000000000000000       0x30 /opt/linaro/gcc-arm-none-eabi-4_7-2012q4/lib/gcc/arm-none-eabi/4.7.3//libgcc.a(_udivdi3.o)
 .debug_frame   0x0000000000000000       0x38 /opt/linaro/gcc-arm-none-eabi-4_7-2012q4/lib/gcc/arm-none-eabi/4.7.3//libgcc.a(_udivdi3.o)
 .text          0x0000000000000000       0x48 /opt/linaro/gcc-arm-none-eabi-4_7-2012q4/lib/gcc/arm-none-eabi/4.7.3//libgcc.a(_clzsi2.o)
 .data          0x0000000000000000        0x0 /opt/linaro/gcc-arm-none-eabi-4_7-2012q4/lib/gcc/arm-none-eabi/4.7.3//libgcc.a(_clzsi2.o)
 .bss           0x0000000000000000        0x0 /opt/linaro/gcc-arm-none-eabi-4_7-2012q4/lib/gcc/arm-none-eabi/4.7.3//libgcc.a(_clzsi2.o)
 .ARM.attributes
                0x0000000000000000       0x18 /opt/linaro/gcc-arm-none-eabi-4_7-2012q4/lib/gcc/arm-none-eabi/4.7.3//libgcc.a(_clzsi2.o)

Memory Configuration

Name             Origin             Length             Attributes
DDR0             0x0000000080000000 0x0000000010000000
*default*        0x0000000000000000 0xffffffffffffffff

Linker script and memory map

LOAD ../../FreeRTOSV8.0.0/FreeRTOS/Source/list.o
LOAD ../../FreeRTOSV8.0.0/FreeRTOS/Source/queue.o
LOAD ../../FreeRTOSV8.0.0/FreeRTOS/Source/tasks.o
LOAD ../applications/main.o
LOAD ../applications/freertos_hooks.o

.startcode      0x0000000080000000       0xb4
                0x0000000080000000                . = ALIGN (0x4)
 *init.o(.text)
 .text          0x0000000080000000       0xb4 ../binary/armv7a/gcc/am335x/system_config/Release/libsystem_config.a(init.o)
                0x0000000080000000                Entry

.text           0x00000000800000b4     0x26c8
                0x00000000800000b4                . = ALIGN (0x4)
 *(.text*)
 .text.vListInitialise
                0x00000000800000b4       0x24 ../../FreeRTOSV8.0.0/FreeRTOS/Source/list.o
                0x00000000800000b4                vListInitialise
 .text.vListInitialiseItem
                0x00000000800000d8        0xc ../../FreeRTOSV8.0.0/FreeRTOS/Source/list.o
                0x00000000800000d8                vListInitialiseItem
 .text.vListInsertEnd
                0x00000000800000e4       0x28 ../../FreeRTOSV8.0.0/FreeRTOS/Source/list.o
                0x00000000800000e4                vListInsertEnd
 .text.vListInsert
                0x000000008000010c       0x60 ../../FreeRTOSV8.0.0/FreeRTOS/Source/list.o
                0x000000008000010c                vListInsert
 .text.uxListRemove
                0x000000008000016c       0x38 ../../FreeRTOSV8.0.0/FreeRTOS/Source/list.o
                0x000000008000016c                uxListRemove
 .text.prvCopyDataToQueue
                0x00000000800001a4       0xdc ../../FreeRTOSV8.0.0/FreeRTOS/Source/queue.o
 .text.prvNotifyQueueSetContainer
                0x0000000080000280       0xc4 ../../FreeRTOSV8.0.0/FreeRTOS/Source/queue.o
 .text.prvCopyDataFromQueue
                0x0000000080000344       0x48 ../../FreeRTOSV8.0.0/FreeRTOS/Source/queue.o
 .text.prvUnlockQueue
                0x000000008000038c      0x12c ../../FreeRTOSV8.0.0/FreeRTOS/Source/queue.o
 .text.xQueueGenericReset
                0x00000000800004b8       0xd8 ../../FreeRTOSV8.0.0/FreeRTOS/Source/queue.o
                0x00000000800004b8                xQueueGenericReset
 .text.xQueueGenericCreate
                0x0000000080000590       0xa8 ../../FreeRTOSV8.0.0/FreeRTOS/Source/queue.o
                0x0000000080000590                xQueueGenericCreate
 .text.xQueueGenericSend
                0x0000000080000638      0x2c4 ../../FreeRTOSV8.0.0/FreeRTOS/Source/queue.o
                0x0000000080000638                xQueueGenericSend
 .text.xQueueGenericReceive
                0x00000000800008fc      0x2ec ../../FreeRTOSV8.0.0/FreeRTOS/Source/queue.o
                0x00000000800008fc                xQueueGenericReceive
 .text.prvResetNextTaskUnblockTime
                0x0000000080000be8       0x40 ../../FreeRTOSV8.0.0/FreeRTOS/Source/tasks.o
 .text.prvAddCurrentTaskToDelayedList
                0x0000000080000c28       0x88 ../../FreeRTOSV8.0.0/FreeRTOS/Source/tasks.o
 .text.xTaskGenericCreate
                0x0000000080000cb0      0x354 ../../FreeRTOSV8.0.0/FreeRTOS/Source/tasks.o
                0x0000000080000cb0                xTaskGenericCreate
 .text.vTaskStartScheduler
                0x0000000080001004       0xc0 ../../FreeRTOSV8.0.0/FreeRTOS/Source/tasks.o
                0x0000000080001004                vTaskStartScheduler
 .text.vTaskSuspendAll
                0x00000000800010c4       0x18 ../../FreeRTOSV8.0.0/FreeRTOS/Source/tasks.o
                0x00000000800010c4                vTaskSuspendAll
 .text.xTaskGetTickCount
                0x00000000800010dc       0x30 ../../FreeRTOSV8.0.0/FreeRTOS/Source/tasks.o
                0x00000000800010dc                xTaskGetTickCount
 .text.xTaskIncrementTick
                0x000000008000110c      0x234 ../../FreeRTOSV8.0.0/FreeRTOS/Source/tasks.o
                0x000000008000110c                xTaskIncrementTick
 .text.xTaskResumeAll
                0x0000000080001340      0x1a4 ../../FreeRTOSV8.0.0/FreeRTOS/Source/tasks.o
                0x0000000080001340                xTaskResumeAll
 .text.vTaskDelayUntil
                0x00000000800014e4      0x13c ../../FreeRTOSV8.0.0/FreeRTOS/Source/tasks.o
                0x00000000800014e4                vTaskDelayUntil
 .text.prvIdleTask
                0x0000000080001620      0x118 ../../FreeRTOSV8.0.0/FreeRTOS/Source/tasks.o
 .text.vTaskPlaceOnEventList
                0x0000000080001738       0xd0 ../../FreeRTOSV8.0.0/FreeRTOS/Source/tasks.o
                0x0000000080001738                vTaskPlaceOnEventList
 .text.xTaskRemoveFromEventList
                0x0000000080001808       0xf0 ../../FreeRTOSV8.0.0/FreeRTOS/Source/tasks.o
                0x0000000080001808                xTaskRemoveFromEventList
 .text.vTaskSetTimeOutState
                0x00000000800018f8       0x48 ../../FreeRTOSV8.0.0/FreeRTOS/Source/tasks.o
                0x00000000800018f8                vTaskSetTimeOutState
 .text.xTaskCheckForTimeOut
                0x0000000080001940       0xe4 ../../FreeRTOSV8.0.0/FreeRTOS/Source/tasks.o
                0x0000000080001940                xTaskCheckForTimeOut
 .text.vTaskMissedYield
                0x0000000080001a24       0x14 ../../FreeRTOSV8.0.0/FreeRTOS/Source/tasks.o
                0x0000000080001a24                vTaskMissedYield
 .text.xTaskGetCurrentTaskHandle
                0x0000000080001a38       0x10 ../../FreeRTOSV8.0.0/FreeRTOS/Source/tasks.o
                0x0000000080001a38                xTaskGetCurrentTaskHandle
 .text.xTaskGetSchedulerState
                0x0000000080001a48       0x38 ../../FreeRTOSV8.0.0/FreeRTOS/Source/tasks.o
                0x0000000080001a48                xTaskGetSchedulerState
 .text.vTaskPriorityInherit
                0x0000000080001a80       0xf0 ../../FreeRTOSV8.0.0/FreeRTOS/Source/tasks.o
                0x0000000080001a80                vTaskPriorityInherit
 .text.vTaskPriorityDisinherit
                0x0000000080001b70       0xc0 ../../FreeRTOSV8.0.0/FreeRTOS/Source/tasks.o
                0x0000000080001b70                vTaskPriorityDisinherit
 .text.prvQueueSendTask
                0x0000000080001c30       0x60 ../applications/main.o
 .text.prvQueueReceiveTask
                0x0000000080001c90       0x40 ../applications/main.o
 .text.startup.main
                0x0000000080001cd0       0xb0 ../applications/main.o
                0x0000000080001cd0                main
 .text.vApplicationIdleHook
                0x0000000080001d80       0x24 ../applications/freertos_hooks.o
                0x0000000080001d80                vApplicationIdleHook
 .text.vAssertCalled
                0x0000000080001da4       0x4c ../applications/freertos_hooks.o
                0x0000000080001da4                vAssertCalled
 .text.vApplicationTickHook
                0x0000000080001df0       0x2c ../applications/freertos_hooks.o
                0x0000000080001df0                vApplicationTickHook
 .text.memcpy   0x0000000080001e1c       0x28 ../applications/freertos_hooks.o
                0x0000000080001e1c                memcpy
 .text.memset   0x0000000080001e44       0x24 ../applications/freertos_hooks.o
                0x0000000080001e44                memset
 .text.start_boot
                0x0000000080001e68       0x60 ../binary/armv7a/gcc/am335x/system_config/Release/libsystem_config.a(startup.o)
                0x0000000080001e68                start_boot
 .text          0x0000000080001ec8      0x488 ../binary/armv7a/gcc/am335x/system_config/Release/libsystem_config.a(cp15.o)
                0x0000000080001ec8                CP15ICacheDisable
                0x0000000080001ee4                CP15DCacheDisable
                0x0000000080001f00                CP15ICacheEnable
                0x0000000080001f10                CP15DCacheEnable
                0x0000000080001f20                CP15DCacheFlush
                0x0000000080001fb4                CP15DCacheClean
                0x0000000080002048                CP15DCacheCleanFlush
                0x00000000800020dc                CP15ICacheFlush
                0x00000000800020ec                CP15DCacheCleanBuff
                0x0000000080002140                CP15DCacheCleanFlushBuff
                0x0000000080002194                CP15DCacheFlushBuff
                0x00000000800021f8                CP15ICacheFlushBuff
                0x000000008000224c                CP15Ttb0Set
                0x0000000080002258                CP15TlbInvalidate
                0x0000000080002264                CP15MMUDisable
                0x000000008000227c                CP15MMUEnable
                0x0000000080002290                CP15VectorBaseAddrSet
                0x000000008000229c                CP15BranchPredictorInvalidate
                0x00000000800022a8                CP15BranchPredictionEnable
                0x00000000800022b8                CP15BranchPredictionDisable
                0x00000000800022c8                CP15DomainAccessClientSet
                0x00000000800022d8                CP15ControlFeatureDisable
                0x00000000800022ec                CP15ControlFeatureEnable
                0x0000000080002300                CP15TtbCtlTtb0Config
                0x0000000080002310                CP15AuxControlFeatureEnable
                0x0000000080002324                CP15AuxControlFeatureDisable
                0x0000000080002338                CP15MainIdPrimPartNumGet
 .text          0x0000000080002350       0xf0 ../binary/armv7a/gcc/am335x/system_config/Release/libsystem_config.a(exceptionhandler.o)
                0x0000000080002350                SVC_Handler
                0x0000000080002378                IRQHandler
                0x0000000080002424                FIQHandler
                0x0000000080002428                UndefInstHandler
                0x0000000080002428                AbortHandler
 .text          0x0000000080002440      0x114 /opt/linaro/gcc-arm-none-eabi-4_7-2012q4/lib/gcc/arm-none-eabi/4.7.3//libgcc.a(_udivsi3.o)
                0x0000000080002440                __udivsi3
                0x0000000080002440                __aeabi_uidiv
                0x0000000080002534                __aeabi_uidivmod
 .text          0x0000000080002554      0x148 /opt/linaro/gcc-arm-none-eabi-4_7-2012q4/lib/gcc/arm-none-eabi/4.7.3//libgcc.a(_divsi3.o)
                0x0000000080002554                __aeabi_idiv
                0x0000000080002554                __divsi3
                0x000000008000267c                __aeabi_idivmod
 .text          0x000000008000269c        0x4 /opt/linaro/gcc-arm-none-eabi-4_7-2012q4/lib/gcc/arm-none-eabi/4.7.3//libgcc.a(_dvmd_tls.o)
                0x000000008000269c                __aeabi_ldiv0
                0x000000008000269c                __aeabi_idiv0
 *(.rodata*)
 .rodata.str1.4
                0x00000000800026a0       0x2d ../../FreeRTOSV8.0.0/FreeRTOS/Source/queue.o
                                         0x30 (size before relaxing)
 *fill*         0x00000000800026cd        0x3 
 .rodata.str1.4
                0x00000000800026d0       0x6b ../../FreeRTOSV8.0.0/FreeRTOS/Source/tasks.o
                                         0x6c (size before relaxing)
 *fill*         0x000000008000273b        0x1 
 .rodata.str1.4
                0x000000008000273c        0x8 ../applications/main.o
 .rodata.vecTbl
                0x0000000080002744       0x38 ../binary/armv7a/gcc/am335x/system_config/Release/libsystem_config.a(startup.o)

.glue_7         0x000000008000277c        0x0
 .glue_7        0x0000000000000000        0x0 linker stubs

.glue_7t        0x000000008000277c        0x0
 .glue_7t       0x0000000000000000        0x0 linker stubs

.vfp11_veneer   0x000000008000277c        0x0
 .vfp11_veneer  0x0000000000000000        0x0 linker stubs

.v4_bx          0x000000008000277c        0x0
 .v4_bx         0x0000000000000000        0x0 linker stubs

.iplt           0x000000008000277c        0x0
 .iplt          0x0000000000000000        0x0 ../../FreeRTOSV8.0.0/FreeRTOS/Source/list.o

.rel.dyn        0x000000008000277c        0x0
 .rel.iplt      0x0000000000000000        0x0 ../../FreeRTOSV8.0.0/FreeRTOS/Source/list.o

.data           0x000000008000277c        0x4
                0x000000008000277c                . = ALIGN (0x4)
 *(.data*)
 .data.xNextTaskUnblockTime
                0x000000008000277c        0x4 ../../FreeRTOSV8.0.0/FreeRTOS/Source/tasks.o

.igot.plt       0x0000000080002780        0x0
 .igot.plt      0x0000000000000000        0x0 ../../FreeRTOSV8.0.0/FreeRTOS/Source/list.o

.bss            0x0000000080002780      0x328
                0x0000000080002780                . = ALIGN (0x4)
                0x0000000080002780                _bss_start = .
 *(.bss*)
 .bss.xPendingReadyList
                0x0000000080002780       0x14 ../../FreeRTOSV8.0.0/FreeRTOS/Source/tasks.o
 .bss.uxTopReadyPriority
                0x0000000080002794        0x4 ../../FreeRTOSV8.0.0/FreeRTOS/Source/tasks.o
 .bss.uxTasksDeleted
                0x0000000080002798        0x4 ../../FreeRTOSV8.0.0/FreeRTOS/Source/tasks.o
 .bss.xTickCount
                0x000000008000279c        0x4 ../../FreeRTOSV8.0.0/FreeRTOS/Source/tasks.o
 .bss.pxReadyTasksLists
                0x00000000800027a0       0x8c ../../FreeRTOSV8.0.0/FreeRTOS/Source/tasks.o
 .bss.xTasksWaitingTermination
                0x000000008000282c       0x14 ../../FreeRTOSV8.0.0/FreeRTOS/Source/tasks.o
 .bss.pxDelayedTaskList
                0x0000000080002840        0x4 ../../FreeRTOSV8.0.0/FreeRTOS/Source/tasks.o
 .bss.xSchedulerRunning
                0x0000000080002844        0x4 ../../FreeRTOSV8.0.0/FreeRTOS/Source/tasks.o
 .bss.uxTaskNumber
                0x0000000080002848        0x4 ../../FreeRTOSV8.0.0/FreeRTOS/Source/tasks.o
 .bss.pxCurrentTCB
                0x000000008000284c        0x4 ../../FreeRTOSV8.0.0/FreeRTOS/Source/tasks.o
                0x000000008000284c                pxCurrentTCB
 .bss.uxPendedTicks
                0x0000000080002850        0x4 ../../FreeRTOSV8.0.0/FreeRTOS/Source/tasks.o
 .bss.xSuspendedTaskList
                0x0000000080002854       0x14 ../../FreeRTOSV8.0.0/FreeRTOS/Source/tasks.o
 .bss.uxCurrentNumberOfTasks
                0x0000000080002868        0x4 ../../FreeRTOSV8.0.0/FreeRTOS/Source/tasks.o
 .bss.xDelayedTaskList1
                0x000000008000286c       0x14 ../../FreeRTOSV8.0.0/FreeRTOS/Source/tasks.o
 .bss.xDelayedTaskList2
                0x0000000080002880       0x14 ../../FreeRTOSV8.0.0/FreeRTOS/Source/tasks.o
 .bss.xYieldPending
                0x0000000080002894        0x4 ../../FreeRTOSV8.0.0/FreeRTOS/Source/tasks.o
 .bss.uxSchedulerSuspended
                0x0000000080002898        0x4 ../../FreeRTOSV8.0.0/FreeRTOS/Source/tasks.o
 .bss.pxOverflowDelayedTaskList
                0x000000008000289c        0x4 ../../FreeRTOSV8.0.0/FreeRTOS/Source/tasks.o
 .bss.xNumOfOverflows
                0x00000000800028a0        0x4 ../../FreeRTOSV8.0.0/FreeRTOS/Source/tasks.o
 .bss.xQueue    0x00000000800028a4        0x4 ../applications/main.o
 *(COMMON)
 COMMON         0x00000000800028a8      0x200 ../binary/armv7a/gcc/am335x/system_config/Release/libsystem_config.a(interrupt.o)
                0x00000000800028a8                fnRAMVectors
                0x0000000080002aa8                _bss_end = .

.heap           0x0000000080002aa8      0x800
                0x0000000080002aa8                . = ALIGN (0x4)
                0x0000000080002aa8                __end__ = .
                0x0000000080002aa8                end = __end__
                0x0000000080002aa8                __HeapBase = __end__
 *(.heap*)
                0x00000000800032a8                . = (. + 0x800)
 *fill*         0x0000000080002aa8      0x800 
                0x00000000800032a8                __HeapLimit = .

.stack          0x00000000800032a8  0x7fffff8
                0x00000000800032a8                . = ALIGN (0x4)
                0x00000000800032a8                __StackLimit = .
 *(.stack*)
                0x00000000880032a0                . = (. + 0x7fffff8)
 *fill*         0x00000000800032a8  0x7fffff8 
                0x00000000880032a0                __StackTop = .
                0x00000000880032a0                _stack = __StackTop
LOAD ../binary/armv7a/gcc/am335x/drivers/Release/libdrivers.a
LOAD ../binary/armv7a/gcc/utils/Release/libutils.a
LOAD ../binary/armv7a/gcc/am335x/beaglebone/platform/Release/libplatform.a
LOAD ../binary/armv7a/gcc/am335x/system_config/Release/libsystem_config.a
LOAD /opt/linaro/gcc-arm-none-eabi-4_7-2012q4/arm-none-eabi/lib//libc.a
LOAD /opt/linaro/gcc-arm-none-eabi-4_7-2012q4/lib/gcc/arm-none-eabi/4.7.3//libgcc.a
OUTPUT(app.out elf32-littlearm)

.debug_info     0x0000000000000000     0x4642
 .debug_info    0x0000000000000000      0x28d ../../FreeRTOSV8.0.0/FreeRTOS/Source/list.o
 .debug_info    0x000000000000028d     0x16aa ../../FreeRTOSV8.0.0/FreeRTOS/Source/queue.o
 .debug_info    0x0000000000001937     0x2024 ../../FreeRTOSV8.0.0/FreeRTOS/Source/tasks.o
 .debug_info    0x000000000000395b      0x261 ../applications/main.o
 .debug_info    0x0000000000003bbc      0x33d ../applications/freertos_hooks.o
 .debug_info    0x0000000000003ef9       0x9a ../binary/armv7a/gcc/am335x/system_config/Release/libsystem_config.a(init.o)
 .debug_info    0x0000000000003f93      0x10b ../binary/armv7a/gcc/am335x/system_config/Release/libsystem_config.a(startup.o)
 .debug_info    0x000000000000409e       0x9a ../binary/armv7a/gcc/am335x/system_config/Release/libsystem_config.a(cp15.o)
 .debug_info    0x0000000000004138       0xad ../binary/armv7a/gcc/am335x/system_config/Release/libsystem_config.a(exceptionhandler.o)
 .debug_info    0x00000000000041e5      0x45d ../binary/armv7a/gcc/am335x/system_config/Release/libsystem_config.a(interrupt.o)

.debug_abbrev   0x0000000000000000      0xc5c
 .debug_abbrev  0x0000000000000000       0xdc ../../FreeRTOSV8.0.0/FreeRTOS/Source/list.o
 .debug_abbrev  0x00000000000000dc      0x2e7 ../../FreeRTOSV8.0.0/FreeRTOS/Source/queue.o
 .debug_abbrev  0x00000000000003c3      0x35d ../../FreeRTOSV8.0.0/FreeRTOS/Source/tasks.o
 .debug_abbrev  0x0000000000000720       0xdb ../applications/main.o
 .debug_abbrev  0x00000000000007fb      0x16c ../applications/freertos_hooks.o
 .debug_abbrev  0x0000000000000967       0x14 ../binary/armv7a/gcc/am335x/system_config/Release/libsystem_config.a(init.o)
 .debug_abbrev  0x000000000000097b       0xe6 ../binary/armv7a/gcc/am335x/system_config/Release/libsystem_config.a(startup.o)
 .debug_abbrev  0x0000000000000a61       0x14 ../binary/armv7a/gcc/am335x/system_config/Release/libsystem_config.a(cp15.o)
 .debug_abbrev  0x0000000000000a75       0x14 ../binary/armv7a/gcc/am335x/system_config/Release/libsystem_config.a(exceptionhandler.o)
 .debug_abbrev  0x0000000000000a89      0x1d3 ../binary/armv7a/gcc/am335x/system_config/Release/libsystem_config.a(interrupt.o)

.debug_loc      0x0000000000000000     0x2ab9
 .debug_loc     0x0000000000000000       0x69 ../../FreeRTOSV8.0.0/FreeRTOS/Source/list.o
 .debug_loc     0x0000000000000069     0x10b7 ../../FreeRTOSV8.0.0/FreeRTOS/Source/queue.o
 .debug_loc     0x0000000000001120     0x1518 ../../FreeRTOSV8.0.0/FreeRTOS/Source/tasks.o
 .debug_loc     0x0000000000002638       0x42 ../applications/main.o
 .debug_loc     0x000000000000267a      0x2c3 ../applications/freertos_hooks.o
 .debug_loc     0x000000000000293d       0x14 ../binary/armv7a/gcc/am335x/system_config/Release/libsystem_config.a(startup.o)
 .debug_loc     0x0000000000002951      0x168 ../binary/armv7a/gcc/am335x/system_config/Release/libsystem_config.a(interrupt.o)

.debug_aranges  0x0000000000000000      0x4d8
 .debug_aranges
                0x0000000000000000       0x40 ../../FreeRTOSV8.0.0/FreeRTOS/Source/list.o
 .debug_aranges
                0x0000000000000040      0x118 ../../FreeRTOSV8.0.0/FreeRTOS/Source/queue.o
 .debug_aranges
                0x0000000000000158      0x168 ../../FreeRTOSV8.0.0/FreeRTOS/Source/tasks.o
 .debug_aranges
                0x00000000000002c0       0x30 ../applications/main.o
 .debug_aranges
                0x00000000000002f0       0x58 ../applications/freertos_hooks.o
 .debug_aranges
                0x0000000000000348       0x20 ../binary/armv7a/gcc/am335x/system_config/Release/libsystem_config.a(init.o)
 .debug_aranges
                0x0000000000000368       0x20 ../binary/armv7a/gcc/am335x/system_config/Release/libsystem_config.a(startup.o)
 .debug_aranges
                0x0000000000000388       0x20 ../binary/armv7a/gcc/am335x/system_config/Release/libsystem_config.a(cp15.o)
 .debug_aranges
                0x00000000000003a8       0x20 ../binary/armv7a/gcc/am335x/system_config/Release/libsystem_config.a(exceptionhandler.o)
 .debug_aranges
                0x00000000000003c8      0x110 ../binary/armv7a/gcc/am335x/system_config/Release/libsystem_config.a(interrupt.o)

.debug_ranges   0x0000000000000000      0x708
 .debug_ranges  0x0000000000000000       0x30 ../../FreeRTOSV8.0.0/FreeRTOS/Source/list.o
 .debug_ranges  0x0000000000000030      0x150 ../../FreeRTOSV8.0.0/FreeRTOS/Source/queue.o
 .debug_ranges  0x0000000000000180      0x3e0 ../../FreeRTOSV8.0.0/FreeRTOS/Source/tasks.o
 .debug_ranges  0x0000000000000560       0x20 ../applications/main.o
 .debug_ranges  0x0000000000000580       0x48 ../applications/freertos_hooks.o
 .debug_ranges  0x00000000000005c8       0x10 ../binary/armv7a/gcc/am335x/system_config/Release/libsystem_config.a(startup.o)
 .debug_ranges  0x00000000000005d8      0x130 ../binary/armv7a/gcc/am335x/system_config/Release/libsystem_config.a(interrupt.o)

.debug_line     0x0000000000000000     0x1c10
 .debug_line    0x0000000000000000      0x191 ../../FreeRTOSV8.0.0/FreeRTOS/Source/list.o
 .debug_line    0x0000000000000191      0x735 ../../FreeRTOSV8.0.0/FreeRTOS/Source/queue.o
 .debug_line    0x00000000000008c6      0xafc ../../FreeRTOSV8.0.0/FreeRTOS/Source/tasks.o
 .debug_line    0x00000000000013c2      0x125 ../applications/main.o
 .debug_line    0x00000000000014e7      0x16c ../applications/freertos_hooks.o
 .debug_line    0x0000000000001653       0x89 ../binary/armv7a/gcc/am335x/system_config/Release/libsystem_config.a(init.o)
 .debug_line    0x00000000000016dc       0x67 ../binary/armv7a/gcc/am335x/system_config/Release/libsystem_config.a(startup.o)
 .debug_line    0x0000000000001743      0x180 ../binary/armv7a/gcc/am335x/system_config/Release/libsystem_config.a(cp15.o)
 .debug_line    0x00000000000018c3       0xaf ../binary/armv7a/gcc/am335x/system_config/Release/libsystem_config.a(exceptionhandler.o)
 .debug_line    0x0000000000001972      0x29e ../binary/armv7a/gcc/am335x/system_config/Release/libsystem_config.a(interrupt.o)

.debug_str      0x0000000000000000     0x18ad
 .debug_str     0x0000000000000000      0x2c8 ../../FreeRTOSV8.0.0/FreeRTOS/Source/list.o
                                        0x30c (size before relaxing)
 .debug_str     0x00000000000002c8      0x5d8 ../../FreeRTOSV8.0.0/FreeRTOS/Source/queue.o
                                        0x886 (size before relaxing)
 .debug_str     0x00000000000008a0      0x9f8 ../../FreeRTOSV8.0.0/FreeRTOS/Source/tasks.o
                                        0xd05 (size before relaxing)
 .debug_str     0x0000000000001298       0x6d ../applications/main.o
                                        0x25a (size before relaxing)
 .debug_str     0x0000000000001305      0x15a ../applications/freertos_hooks.o
                                        0x326 (size before relaxing)
 .debug_str     0x000000000000145f      0x197 ../binary/armv7a/gcc/am335x/system_config/Release/libsystem_config.a(startup.o)
                                        0x1bb (size before relaxing)
 .debug_str     0x00000000000015f6      0x2b7 ../binary/armv7a/gcc/am335x/system_config/Release/libsystem_config.a(interrupt.o)
                                        0x406 (size before relaxing)

.comment        0x0000000000000000       0x70
 .comment       0x0000000000000000       0x70 ../../FreeRTOSV8.0.0/FreeRTOS/Source/list.o
                                         0x71 (size before relaxing)
 .comment       0x0000000000000000       0x71 ../../FreeRTOSV8.0.0/FreeRTOS/Source/queue.o
 .comment       0x0000000000000000       0x71 ../../FreeRTOSV8.0.0/FreeRTOS/Source/tasks.o
 .comment       0x0000000000000000       0x71 ../applications/main.o
 .comment       0x0000000000000000       0x71 ../applications/freertos_hooks.o
 .comment       0x0000000000000000       0x71 ../binary/armv7a/gcc/am335x/system_config/Release/libsystem_config.a(startup.o)
 .comment       0x0000000000000000       0x71 ../binary/armv7a/gcc/am335x/system_config/Release/libsystem_config.a(interrupt.o)

.ARM.attributes
                0x0000000000000000       0x3b
 .ARM.attributes
                0x0000000000000000       0x37 ../../FreeRTOSV8.0.0/FreeRTOS/Source/list.o
 .ARM.attributes
                0x0000000000000037       0x37 ../../FreeRTOSV8.0.0/FreeRTOS/Source/queue.o
 .ARM.attributes
                0x000000000000006e       0x37 ../../FreeRTOSV8.0.0/FreeRTOS/Source/tasks.o
 .ARM.attributes
                0x00000000000000a5       0x37 ../applications/main.o
 .ARM.attributes
                0x00000000000000dc       0x37 ../applications/freertos_hooks.o
 .ARM.attributes
                0x0000000000000113       0x23 ../binary/armv7a/gcc/am335x/system_config/Release/libsystem_config.a(init.o)
 .ARM.attributes
                0x0000000000000136       0x3d ../binary/armv7a/gcc/am335x/system_config/Release/libsystem_config.a(startup.o)
 .ARM.attributes
                0x0000000000000173       0x23 ../binary/armv7a/gcc/am335x/system_config/Release/libsystem_config.a(cp15.o)
 .ARM.attributes
                0x0000000000000196       0x23 ../binary/armv7a/gcc/am335x/system_config/Release/libsystem_config.a(exceptionhandler.o)
 .ARM.attributes
                0x00000000000001b9       0x3d ../binary/armv7a/gcc/am335x/system_config/Release/libsystem_config.a(interrupt.o)
 .ARM.attributes
                0x00000000000001f6       0x18 /opt/linaro/gcc-arm-none-eabi-4_7-2012q4/lib/gcc/arm-none-eabi/4.7.3//libgcc.a(_udivsi3.o)
 .ARM.attributes
                0x000000000000020e       0x18 /opt/linaro/gcc-arm-none-eabi-4_7-2012q4/lib/gcc/arm-none-eabi/4.7.3//libgcc.a(_divsi3.o)
 .ARM.attributes
                0x0000000000000226       0x18 /opt/linaro/gcc-arm-none-eabi-4_7-2012q4/lib/gcc/arm-none-eabi/4.7.3//libgcc.a(_dvmd_tls.o)

.debug_frame    0x0000000000000000      0xc18
 .debug_frame   0x0000000000000000       0x68 ../../FreeRTOSV8.0.0/FreeRTOS/Source/list.o
 .debug_frame   0x0000000000000068      0x364 ../../FreeRTOSV8.0.0/FreeRTOS/Source/queue.o
 .debug_frame   0x00000000000003cc      0x480 ../../FreeRTOSV8.0.0/FreeRTOS/Source/tasks.o
 .debug_frame   0x000000000000084c       0x6c ../applications/main.o
 .debug_frame   0x00000000000008b8       0xc0 ../applications/freertos_hooks.o
 .debug_frame   0x0000000000000978       0x28 ../binary/armv7a/gcc/am335x/system_config/Release/libsystem_config.a(startup.o)
 .debug_frame   0x00000000000009a0      0x238 ../binary/armv7a/gcc/am335x/system_config/Release/libsystem_config.a(interrupt.o)
 .debug_frame   0x0000000000000bd8       0x20 /opt/linaro/gcc-arm-none-eabi-4_7-2012q4/lib/gcc/arm-none-eabi/4.7.3//libgcc.a(_udivsi3.o)
 .debug_frame   0x0000000000000bf8       0x20 /opt/linaro/gcc-arm-none-eabi-4_7-2012q4/lib/gcc/arm-none-eabi/4.7.3//libgcc.a(_divsi3.o)
